============================= test session starts ==============================
platform darwin -- Python 3.12.13, pytest-9.1.1, pluggy-1.6.0
rootdir: /Users/ulissescorrea/Projetos/Iana/ensinado-aprendizado-maquina-back
configfile: pytest.ini
plugins: anyio-4.14.0, asyncio-1.4.0
asyncio: mode=Mode.STRICT, debug=False, asyncio_default_fixture_loop_scope=None, asyncio_default_test_loop_scope=function
collected 291 items

tests/test_artefatos.py ....EEEEEEE                                      [  3%]
tests/test_atividade.py EEEEEEEEEE..EEEEEEEEFFEEE                        [ 12%]
tests/test_autenticacao.py EEEEEEEE                                      [ 15%]
tests/test_chat_tutor.py EEEEE..                                         [ 17%]
tests/test_coleta_dados_csv.py EEEEEEEEEE                                [ 20%]
tests/test_coleta_url.py ..........E                                     [ 24%]
tests/test_conf_pipeline_catalogo.py EEEEEEE                             [ 27%]
tests/test_conf_pipeline_execucao.py EEEEEEEEEEEEE                       [ 31%]
tests/test_conf_pipeline_habilitado.py EEEE                              [ 32%]
tests/test_dataset_config.py ..................                          [ 39%]
tests/test_endpoints.py EEEEEEEEE                                        [ 42%]
tests/test_funcoes_genericas.py ..........................               [ 51%]
tests/test_metricas_avaliacao.py EEEEEEEEEE                              [ 54%]
tests/test_mlflow_client.py ....                                         [ 56%]
tests/test_pipelines.py EEEEEEEEE                                        [ 59%]
tests/test_sandbox_runner.py .......s                                    [ 61%]
tests/test_schemas.py ....                                               [ 63%]
tests/test_security.py ......                                            [ 65%]
tests/test_seed.py ............                                          [ 69%]
tests/test_toy_datasets.py EEEEEEEEEEEEEEEEEEEEE                         [ 76%]
tests/test_treinamento.py EEEEEEE                                        [ 79%]
tests/test_treinamento_preprocessamento.py .................             [ 84%]
tests/test_treino_generico.py EEE                                        [ 85%]
tests/test_tutor.py EEEEEEEEEE                                           [ 89%]
tests/test_tutor_audit.py EE                                             [ 90%]
tests/test_tutor_kb.py ....                                              [ 91%]
tests/test_usuarios.py EEEEEEEEE                                         [ 94%]
tests/test_validacao_objectid.py ......EEE                               [ 97%]
tests/test_visualizacao.py EEEEEEE                                       [100%]

==================================== ERRORS ====================================
________ ERROR at setup of TestListarRuns.test_admin_lista_por_usuario _________

self = <Coroutine test_admin_lista_por_usuario>

    def setup(self) -> None:
        runner_fixture_id = f"_{self._loop_scope}_scoped_runner"
        if runner_fixture_id not in self.fixturenames:
            self.fixturenames.append(runner_fixture_id)
        # When loop factories are configured, resolve the loop factory
        # fixture early so that a factory variant change cascades cache
        # invalidation before any async fixture checks its cache.
        hook_caller = self.config.hook.pytest_asyncio_loop_factories
        if hook_caller.get_hookimpls():
            _ = self._request.getfixturevalue(_asyncio_loop_factory.__name__)
>       return super().setup()
               ^^^^^^^^^^^^^^^

.venv/lib/python3.12/site-packages/pytest_asyncio/plugin.py:558: 
_ _ _ _ _ _ _ _ _ _ _ _ _ _ _ _ _ _ _ _ _ _ _ _ _ _ _ _ _ _ _ _ _ _ _ _ _ _ _ _ 
.venv/lib/python3.12/site-packages/pytest_asyncio/plugin.py:944: in pytest_fixture_setup
    hook_result = yield
                  ^^^^^
.venv/lib/python3.12/site-packages/pytest_asyncio/plugin.py:407: in _asyncgen_fixture_wrapper
    result = runner.run(setup(), context=context)
             ^^^^^^^^^^^^^^^^^^^^^^^^^^^^^^^^^^^^
/opt/homebrew/Cellar/python@3.12/3.12.13_4/Frameworks/Python.framework/Versions/3.12/lib/python3.12/asyncio/runners.py:118: in run
    return self._loop.run_until_complete(task)
           ^^^^^^^^^^^^^^^^^^^^^^^^^^^^^^^^^^^
/opt/homebrew/Cellar/python@3.12/3.12.13_4/Frameworks/Python.framework/Versions/3.12/lib/python3.12/asyncio/base_events.py:691: in run_until_complete
    return future.result()
           ^^^^^^^^^^^^^^^
.venv/lib/python3.12/site-packages/pytest_asyncio/plugin.py:403: in setup
    res = await gen_obj.__anext__()
          ^^^^^^^^^^^^^^^^^^^^^^^^^
tests/conftest.py:96: in client
    from app.main import app
app/main.py:41: in <module>
    from app.routers import sistema
_ _ _ _ _ _ _ _ _ _ _ _ _ _ _ _ _ _ _ _ _ _ _ _ _ _ _ _ _ _ _ _ _ _ _ _ _ _ _ _ 

    from fastapi import APIRouter, Depends, HTTPException
    from typing import List
    from datetime import datetime
    from app.database import erros_sistema
    from app.schemas.sistema import ErrorLogCreate, ErrorLogResponse
    from app.security import get_usuario_atual
>   from app.schemas.auth import UserInDB
E   ModuleNotFoundError: No module named 'app.schemas.auth'

app/routers/sistema.py:7: ModuleNotFoundError
------------------------------ Captured log setup ------------------------------
WARNING  matplotlib.style.core:core.py:213 In /Users/ulissescorrea/Projetos/Iana/ensinado-aprendizado-maquina-back/.venv/lib/python3.12/site-packages/matplotlib/mpl-data/stylelib/classic.mplstyle: 'parseString' deprecated - use 'parse_string'
WARNING  matplotlib.style.core:core.py:213 In /Users/ulissescorrea/Projetos/Iana/ensinado-aprendizado-maquina-back/.venv/lib/python3.12/site-packages/matplotlib/mpl-data/stylelib/classic.mplstyle: 'resetCache' deprecated - use 'reset_cache'
WARNING  matplotlib.style.core:core.py:213 In /Users/ulissescorrea/Projetos/Iana/ensinado-aprendizado-maquina-back/.venv/lib/python3.12/site-packages/matplotlib/mpl-data/stylelib/classic.mplstyle: 'parseString' deprecated - use 'parse_string'
WARNING  matplotlib.style.core:core.py:213 In /Users/ulissescorrea/Projetos/Iana/ensinado-aprendizado-maquina-back/.venv/lib/python3.12/site-packages/matplotlib/mpl-data/stylelib/classic.mplstyle: 'resetCache' deprecated - use 'reset_cache'
WARNING  matplotlib.style.core:core.py:213 In /Users/ulissescorrea/Projetos/Iana/ensinado-aprendizado-maquina-back/.venv/lib/python3.12/site-packages/matplotlib/mpl-data/stylelib/classic.mplstyle: 'parseString' deprecated - use 'parse_string'
WARNING  matplotlib.style.core:core.py:213 In /Users/ulissescorrea/Projetos/Iana/ensinado-aprendizado-maquina-back/.venv/lib/python3.12/site-packages/matplotlib/mpl-data/stylelib/classic.mplstyle: 'resetCache' deprecated - use 'reset_cache'
WARNING  matplotlib.style.core:core.py:213 In /Users/ulissescorrea/Projetos/Iana/ensinado-aprendizado-maquina-back/.venv/lib/python3.12/site-packages/matplotlib/mpl-data/stylelib/classic.mplstyle: 'parseString' deprecated - use 'parse_string'
WARNING  matplotlib.style.core:core.py:213 In /Users/ulissescorrea/Projetos/Iana/ensinado-aprendizado-maquina-back/.venv/lib/python3.12/site-packages/matplotlib/mpl-data/stylelib/classic.mplstyle: 'resetCache' deprecated - use 'reset_cache'
_________ ERROR at setup of TestListarRuns.test_aluno_nao_pode_listar __________

self = <Coroutine test_aluno_nao_pode_listar>

    def setup(self) -> None:
        runner_fixture_id = f"_{self._loop_scope}_scoped_runner"
        if runner_fixture_id not in self.fixturenames:
            self.fixturenames.append(runner_fixture_id)
        # When loop factories are configured, resolve the loop factory
        # fixture early so that a factory variant change cascades cache
        # invalidation before any async fixture checks its cache.
        hook_caller = self.config.hook.pytest_asyncio_loop_factories
        if hook_caller.get_hookimpls():
            _ = self._request.getfixturevalue(_asyncio_loop_factory.__name__)
>       return super().setup()
               ^^^^^^^^^^^^^^^

.venv/lib/python3.12/site-packages/pytest_asyncio/plugin.py:558: 
_ _ _ _ _ _ _ _ _ _ _ _ _ _ _ _ _ _ _ _ _ _ _ _ _ _ _ _ _ _ _ _ _ _ _ _ _ _ _ _ 
.venv/lib/python3.12/site-packages/pytest_asyncio/plugin.py:944: in pytest_fixture_setup
    hook_result = yield
                  ^^^^^
.venv/lib/python3.12/site-packages/pytest_asyncio/plugin.py:407: in _asyncgen_fixture_wrapper
    result = runner.run(setup(), context=context)
             ^^^^^^^^^^^^^^^^^^^^^^^^^^^^^^^^^^^^
/opt/homebrew/Cellar/python@3.12/3.12.13_4/Frameworks/Python.framework/Versions/3.12/lib/python3.12/asyncio/runners.py:118: in run
    return self._loop.run_until_complete(task)
           ^^^^^^^^^^^^^^^^^^^^^^^^^^^^^^^^^^^
/opt/homebrew/Cellar/python@3.12/3.12.13_4/Frameworks/Python.framework/Versions/3.12/lib/python3.12/asyncio/base_events.py:691: in run_until_complete
    return future.result()
           ^^^^^^^^^^^^^^^
.venv/lib/python3.12/site-packages/pytest_asyncio/plugin.py:403: in setup
    res = await gen_obj.__anext__()
          ^^^^^^^^^^^^^^^^^^^^^^^^^
tests/conftest.py:96: in client
    from app.main import app
app/main.py:41: in <module>
    from app.routers import sistema
_ _ _ _ _ _ _ _ _ _ _ _ _ _ _ _ _ _ _ _ _ _ _ _ _ _ _ _ _ _ _ _ _ _ _ _ _ _ _ _ 

    from fastapi import APIRouter, Depends, HTTPException
    from typing import List
    from datetime import datetime
    from app.database import erros_sistema
    from app.schemas.sistema import ErrorLogCreate, ErrorLogResponse
    from app.security import get_usuario_atual
>   from app.schemas.auth import UserInDB
E   ModuleNotFoundError: No module named 'app.schemas.auth'

app/routers/sistema.py:7: ModuleNotFoundError
________ ERROR at setup of TestListarRuns.test_lista_data_invalida_400 _________

self = <Coroutine test_lista_data_invalida_400>

    def setup(self) -> None:
        runner_fixture_id = f"_{self._loop_scope}_scoped_runner"
        if runner_fixture_id not in self.fixturenames:
            self.fixturenames.append(runner_fixture_id)
        # When loop factories are configured, resolve the loop factory
        # fixture early so that a factory variant change cascades cache
        # invalidation before any async fixture checks its cache.
        hook_caller = self.config.hook.pytest_asyncio_loop_factories
        if hook_caller.get_hookimpls():
            _ = self._request.getfixturevalue(_asyncio_loop_factory.__name__)
>       return super().setup()
               ^^^^^^^^^^^^^^^

.venv/lib/python3.12/site-packages/pytest_asyncio/plugin.py:558: 
_ _ _ _ _ _ _ _ _ _ _ _ _ _ _ _ _ _ _ _ _ _ _ _ _ _ _ _ _ _ _ _ _ _ _ _ _ _ _ _ 
.venv/lib/python3.12/site-packages/pytest_asyncio/plugin.py:944: in pytest_fixture_setup
    hook_result = yield
                  ^^^^^
.venv/lib/python3.12/site-packages/pytest_asyncio/plugin.py:407: in _asyncgen_fixture_wrapper
    result = runner.run(setup(), context=context)
             ^^^^^^^^^^^^^^^^^^^^^^^^^^^^^^^^^^^^
/opt/homebrew/Cellar/python@3.12/3.12.13_4/Frameworks/Python.framework/Versions/3.12/lib/python3.12/asyncio/runners.py:118: in run
    return self._loop.run_until_complete(task)
           ^^^^^^^^^^^^^^^^^^^^^^^^^^^^^^^^^^^
/opt/homebrew/Cellar/python@3.12/3.12.13_4/Frameworks/Python.framework/Versions/3.12/lib/python3.12/asyncio/base_events.py:691: in run_until_complete
    return future.result()
           ^^^^^^^^^^^^^^^
.venv/lib/python3.12/site-packages/pytest_asyncio/plugin.py:403: in setup
    res = await gen_obj.__anext__()
          ^^^^^^^^^^^^^^^^^^^^^^^^^
tests/conftest.py:96: in client
    from app.main import app
app/main.py:41: in <module>
    from app.routers import sistema
_ _ _ _ _ _ _ _ _ _ _ _ _ _ _ _ _ _ _ _ _ _ _ _ _ _ _ _ _ _ _ _ _ _ _ _ _ _ _ _ 

    from fastapi import APIRouter, Depends, HTTPException
    from typing import List
    from datetime import datetime
    from app.database import erros_sistema
    from app.schemas.sistema import ErrorLogCreate, ErrorLogResponse
    from app.security import get_usuario_atual
>   from app.schemas.auth import UserInDB
E   ModuleNotFoundError: No module named 'app.schemas.auth'

app/routers/sistema.py:7: ModuleNotFoundError
_____________ ERROR at setup of test_503_quando_mlflow_desativado ______________

self = <Coroutine test_503_quando_mlflow_desativado>

    def setup(self) -> None:
        runner_fixture_id = f"_{self._loop_scope}_scoped_runner"
        if runner_fixture_id not in self.fixturenames:
            self.fixturenames.append(runner_fixture_id)
        # When loop factories are configured, resolve the loop factory
        # fixture early so that a factory variant change cascades cache
        # invalidation before any async fixture checks its cache.
        hook_caller = self.config.hook.pytest_asyncio_loop_factories
        if hook_caller.get_hookimpls():
            _ = self._request.getfixturevalue(_asyncio_loop_factory.__name__)
>       return super().setup()
               ^^^^^^^^^^^^^^^

.venv/lib/python3.12/site-packages/pytest_asyncio/plugin.py:558: 
_ _ _ _ _ _ _ _ _ _ _ _ _ _ _ _ _ _ _ _ _ _ _ _ _ _ _ _ _ _ _ _ _ _ _ _ _ _ _ _ 
.venv/lib/python3.12/site-packages/pytest_asyncio/plugin.py:944: in pytest_fixture_setup
    hook_result = yield
                  ^^^^^
.venv/lib/python3.12/site-packages/pytest_asyncio/plugin.py:407: in _asyncgen_fixture_wrapper
    result = runner.run(setup(), context=context)
             ^^^^^^^^^^^^^^^^^^^^^^^^^^^^^^^^^^^^
/opt/homebrew/Cellar/python@3.12/3.12.13_4/Frameworks/Python.framework/Versions/3.12/lib/python3.12/asyncio/runners.py:118: in run
    return self._loop.run_until_complete(task)
           ^^^^^^^^^^^^^^^^^^^^^^^^^^^^^^^^^^^
/opt/homebrew/Cellar/python@3.12/3.12.13_4/Frameworks/Python.framework/Versions/3.12/lib/python3.12/asyncio/base_events.py:691: in run_until_complete
    return future.result()
           ^^^^^^^^^^^^^^^
.venv/lib/python3.12/site-packages/pytest_asyncio/plugin.py:403: in setup
    res = await gen_obj.__anext__()
          ^^^^^^^^^^^^^^^^^^^^^^^^^
tests/conftest.py:96: in client
    from app.main import app
app/main.py:41: in <module>
    from app.routers import sistema
_ _ _ _ _ _ _ _ _ _ _ _ _ _ _ _ _ _ _ _ _ _ _ _ _ _ _ _ _ _ _ _ _ _ _ _ _ _ _ _ 

    from fastapi import APIRouter, Depends, HTTPException
    from typing import List
    from datetime import datetime
    from app.database import erros_sistema
    from app.schemas.sistema import ErrorLogCreate, ErrorLogResponse
    from app.security import get_usuario_atual
>   from app.schemas.auth import UserInDB
E   ModuleNotFoundError: No module named 'app.schemas.auth'

app/routers/sistema.py:7: ModuleNotFoundError
_______________ ERROR at setup of test_404_quando_run_nao_existe _______________

self = <Coroutine test_404_quando_run_nao_existe>

    def setup(self) -> None:
        runner_fixture_id = f"_{self._loop_scope}_scoped_runner"
        if runner_fixture_id not in self.fixturenames:
            self.fixturenames.append(runner_fixture_id)
        # When loop factories are configured, resolve the loop factory
        # fixture early so that a factory variant change cascades cache
        # invalidation before any async fixture checks its cache.
        hook_caller = self.config.hook.pytest_asyncio_loop_factories
        if hook_caller.get_hookimpls():
            _ = self._request.getfixturevalue(_asyncio_loop_factory.__name__)
>       return super().setup()
               ^^^^^^^^^^^^^^^

.venv/lib/python3.12/site-packages/pytest_asyncio/plugin.py:558: 
_ _ _ _ _ _ _ _ _ _ _ _ _ _ _ _ _ _ _ _ _ _ _ _ _ _ _ _ _ _ _ _ _ _ _ _ _ _ _ _ 
.venv/lib/python3.12/site-packages/pytest_asyncio/plugin.py:944: in pytest_fixture_setup
    hook_result = yield
                  ^^^^^
.venv/lib/python3.12/site-packages/pytest_asyncio/plugin.py:407: in _asyncgen_fixture_wrapper
    result = runner.run(setup(), context=context)
             ^^^^^^^^^^^^^^^^^^^^^^^^^^^^^^^^^^^^
/opt/homebrew/Cellar/python@3.12/3.12.13_4/Frameworks/Python.framework/Versions/3.12/lib/python3.12/asyncio/runners.py:118: in run
    return self._loop.run_until_complete(task)
           ^^^^^^^^^^^^^^^^^^^^^^^^^^^^^^^^^^^
/opt/homebrew/Cellar/python@3.12/3.12.13_4/Frameworks/Python.framework/Versions/3.12/lib/python3.12/asyncio/base_events.py:691: in run_until_complete
    return future.result()
           ^^^^^^^^^^^^^^^
.venv/lib/python3.12/site-packages/pytest_asyncio/plugin.py:403: in setup
    res = await gen_obj.__anext__()
          ^^^^^^^^^^^^^^^^^^^^^^^^^
tests/conftest.py:96: in client
    from app.main import app
app/main.py:41: in <module>
    from app.routers import sistema
_ _ _ _ _ _ _ _ _ _ _ _ _ _ _ _ _ _ _ _ _ _ _ _ _ _ _ _ _ _ _ _ _ _ _ _ _ _ _ _ 

    from fastapi import APIRouter, Depends, HTTPException
    from typing import List
    from datetime import datetime
    from app.database import erros_sistema
    from app.schemas.sistema import ErrorLogCreate, ErrorLogResponse
    from app.security import get_usuario_atual
>   from app.schemas.auth import UserInDB
E   ModuleNotFoundError: No module named 'app.schemas.auth'

app/routers/sistema.py:7: ModuleNotFoundError
__________________ ERROR at setup of test_200_devolve_summary __________________

self = <Coroutine test_200_devolve_summary>

    def setup(self) -> None:
        runner_fixture_id = f"_{self._loop_scope}_scoped_runner"
        if runner_fixture_id not in self.fixturenames:
            self.fixturenames.append(runner_fixture_id)
        # When loop factories are configured, resolve the loop factory
        # fixture early so that a factory variant change cascades cache
        # invalidation before any async fixture checks its cache.
        hook_caller = self.config.hook.pytest_asyncio_loop_factories
        if hook_caller.get_hookimpls():
            _ = self._request.getfixturevalue(_asyncio_loop_factory.__name__)
>       return super().setup()
               ^^^^^^^^^^^^^^^

.venv/lib/python3.12/site-packages/pytest_asyncio/plugin.py:558: 
_ _ _ _ _ _ _ _ _ _ _ _ _ _ _ _ _ _ _ _ _ _ _ _ _ _ _ _ _ _ _ _ _ _ _ _ _ _ _ _ 
.venv/lib/python3.12/site-packages/pytest_asyncio/plugin.py:944: in pytest_fixture_setup
    hook_result = yield
                  ^^^^^
.venv/lib/python3.12/site-packages/pytest_asyncio/plugin.py:407: in _asyncgen_fixture_wrapper
    result = runner.run(setup(), context=context)
             ^^^^^^^^^^^^^^^^^^^^^^^^^^^^^^^^^^^^
/opt/homebrew/Cellar/python@3.12/3.12.13_4/Frameworks/Python.framework/Versions/3.12/lib/python3.12/asyncio/runners.py:118: in run
    return self._loop.run_until_complete(task)
           ^^^^^^^^^^^^^^^^^^^^^^^^^^^^^^^^^^^
/opt/homebrew/Cellar/python@3.12/3.12.13_4/Frameworks/Python.framework/Versions/3.12/lib/python3.12/asyncio/base_events.py:691: in run_until_complete
    return future.result()
           ^^^^^^^^^^^^^^^
.venv/lib/python3.12/site-packages/pytest_asyncio/plugin.py:403: in setup
    res = await gen_obj.__anext__()
          ^^^^^^^^^^^^^^^^^^^^^^^^^
tests/conftest.py:96: in client
    from app.main import app
app/main.py:41: in <module>
    from app.routers import sistema
_ _ _ _ _ _ _ _ _ _ _ _ _ _ _ _ _ _ _ _ _ _ _ _ _ _ _ _ _ _ _ _ _ _ _ _ _ _ _ _ 

    from fastapi import APIRouter, Depends, HTTPException
    from typing import List
    from datetime import datetime
    from app.database import erros_sistema
    from app.schemas.sistema import ErrorLogCreate, ErrorLogResponse
    from app.security import get_usuario_atual
>   from app.schemas.auth import UserInDB
E   ModuleNotFoundError: No module named 'app.schemas.auth'

app/routers/sistema.py:7: ModuleNotFoundError
__________________ ERROR at setup of test_400_run_id_invalido __________________

self = <Coroutine test_400_run_id_invalido>

    def setup(self) -> None:
        runner_fixture_id = f"_{self._loop_scope}_scoped_runner"
        if runner_fixture_id not in self.fixturenames:
            self.fixturenames.append(runner_fixture_id)
        # When loop factories are configured, resolve the loop factory
        # fixture early so that a factory variant change cascades cache
        # invalidation before any async fixture checks its cache.
        hook_caller = self.config.hook.pytest_asyncio_loop_factories
        if hook_caller.get_hookimpls():
            _ = self._request.getfixturevalue(_asyncio_loop_factory.__name__)
>       return super().setup()
               ^^^^^^^^^^^^^^^

.venv/lib/python3.12/site-packages/pytest_asyncio/plugin.py:558: 
_ _ _ _ _ _ _ _ _ _ _ _ _ _ _ _ _ _ _ _ _ _ _ _ _ _ _ _ _ _ _ _ _ _ _ _ _ _ _ _ 
.venv/lib/python3.12/site-packages/pytest_asyncio/plugin.py:944: in pytest_fixture_setup
    hook_result = yield
                  ^^^^^
.venv/lib/python3.12/site-packages/pytest_asyncio/plugin.py:407: in _asyncgen_fixture_wrapper
    result = runner.run(setup(), context=context)
             ^^^^^^^^^^^^^^^^^^^^^^^^^^^^^^^^^^^^
/opt/homebrew/Cellar/python@3.12/3.12.13_4/Frameworks/Python.framework/Versions/3.12/lib/python3.12/asyncio/runners.py:118: in run
    return self._loop.run_until_complete(task)
           ^^^^^^^^^^^^^^^^^^^^^^^^^^^^^^^^^^^
/opt/homebrew/Cellar/python@3.12/3.12.13_4/Frameworks/Python.framework/Versions/3.12/lib/python3.12/asyncio/base_events.py:691: in run_until_complete
    return future.result()
           ^^^^^^^^^^^^^^^
.venv/lib/python3.12/site-packages/pytest_asyncio/plugin.py:403: in setup
    res = await gen_obj.__anext__()
          ^^^^^^^^^^^^^^^^^^^^^^^^^
tests/conftest.py:96: in client
    from app.main import app
app/main.py:41: in <module>
    from app.routers import sistema
_ _ _ _ _ _ _ _ _ _ _ _ _ _ _ _ _ _ _ _ _ _ _ _ _ _ _ _ _ _ _ _ _ _ _ _ _ _ _ _ 

    from fastapi import APIRouter, Depends, HTTPException
    from typing import List
    from datetime import datetime
    from app.database import erros_sistema
    from app.schemas.sistema import ErrorLogCreate, ErrorLogResponse
    from app.security import get_usuario_atual
>   from app.schemas.auth import UserInDB
E   ModuleNotFoundError: No module named 'app.schemas.auth'

app/routers/sistema.py:7: ModuleNotFoundError
_______ ERROR at setup of TestRegistrarAtividade.test_lote_grava_eventos _______

self = <Coroutine test_lote_grava_eventos>

    def setup(self) -> None:
        runner_fixture_id = f"_{self._loop_scope}_scoped_runner"
        if runner_fixture_id not in self.fixturenames:
            self.fixturenames.append(runner_fixture_id)
        # When loop factories are configured, resolve the loop factory
        # fixture early so that a factory variant change cascades cache
        # invalidation before any async fixture checks its cache.
        hook_caller = self.config.hook.pytest_asyncio_loop_factories
        if hook_caller.get_hookimpls():
            _ = self._request.getfixturevalue(_asyncio_loop_factory.__name__)
>       return super().setup()
               ^^^^^^^^^^^^^^^

.venv/lib/python3.12/site-packages/pytest_asyncio/plugin.py:558: 
_ _ _ _ _ _ _ _ _ _ _ _ _ _ _ _ _ _ _ _ _ _ _ _ _ _ _ _ _ _ _ _ _ _ _ _ _ _ _ _ 
.venv/lib/python3.12/site-packages/pytest_asyncio/plugin.py:944: in pytest_fixture_setup
    hook_result = yield
                  ^^^^^
.venv/lib/python3.12/site-packages/pytest_asyncio/plugin.py:407: in _asyncgen_fixture_wrapper
    result = runner.run(setup(), context=context)
             ^^^^^^^^^^^^^^^^^^^^^^^^^^^^^^^^^^^^
/opt/homebrew/Cellar/python@3.12/3.12.13_4/Frameworks/Python.framework/Versions/3.12/lib/python3.12/asyncio/runners.py:118: in run
    return self._loop.run_until_complete(task)
           ^^^^^^^^^^^^^^^^^^^^^^^^^^^^^^^^^^^
/opt/homebrew/Cellar/python@3.12/3.12.13_4/Frameworks/Python.framework/Versions/3.12/lib/python3.12/asyncio/base_events.py:691: in run_until_complete
    return future.result()
           ^^^^^^^^^^^^^^^
.venv/lib/python3.12/site-packages/pytest_asyncio/plugin.py:403: in setup
    res = await gen_obj.__anext__()
          ^^^^^^^^^^^^^^^^^^^^^^^^^
tests/conftest.py:96: in client
    from app.main import app
app/main.py:41: in <module>
    from app.routers import sistema
_ _ _ _ _ _ _ _ _ _ _ _ _ _ _ _ _ _ _ _ _ _ _ _ _ _ _ _ _ _ _ _ _ _ _ _ _ _ _ _ 

    from fastapi import APIRouter, Depends, HTTPException
    from typing import List
    from datetime import datetime
    from app.database import erros_sistema
    from app.schemas.sistema import ErrorLogCreate, ErrorLogResponse
    from app.security import get_usuario_atual
>   from app.schemas.auth import UserInDB
E   ModuleNotFoundError: No module named 'app.schemas.auth'

app/routers/sistema.py:7: ModuleNotFoundError
_ ERROR at setup of TestRegistrarAtividade.test_lote_acima_do_limite_retorna_413 _

self = <Coroutine test_lote_acima_do_limite_retorna_413>

    def setup(self) -> None:
        runner_fixture_id = f"_{self._loop_scope}_scoped_runner"
        if runner_fixture_id not in self.fixturenames:
            self.fixturenames.append(runner_fixture_id)
        # When loop factories are configured, resolve the loop factory
        # fixture early so that a factory variant change cascades cache
        # invalidation before any async fixture checks its cache.
        hook_caller = self.config.hook.pytest_asyncio_loop_factories
        if hook_caller.get_hookimpls():
            _ = self._request.getfixturevalue(_asyncio_loop_factory.__name__)
>       return super().setup()
               ^^^^^^^^^^^^^^^

.venv/lib/python3.12/site-packages/pytest_asyncio/plugin.py:558: 
_ _ _ _ _ _ _ _ _ _ _ _ _ _ _ _ _ _ _ _ _ _ _ _ _ _ _ _ _ _ _ _ _ _ _ _ _ _ _ _ 
.venv/lib/python3.12/site-packages/pytest_asyncio/plugin.py:944: in pytest_fixture_setup
    hook_result = yield
                  ^^^^^
.venv/lib/python3.12/site-packages/pytest_asyncio/plugin.py:407: in _asyncgen_fixture_wrapper
    result = runner.run(setup(), context=context)
             ^^^^^^^^^^^^^^^^^^^^^^^^^^^^^^^^^^^^
/opt/homebrew/Cellar/python@3.12/3.12.13_4/Frameworks/Python.framework/Versions/3.12/lib/python3.12/asyncio/runners.py:118: in run
    return self._loop.run_until_complete(task)
           ^^^^^^^^^^^^^^^^^^^^^^^^^^^^^^^^^^^
/opt/homebrew/Cellar/python@3.12/3.12.13_4/Frameworks/Python.framework/Versions/3.12/lib/python3.12/asyncio/base_events.py:691: in run_until_complete
    return future.result()
           ^^^^^^^^^^^^^^^
.venv/lib/python3.12/site-packages/pytest_asyncio/plugin.py:403: in setup
    res = await gen_obj.__anext__()
          ^^^^^^^^^^^^^^^^^^^^^^^^^
tests/conftest.py:96: in client
    from app.main import app
app/main.py:41: in <module>
    from app.routers import sistema
_ _ _ _ _ _ _ _ _ _ _ _ _ _ _ _ _ _ _ _ _ _ _ _ _ _ _ _ _ _ _ _ _ _ _ _ _ _ _ _ 

    from fastapi import APIRouter, Depends, HTTPException
    from typing import List
    from datetime import datetime
    from app.database import erros_sistema
    from app.schemas.sistema import ErrorLogCreate, ErrorLogResponse
    from app.security import get_usuario_atual
>   from app.schemas.auth import UserInDB
E   ModuleNotFoundError: No module named 'app.schemas.auth'

app/routers/sistema.py:7: ModuleNotFoundError
____ ERROR at setup of TestRegistrarAtividade.test_lote_exige_autenticacao _____

self = <Coroutine test_lote_exige_autenticacao>

    def setup(self) -> None:
        runner_fixture_id = f"_{self._loop_scope}_scoped_runner"
        if runner_fixture_id not in self.fixturenames:
            self.fixturenames.append(runner_fixture_id)
        # When loop factories are configured, resolve the loop factory
        # fixture early so that a factory variant change cascades cache
        # invalidation before any async fixture checks its cache.
        hook_caller = self.config.hook.pytest_asyncio_loop_factories
        if hook_caller.get_hookimpls():
            _ = self._request.getfixturevalue(_asyncio_loop_factory.__name__)
>       return super().setup()
               ^^^^^^^^^^^^^^^

.venv/lib/python3.12/site-packages/pytest_asyncio/plugin.py:558: 
_ _ _ _ _ _ _ _ _ _ _ _ _ _ _ _ _ _ _ _ _ _ _ _ _ _ _ _ _ _ _ _ _ _ _ _ _ _ _ _ 
.venv/lib/python3.12/site-packages/pytest_asyncio/plugin.py:944: in pytest_fixture_setup
    hook_result = yield
                  ^^^^^
.venv/lib/python3.12/site-packages/pytest_asyncio/plugin.py:407: in _asyncgen_fixture_wrapper
    result = runner.run(setup(), context=context)
             ^^^^^^^^^^^^^^^^^^^^^^^^^^^^^^^^^^^^
/opt/homebrew/Cellar/python@3.12/3.12.13_4/Frameworks/Python.framework/Versions/3.12/lib/python3.12/asyncio/runners.py:118: in run
    return self._loop.run_until_complete(task)
           ^^^^^^^^^^^^^^^^^^^^^^^^^^^^^^^^^^^
/opt/homebrew/Cellar/python@3.12/3.12.13_4/Frameworks/Python.framework/Versions/3.12/lib/python3.12/asyncio/base_events.py:691: in run_until_complete
    return future.result()
           ^^^^^^^^^^^^^^^
.venv/lib/python3.12/site-packages/pytest_asyncio/plugin.py:403: in setup
    res = await gen_obj.__anext__()
          ^^^^^^^^^^^^^^^^^^^^^^^^^
tests/conftest.py:96: in client
    from app.main import app
app/main.py:41: in <module>
    from app.routers import sistema
_ _ _ _ _ _ _ _ _ _ _ _ _ _ _ _ _ _ _ _ _ _ _ _ _ _ _ _ _ _ _ _ _ _ _ _ _ _ _ _ 

    from fastapi import APIRouter, Depends, HTTPException
    from typing import List
    from datetime import datetime
    from app.database import erros_sistema
    from app.schemas.sistema import ErrorLogCreate, ErrorLogResponse
    from app.security import get_usuario_atual
>   from app.schemas.auth import UserInDB
E   ModuleNotFoundError: No module named 'app.schemas.auth'

app/routers/sistema.py:7: ModuleNotFoundError
__________ ERROR at setup of TestRegistrarAtividade.test_evento_unico __________

self = <Coroutine test_evento_unico>

    def setup(self) -> None:
        runner_fixture_id = f"_{self._loop_scope}_scoped_runner"
        if runner_fixture_id not in self.fixturenames:
            self.fixturenames.append(runner_fixture_id)
        # When loop factories are configured, resolve the loop factory
        # fixture early so that a factory variant change cascades cache
        # invalidation before any async fixture checks its cache.
        hook_caller = self.config.hook.pytest_asyncio_loop_factories
        if hook_caller.get_hookimpls():
            _ = self._request.getfixturevalue(_asyncio_loop_factory.__name__)
>       return super().setup()
               ^^^^^^^^^^^^^^^

.venv/lib/python3.12/site-packages/pytest_asyncio/plugin.py:558: 
_ _ _ _ _ _ _ _ _ _ _ _ _ _ _ _ _ _ _ _ _ _ _ _ _ _ _ _ _ _ _ _ _ _ _ _ _ _ _ _ 
.venv/lib/python3.12/site-packages/pytest_asyncio/plugin.py:944: in pytest_fixture_setup
    hook_result = yield
                  ^^^^^
.venv/lib/python3.12/site-packages/pytest_asyncio/plugin.py:407: in _asyncgen_fixture_wrapper
    result = runner.run(setup(), context=context)
             ^^^^^^^^^^^^^^^^^^^^^^^^^^^^^^^^^^^^
/opt/homebrew/Cellar/python@3.12/3.12.13_4/Frameworks/Python.framework/Versions/3.12/lib/python3.12/asyncio/runners.py:118: in run
    return self._loop.run_until_complete(task)
           ^^^^^^^^^^^^^^^^^^^^^^^^^^^^^^^^^^^
/opt/homebrew/Cellar/python@3.12/3.12.13_4/Frameworks/Python.framework/Versions/3.12/lib/python3.12/asyncio/base_events.py:691: in run_until_complete
    return future.result()
           ^^^^^^^^^^^^^^^
.venv/lib/python3.12/site-packages/pytest_asyncio/plugin.py:403: in setup
    res = await gen_obj.__anext__()
          ^^^^^^^^^^^^^^^^^^^^^^^^^
tests/conftest.py:96: in client
    from app.main import app
app/main.py:41: in <module>
    from app.routers import sistema
_ _ _ _ _ _ _ _ _ _ _ _ _ _ _ _ _ _ _ _ _ _ _ _ _ _ _ _ _ _ _ _ _ _ _ _ _ _ _ _ 

    from fastapi import APIRouter, Depends, HTTPException
    from typing import List
    from datetime import datetime
    from app.database import erros_sistema
    from app.schemas.sistema import ErrorLogCreate, ErrorLogResponse
    from app.security import get_usuario_atual
>   from app.schemas.auth import UserInDB
E   ModuleNotFoundError: No module named 'app.schemas.auth'

app/routers/sistema.py:7: ModuleNotFoundError
___________ ERROR at setup of TestRateLimit.test_excesso_retorna_429 ___________

self = <Coroutine test_excesso_retorna_429>

    def setup(self) -> None:
        runner_fixture_id = f"_{self._loop_scope}_scoped_runner"
        if runner_fixture_id not in self.fixturenames:
            self.fixturenames.append(runner_fixture_id)
        # When loop factories are configured, resolve the loop factory
        # fixture early so that a factory variant change cascades cache
        # invalidation before any async fixture checks its cache.
        hook_caller = self.config.hook.pytest_asyncio_loop_factories
        if hook_caller.get_hookimpls():
            _ = self._request.getfixturevalue(_asyncio_loop_factory.__name__)
>       return super().setup()
               ^^^^^^^^^^^^^^^

.venv/lib/python3.12/site-packages/pytest_asyncio/plugin.py:558: 
_ _ _ _ _ _ _ _ _ _ _ _ _ _ _ _ _ _ _ _ _ _ _ _ _ _ _ _ _ _ _ _ _ _ _ _ _ _ _ _ 
.venv/lib/python3.12/site-packages/pytest_asyncio/plugin.py:944: in pytest_fixture_setup
    hook_result = yield
                  ^^^^^
.venv/lib/python3.12/site-packages/pytest_asyncio/plugin.py:407: in _asyncgen_fixture_wrapper
    result = runner.run(setup(), context=context)
             ^^^^^^^^^^^^^^^^^^^^^^^^^^^^^^^^^^^^
/opt/homebrew/Cellar/python@3.12/3.12.13_4/Frameworks/Python.framework/Versions/3.12/lib/python3.12/asyncio/runners.py:118: in run
    return self._loop.run_until_complete(task)
           ^^^^^^^^^^^^^^^^^^^^^^^^^^^^^^^^^^^
/opt/homebrew/Cellar/python@3.12/3.12.13_4/Frameworks/Python.framework/Versions/3.12/lib/python3.12/asyncio/base_events.py:691: in run_until_complete
    return future.result()
           ^^^^^^^^^^^^^^^
.venv/lib/python3.12/site-packages/pytest_asyncio/plugin.py:403: in setup
    res = await gen_obj.__anext__()
          ^^^^^^^^^^^^^^^^^^^^^^^^^
tests/conftest.py:96: in client
    from app.main import app
app/main.py:41: in <module>
    from app.routers import sistema
_ _ _ _ _ _ _ _ _ _ _ _ _ _ _ _ _ _ _ _ _ _ _ _ _ _ _ _ _ _ _ _ _ _ _ _ _ _ _ _ 

    from fastapi import APIRouter, Depends, HTTPException
    from typing import List
    from datetime import datetime
    from app.database import erros_sistema
    from app.schemas.sistema import ErrorLogCreate, ErrorLogResponse
    from app.security import get_usuario_atual
>   from app.schemas.auth import UserInDB
E   ModuleNotFoundError: No module named 'app.schemas.auth'

app/routers/sistema.py:7: ModuleNotFoundError
_________ ERROR at setup of TestRateLimit.test_dentro_do_limite_grava __________

self = <Coroutine test_dentro_do_limite_grava>

    def setup(self) -> None:
        runner_fixture_id = f"_{self._loop_scope}_scoped_runner"
        if runner_fixture_id not in self.fixturenames:
            self.fixturenames.append(runner_fixture_id)
        # When loop factories are configured, resolve the loop factory
        # fixture early so that a factory variant change cascades cache
        # invalidation before any async fixture checks its cache.
        hook_caller = self.config.hook.pytest_asyncio_loop_factories
        if hook_caller.get_hookimpls():
            _ = self._request.getfixturevalue(_asyncio_loop_factory.__name__)
>       return super().setup()
               ^^^^^^^^^^^^^^^

.venv/lib/python3.12/site-packages/pytest_asyncio/plugin.py:558: 
_ _ _ _ _ _ _ _ _ _ _ _ _ _ _ _ _ _ _ _ _ _ _ _ _ _ _ _ _ _ _ _ _ _ _ _ _ _ _ _ 
.venv/lib/python3.12/site-packages/pytest_asyncio/plugin.py:944: in pytest_fixture_setup
    hook_result = yield
                  ^^^^^
.venv/lib/python3.12/site-packages/pytest_asyncio/plugin.py:407: in _asyncgen_fixture_wrapper
    result = runner.run(setup(), context=context)
             ^^^^^^^^^^^^^^^^^^^^^^^^^^^^^^^^^^^^
/opt/homebrew/Cellar/python@3.12/3.12.13_4/Frameworks/Python.framework/Versions/3.12/lib/python3.12/asyncio/runners.py:118: in run
    return self._loop.run_until_complete(task)
           ^^^^^^^^^^^^^^^^^^^^^^^^^^^^^^^^^^^
/opt/homebrew/Cellar/python@3.12/3.12.13_4/Frameworks/Python.framework/Versions/3.12/lib/python3.12/asyncio/base_events.py:691: in run_until_complete
    return future.result()
           ^^^^^^^^^^^^^^^
.venv/lib/python3.12/site-packages/pytest_asyncio/plugin.py:403: in setup
    res = await gen_obj.__anext__()
          ^^^^^^^^^^^^^^^^^^^^^^^^^
tests/conftest.py:96: in client
    from app.main import app
app/main.py:41: in <module>
    from app.routers import sistema
_ _ _ _ _ _ _ _ _ _ _ _ _ _ _ _ _ _ _ _ _ _ _ _ _ _ _ _ _ _ _ _ _ _ _ _ _ _ _ _ 

    from fastapi import APIRouter, Depends, HTTPException
    from typing import List
    from datetime import datetime
    from app.database import erros_sistema
    from app.schemas.sistema import ErrorLogCreate, ErrorLogResponse
    from app.security import get_usuario_atual
>   from app.schemas.auth import UserInDB
E   ModuleNotFoundError: No module named 'app.schemas.auth'

app/routers/sistema.py:7: ModuleNotFoundError
________ ERROR at setup of TestValidacaoSchema.test_status_invalido_422 ________

self = <Coroutine test_status_invalido_422>

    def setup(self) -> None:
        runner_fixture_id = f"_{self._loop_scope}_scoped_runner"
        if runner_fixture_id not in self.fixturenames:
            self.fixturenames.append(runner_fixture_id)
        # When loop factories are configured, resolve the loop factory
        # fixture early so that a factory variant change cascades cache
        # invalidation before any async fixture checks its cache.
        hook_caller = self.config.hook.pytest_asyncio_loop_factories
        if hook_caller.get_hookimpls():
            _ = self._request.getfixturevalue(_asyncio_loop_factory.__name__)
>       return super().setup()
               ^^^^^^^^^^^^^^^

.venv/lib/python3.12/site-packages/pytest_asyncio/plugin.py:558: 
_ _ _ _ _ _ _ _ _ _ _ _ _ _ _ _ _ _ _ _ _ _ _ _ _ _ _ _ _ _ _ _ _ _ _ _ _ _ _ _ 
.venv/lib/python3.12/site-packages/pytest_asyncio/plugin.py:944: in pytest_fixture_setup
    hook_result = yield
                  ^^^^^
.venv/lib/python3.12/site-packages/pytest_asyncio/plugin.py:407: in _asyncgen_fixture_wrapper
    result = runner.run(setup(), context=context)
             ^^^^^^^^^^^^^^^^^^^^^^^^^^^^^^^^^^^^
/opt/homebrew/Cellar/python@3.12/3.12.13_4/Frameworks/Python.framework/Versions/3.12/lib/python3.12/asyncio/runners.py:118: in run
    return self._loop.run_until_complete(task)
           ^^^^^^^^^^^^^^^^^^^^^^^^^^^^^^^^^^^
/opt/homebrew/Cellar/python@3.12/3.12.13_4/Frameworks/Python.framework/Versions/3.12/lib/python3.12/asyncio/base_events.py:691: in run_until_complete
    return future.result()
           ^^^^^^^^^^^^^^^
.venv/lib/python3.12/site-packages/pytest_asyncio/plugin.py:403: in setup
    res = await gen_obj.__anext__()
          ^^^^^^^^^^^^^^^^^^^^^^^^^
tests/conftest.py:96: in client
    from app.main import app
app/main.py:41: in <module>
    from app.routers import sistema
_ _ _ _ _ _ _ _ _ _ _ _ _ _ _ _ _ _ _ _ _ _ _ _ _ _ _ _ _ _ _ _ _ _ _ _ _ _ _ _ 

    from fastapi import APIRouter, Depends, HTTPException
    from typing import List
    from datetime import datetime
    from app.database import erros_sistema
    from app.schemas.sistema import ErrorLogCreate, ErrorLogResponse
    from app.security import get_usuario_atual
>   from app.schemas.auth import UserInDB
E   ModuleNotFoundError: No module named 'app.schemas.auth'

app/routers/sistema.py:7: ModuleNotFoundError
_________ ERROR at setup of TestValidacaoSchema.test_tipo_invalido_422 _________

self = <Coroutine test_tipo_invalido_422>

    def setup(self) -> None:
        runner_fixture_id = f"_{self._loop_scope}_scoped_runner"
        if runner_fixture_id not in self.fixturenames:
            self.fixturenames.append(runner_fixture_id)
        # When loop factories are configured, resolve the loop factory
        # fixture early so that a factory variant change cascades cache
        # invalidation before any async fixture checks its cache.
        hook_caller = self.config.hook.pytest_asyncio_loop_factories
        if hook_caller.get_hookimpls():
            _ = self._request.getfixturevalue(_asyncio_loop_factory.__name__)
>       return super().setup()
               ^^^^^^^^^^^^^^^

.venv/lib/python3.12/site-packages/pytest_asyncio/plugin.py:558: 
_ _ _ _ _ _ _ _ _ _ _ _ _ _ _ _ _ _ _ _ _ _ _ _ _ _ _ _ _ _ _ _ _ _ _ _ _ _ _ _ 
.venv/lib/python3.12/site-packages/pytest_asyncio/plugin.py:944: in pytest_fixture_setup
    hook_result = yield
                  ^^^^^
.venv/lib/python3.12/site-packages/pytest_asyncio/plugin.py:407: in _asyncgen_fixture_wrapper
    result = runner.run(setup(), context=context)
             ^^^^^^^^^^^^^^^^^^^^^^^^^^^^^^^^^^^^
/opt/homebrew/Cellar/python@3.12/3.12.13_4/Frameworks/Python.framework/Versions/3.12/lib/python3.12/asyncio/runners.py:118: in run
    return self._loop.run_until_complete(task)
           ^^^^^^^^^^^^^^^^^^^^^^^^^^^^^^^^^^^
/opt/homebrew/Cellar/python@3.12/3.12.13_4/Frameworks/Python.framework/Versions/3.12/lib/python3.12/asyncio/base_events.py:691: in run_until_complete
    return future.result()
           ^^^^^^^^^^^^^^^
.venv/lib/python3.12/site-packages/pytest_asyncio/plugin.py:403: in setup
    res = await gen_obj.__anext__()
          ^^^^^^^^^^^^^^^^^^^^^^^^^
tests/conftest.py:96: in client
    from app.main import app
app/main.py:41: in <module>
    from app.routers import sistema
_ _ _ _ _ _ _ _ _ _ _ _ _ _ _ _ _ _ _ _ _ _ _ _ _ _ _ _ _ _ _ _ _ _ _ _ _ _ _ _ 

    from fastapi import APIRouter, Depends, HTTPException
    from typing import List
    from datetime import datetime
    from app.database import erros_sistema
    from app.schemas.sistema import ErrorLogCreate, ErrorLogResponse
    from app.security import get_usuario_atual
>   from app.schemas.auth import UserInDB
E   ModuleNotFoundError: No module named 'app.schemas.auth'

app/routers/sistema.py:7: ModuleNotFoundError
_______ ERROR at setup of TestValidacaoSchema.test_duracao_negativa_422 ________

self = <Coroutine test_duracao_negativa_422>

    def setup(self) -> None:
        runner_fixture_id = f"_{self._loop_scope}_scoped_runner"
        if runner_fixture_id not in self.fixturenames:
            self.fixturenames.append(runner_fixture_id)
        # When loop factories are configured, resolve the loop factory
        # fixture early so that a factory variant change cascades cache
        # invalidation before any async fixture checks its cache.
        hook_caller = self.config.hook.pytest_asyncio_loop_factories
        if hook_caller.get_hookimpls():
            _ = self._request.getfixturevalue(_asyncio_loop_factory.__name__)
>       return super().setup()
               ^^^^^^^^^^^^^^^

.venv/lib/python3.12/site-packages/pytest_asyncio/plugin.py:558: 
_ _ _ _ _ _ _ _ _ _ _ _ _ _ _ _ _ _ _ _ _ _ _ _ _ _ _ _ _ _ _ _ _ _ _ _ _ _ _ _ 
.venv/lib/python3.12/site-packages/pytest_asyncio/plugin.py:944: in pytest_fixture_setup
    hook_result = yield
                  ^^^^^
.venv/lib/python3.12/site-packages/pytest_asyncio/plugin.py:407: in _asyncgen_fixture_wrapper
    result = runner.run(setup(), context=context)
             ^^^^^^^^^^^^^^^^^^^^^^^^^^^^^^^^^^^^
/opt/homebrew/Cellar/python@3.12/3.12.13_4/Frameworks/Python.framework/Versions/3.12/lib/python3.12/asyncio/runners.py:118: in run
    return self._loop.run_until_complete(task)
           ^^^^^^^^^^^^^^^^^^^^^^^^^^^^^^^^^^^
/opt/homebrew/Cellar/python@3.12/3.12.13_4/Frameworks/Python.framework/Versions/3.12/lib/python3.12/asyncio/base_events.py:691: in run_until_complete
    return future.result()
           ^^^^^^^^^^^^^^^
.venv/lib/python3.12/site-packages/pytest_asyncio/plugin.py:403: in setup
    res = await gen_obj.__anext__()
          ^^^^^^^^^^^^^^^^^^^^^^^^^
tests/conftest.py:96: in client
    from app.main import app
app/main.py:41: in <module>
    from app.routers import sistema
_ _ _ _ _ _ _ _ _ _ _ _ _ _ _ _ _ _ _ _ _ _ _ _ _ _ _ _ _ _ _ _ _ _ _ _ _ _ _ _ 

    from fastapi import APIRouter, Depends, HTTPException
    from typing import List
    from datetime import datetime
    from app.database import erros_sistema
    from app.schemas.sistema import ErrorLogCreate, ErrorLogResponse
    from app.security import get_usuario_atual
>   from app.schemas.auth import UserInDB
E   ModuleNotFoundError: No module named 'app.schemas.auth'

app/routers/sistema.py:7: ModuleNotFoundError
__ ERROR at setup of TestValidacaoSchema.test_timestamp_invalido_e_descartado __

self = <Coroutine test_timestamp_invalido_e_descartado>

    def setup(self) -> None:
        runner_fixture_id = f"_{self._loop_scope}_scoped_runner"
        if runner_fixture_id not in self.fixturenames:
            self.fixturenames.append(runner_fixture_id)
        # When loop factories are configured, resolve the loop factory
        # fixture early so that a factory variant change cascades cache
        # invalidation before any async fixture checks its cache.
        hook_caller = self.config.hook.pytest_asyncio_loop_factories
        if hook_caller.get_hookimpls():
            _ = self._request.getfixturevalue(_asyncio_loop_factory.__name__)
>       return super().setup()
               ^^^^^^^^^^^^^^^

.venv/lib/python3.12/site-packages/pytest_asyncio/plugin.py:558: 
_ _ _ _ _ _ _ _ _ _ _ _ _ _ _ _ _ _ _ _ _ _ _ _ _ _ _ _ _ _ _ _ _ _ _ _ _ _ _ _ 
.venv/lib/python3.12/site-packages/pytest_asyncio/plugin.py:944: in pytest_fixture_setup
    hook_result = yield
                  ^^^^^
.venv/lib/python3.12/site-packages/pytest_asyncio/plugin.py:407: in _asyncgen_fixture_wrapper
    result = runner.run(setup(), context=context)
             ^^^^^^^^^^^^^^^^^^^^^^^^^^^^^^^^^^^^
/opt/homebrew/Cellar/python@3.12/3.12.13_4/Frameworks/Python.framework/Versions/3.12/lib/python3.12/asyncio/runners.py:118: in run
    return self._loop.run_until_complete(task)
           ^^^^^^^^^^^^^^^^^^^^^^^^^^^^^^^^^^^
/opt/homebrew/Cellar/python@3.12/3.12.13_4/Frameworks/Python.framework/Versions/3.12/lib/python3.12/asyncio/base_events.py:691: in run_until_complete
    return future.result()
           ^^^^^^^^^^^^^^^
.venv/lib/python3.12/site-packages/pytest_asyncio/plugin.py:403: in setup
    res = await gen_obj.__anext__()
          ^^^^^^^^^^^^^^^^^^^^^^^^^
tests/conftest.py:96: in client
    from app.main import app
app/main.py:41: in <module>
    from app.routers import sistema
_ _ _ _ _ _ _ _ _ _ _ _ _ _ _ _ _ _ _ _ _ _ _ _ _ _ _ _ _ _ _ _ _ _ _ _ _ _ _ _ 

    from fastapi import APIRouter, Depends, HTTPException
    from typing import List
    from datetime import datetime
    from app.database import erros_sistema
    from app.schemas.sistema import ErrorLogCreate, ErrorLogResponse
    from app.security import get_usuario_atual
>   from app.schemas.auth import UserInDB
E   ModuleNotFoundError: No module named 'app.schemas.auth'

app/routers/sistema.py:7: ModuleNotFoundError
_____ ERROR at setup of TestConsultaAtividades.test_aluno_nao_pode_listar ______

self = <Coroutine test_aluno_nao_pode_listar>

    def setup(self) -> None:
        runner_fixture_id = f"_{self._loop_scope}_scoped_runner"
        if runner_fixture_id not in self.fixturenames:
            self.fixturenames.append(runner_fixture_id)
        # When loop factories are configured, resolve the loop factory
        # fixture early so that a factory variant change cascades cache
        # invalidation before any async fixture checks its cache.
        hook_caller = self.config.hook.pytest_asyncio_loop_factories
        if hook_caller.get_hookimpls():
            _ = self._request.getfixturevalue(_asyncio_loop_factory.__name__)
>       return super().setup()
               ^^^^^^^^^^^^^^^

.venv/lib/python3.12/site-packages/pytest_asyncio/plugin.py:558: 
_ _ _ _ _ _ _ _ _ _ _ _ _ _ _ _ _ _ _ _ _ _ _ _ _ _ _ _ _ _ _ _ _ _ _ _ _ _ _ _ 
.venv/lib/python3.12/site-packages/pytest_asyncio/plugin.py:944: in pytest_fixture_setup
    hook_result = yield
                  ^^^^^
.venv/lib/python3.12/site-packages/pytest_asyncio/plugin.py:407: in _asyncgen_fixture_wrapper
    result = runner.run(setup(), context=context)
             ^^^^^^^^^^^^^^^^^^^^^^^^^^^^^^^^^^^^
/opt/homebrew/Cellar/python@3.12/3.12.13_4/Frameworks/Python.framework/Versions/3.12/lib/python3.12/asyncio/runners.py:118: in run
    return self._loop.run_until_complete(task)
           ^^^^^^^^^^^^^^^^^^^^^^^^^^^^^^^^^^^
/opt/homebrew/Cellar/python@3.12/3.12.13_4/Frameworks/Python.framework/Versions/3.12/lib/python3.12/asyncio/base_events.py:691: in run_until_complete
    return future.result()
           ^^^^^^^^^^^^^^^
.venv/lib/python3.12/site-packages/pytest_asyncio/plugin.py:403: in setup
    res = await gen_obj.__anext__()
          ^^^^^^^^^^^^^^^^^^^^^^^^^
tests/conftest.py:96: in client
    from app.main import app
app/main.py:41: in <module>
    from app.routers import sistema
_ _ _ _ _ _ _ _ _ _ _ _ _ _ _ _ _ _ _ _ _ _ _ _ _ _ _ _ _ _ _ _ _ _ _ _ _ _ _ _ 

    from fastapi import APIRouter, Depends, HTTPException
    from typing import List
    from datetime import datetime
    from app.database import erros_sistema
    from app.schemas.sistema import ErrorLogCreate, ErrorLogResponse
    from app.security import get_usuario_atual
>   from app.schemas.auth import UserInDB
E   ModuleNotFoundError: No module named 'app.schemas.auth'

app/routers/sistema.py:7: ModuleNotFoundError
__________ ERROR at setup of TestConsultaAtividades.test_admin_lista ___________

self = <Coroutine test_admin_lista>

    def setup(self) -> None:
        runner_fixture_id = f"_{self._loop_scope}_scoped_runner"
        if runner_fixture_id not in self.fixturenames:
            self.fixturenames.append(runner_fixture_id)
        # When loop factories are configured, resolve the loop factory
        # fixture early so that a factory variant change cascades cache
        # invalidation before any async fixture checks its cache.
        hook_caller = self.config.hook.pytest_asyncio_loop_factories
        if hook_caller.get_hookimpls():
            _ = self._request.getfixturevalue(_asyncio_loop_factory.__name__)
>       return super().setup()
               ^^^^^^^^^^^^^^^

.venv/lib/python3.12/site-packages/pytest_asyncio/plugin.py:558: 
_ _ _ _ _ _ _ _ _ _ _ _ _ _ _ _ _ _ _ _ _ _ _ _ _ _ _ _ _ _ _ _ _ _ _ _ _ _ _ _ 
.venv/lib/python3.12/site-packages/pytest_asyncio/plugin.py:944: in pytest_fixture_setup
    hook_result = yield
                  ^^^^^
.venv/lib/python3.12/site-packages/pytest_asyncio/plugin.py:407: in _asyncgen_fixture_wrapper
    result = runner.run(setup(), context=context)
             ^^^^^^^^^^^^^^^^^^^^^^^^^^^^^^^^^^^^
/opt/homebrew/Cellar/python@3.12/3.12.13_4/Frameworks/Python.framework/Versions/3.12/lib/python3.12/asyncio/runners.py:118: in run
    return self._loop.run_until_complete(task)
           ^^^^^^^^^^^^^^^^^^^^^^^^^^^^^^^^^^^
/opt/homebrew/Cellar/python@3.12/3.12.13_4/Frameworks/Python.framework/Versions/3.12/lib/python3.12/asyncio/base_events.py:691: in run_until_complete
    return future.result()
           ^^^^^^^^^^^^^^^
.venv/lib/python3.12/site-packages/pytest_asyncio/plugin.py:403: in setup
    res = await gen_obj.__anext__()
          ^^^^^^^^^^^^^^^^^^^^^^^^^
tests/conftest.py:96: in client
    from app.main import app
app/main.py:41: in <module>
    from app.routers import sistema
_ _ _ _ _ _ _ _ _ _ _ _ _ _ _ _ _ _ _ _ _ _ _ _ _ _ _ _ _ _ _ _ _ _ _ _ _ _ _ _ 

    from fastapi import APIRouter, Depends, HTTPException
    from typing import List
    from datetime import datetime
    from app.database import erros_sistema
    from app.schemas.sistema import ErrorLogCreate, ErrorLogResponse
    from app.security import get_usuario_atual
>   from app.schemas.auth import UserInDB
E   ModuleNotFoundError: No module named 'app.schemas.auth'

app/routers/sistema.py:7: ModuleNotFoundError
__________ ERROR at setup of TestConsultaAtividades.test_admin_resumo __________

self = <Coroutine test_admin_resumo>

    def setup(self) -> None:
        runner_fixture_id = f"_{self._loop_scope}_scoped_runner"
        if runner_fixture_id not in self.fixturenames:
            self.fixturenames.append(runner_fixture_id)
        # When loop factories are configured, resolve the loop factory
        # fixture early so that a factory variant change cascades cache
        # invalidation before any async fixture checks its cache.
        hook_caller = self.config.hook.pytest_asyncio_loop_factories
        if hook_caller.get_hookimpls():
            _ = self._request.getfixturevalue(_asyncio_loop_factory.__name__)
>       return super().setup()
               ^^^^^^^^^^^^^^^

.venv/lib/python3.12/site-packages/pytest_asyncio/plugin.py:558: 
_ _ _ _ _ _ _ _ _ _ _ _ _ _ _ _ _ _ _ _ _ _ _ _ _ _ _ _ _ _ _ _ _ _ _ _ _ _ _ _ 
.venv/lib/python3.12/site-packages/pytest_asyncio/plugin.py:944: in pytest_fixture_setup
    hook_result = yield
                  ^^^^^
.venv/lib/python3.12/site-packages/pytest_asyncio/plugin.py:407: in _asyncgen_fixture_wrapper
    result = runner.run(setup(), context=context)
             ^^^^^^^^^^^^^^^^^^^^^^^^^^^^^^^^^^^^
/opt/homebrew/Cellar/python@3.12/3.12.13_4/Frameworks/Python.framework/Versions/3.12/lib/python3.12/asyncio/runners.py:118: in run
    return self._loop.run_until_complete(task)
           ^^^^^^^^^^^^^^^^^^^^^^^^^^^^^^^^^^^
/opt/homebrew/Cellar/python@3.12/3.12.13_4/Frameworks/Python.framework/Versions/3.12/lib/python3.12/asyncio/base_events.py:691: in run_until_complete
    return future.result()
           ^^^^^^^^^^^^^^^
.venv/lib/python3.12/site-packages/pytest_asyncio/plugin.py:403: in setup
    res = await gen_obj.__anext__()
          ^^^^^^^^^^^^^^^^^^^^^^^^^
tests/conftest.py:96: in client
    from app.main import app
app/main.py:41: in <module>
    from app.routers import sistema
_ _ _ _ _ _ _ _ _ _ _ _ _ _ _ _ _ _ _ _ _ _ _ _ _ _ _ _ _ _ _ _ _ _ _ _ _ _ _ _ 

    from fastapi import APIRouter, Depends, HTTPException
    from typing import List
    from datetime import datetime
    from app.database import erros_sistema
    from app.schemas.sistema import ErrorLogCreate, ErrorLogResponse
    from app.security import get_usuario_atual
>   from app.schemas.auth import UserInDB
E   ModuleNotFoundError: No module named 'app.schemas.auth'

app/routers/sistema.py:7: ModuleNotFoundError
____ ERROR at setup of TestConsultaAtividades.test_resumo_vazio_nao_quebra _____

self = <Coroutine test_resumo_vazio_nao_quebra>

    def setup(self) -> None:
        runner_fixture_id = f"_{self._loop_scope}_scoped_runner"
        if runner_fixture_id not in self.fixturenames:
            self.fixturenames.append(runner_fixture_id)
        # When loop factories are configured, resolve the loop factory
        # fixture early so that a factory variant change cascades cache
        # invalidation before any async fixture checks its cache.
        hook_caller = self.config.hook.pytest_asyncio_loop_factories
        if hook_caller.get_hookimpls():
            _ = self._request.getfixturevalue(_asyncio_loop_factory.__name__)
>       return super().setup()
               ^^^^^^^^^^^^^^^

.venv/lib/python3.12/site-packages/pytest_asyncio/plugin.py:558: 
_ _ _ _ _ _ _ _ _ _ _ _ _ _ _ _ _ _ _ _ _ _ _ _ _ _ _ _ _ _ _ _ _ _ _ _ _ _ _ _ 
.venv/lib/python3.12/site-packages/pytest_asyncio/plugin.py:944: in pytest_fixture_setup
    hook_result = yield
                  ^^^^^
.venv/lib/python3.12/site-packages/pytest_asyncio/plugin.py:407: in _asyncgen_fixture_wrapper
    result = runner.run(setup(), context=context)
             ^^^^^^^^^^^^^^^^^^^^^^^^^^^^^^^^^^^^
/opt/homebrew/Cellar/python@3.12/3.12.13_4/Frameworks/Python.framework/Versions/3.12/lib/python3.12/asyncio/runners.py:118: in run
    return self._loop.run_until_complete(task)
           ^^^^^^^^^^^^^^^^^^^^^^^^^^^^^^^^^^^
/opt/homebrew/Cellar/python@3.12/3.12.13_4/Frameworks/Python.framework/Versions/3.12/lib/python3.12/asyncio/base_events.py:691: in run_until_complete
    return future.result()
           ^^^^^^^^^^^^^^^
.venv/lib/python3.12/site-packages/pytest_asyncio/plugin.py:403: in setup
    res = await gen_obj.__anext__()
          ^^^^^^^^^^^^^^^^^^^^^^^^^
tests/conftest.py:96: in client
    from app.main import app
app/main.py:41: in <module>
    from app.routers import sistema
_ _ _ _ _ _ _ _ _ _ _ _ _ _ _ _ _ _ _ _ _ _ _ _ _ _ _ _ _ _ _ _ _ _ _ _ _ _ _ _ 

    from fastapi import APIRouter, Depends, HTTPException
    from typing import List
    from datetime import datetime
    from app.database import erros_sistema
    from app.schemas.sistema import ErrorLogCreate, ErrorLogResponse
    from app.security import get_usuario_atual
>   from app.schemas.auth import UserInDB
E   ModuleNotFoundError: No module named 'app.schemas.auth'

app/routers/sistema.py:7: ModuleNotFoundError
________ ERROR at setup of TestConsultaAtividades.test_listar_sem_total ________

self = <Coroutine test_listar_sem_total>

    def setup(self) -> None:
        runner_fixture_id = f"_{self._loop_scope}_scoped_runner"
        if runner_fixture_id not in self.fixturenames:
            self.fixturenames.append(runner_fixture_id)
        # When loop factories are configured, resolve the loop factory
        # fixture early so that a factory variant change cascades cache
        # invalidation before any async fixture checks its cache.
        hook_caller = self.config.hook.pytest_asyncio_loop_factories
        if hook_caller.get_hookimpls():
            _ = self._request.getfixturevalue(_asyncio_loop_factory.__name__)
>       return super().setup()
               ^^^^^^^^^^^^^^^

.venv/lib/python3.12/site-packages/pytest_asyncio/plugin.py:558: 
_ _ _ _ _ _ _ _ _ _ _ _ _ _ _ _ _ _ _ _ _ _ _ _ _ _ _ _ _ _ _ _ _ _ _ _ _ _ _ _ 
.venv/lib/python3.12/site-packages/pytest_asyncio/plugin.py:944: in pytest_fixture_setup
    hook_result = yield
                  ^^^^^
.venv/lib/python3.12/site-packages/pytest_asyncio/plugin.py:407: in _asyncgen_fixture_wrapper
    result = runner.run(setup(), context=context)
             ^^^^^^^^^^^^^^^^^^^^^^^^^^^^^^^^^^^^
/opt/homebrew/Cellar/python@3.12/3.12.13_4/Frameworks/Python.framework/Versions/3.12/lib/python3.12/asyncio/runners.py:118: in run
    return self._loop.run_until_complete(task)
           ^^^^^^^^^^^^^^^^^^^^^^^^^^^^^^^^^^^
/opt/homebrew/Cellar/python@3.12/3.12.13_4/Frameworks/Python.framework/Versions/3.12/lib/python3.12/asyncio/base_events.py:691: in run_until_complete
    return future.result()
           ^^^^^^^^^^^^^^^
.venv/lib/python3.12/site-packages/pytest_asyncio/plugin.py:403: in setup
    res = await gen_obj.__anext__()
          ^^^^^^^^^^^^^^^^^^^^^^^^^
tests/conftest.py:96: in client
    from app.main import app
app/main.py:41: in <module>
    from app.routers import sistema
_ _ _ _ _ _ _ _ _ _ _ _ _ _ _ _ _ _ _ _ _ _ _ _ _ _ _ _ _ _ _ _ _ _ _ _ _ _ _ _ 

    from fastapi import APIRouter, Depends, HTTPException
    from typing import List
    from datetime import datetime
    from app.database import erros_sistema
    from app.schemas.sistema import ErrorLogCreate, ErrorLogResponse
    from app.security import get_usuario_atual
>   from app.schemas.auth import UserInDB
E   ModuleNotFoundError: No module named 'app.schemas.auth'

app/routers/sistema.py:7: ModuleNotFoundError
____ ERROR at setup of TestConsultaAtividades.test_listar_data_invalida_400 ____

self = <Coroutine test_listar_data_invalida_400>

    def setup(self) -> None:
        runner_fixture_id = f"_{self._loop_scope}_scoped_runner"
        if runner_fixture_id not in self.fixturenames:
            self.fixturenames.append(runner_fixture_id)
        # When loop factories are configured, resolve the loop factory
        # fixture early so that a factory variant change cascades cache
        # invalidation before any async fixture checks its cache.
        hook_caller = self.config.hook.pytest_asyncio_loop_factories
        if hook_caller.get_hookimpls():
            _ = self._request.getfixturevalue(_asyncio_loop_factory.__name__)
>       return super().setup()
               ^^^^^^^^^^^^^^^

.venv/lib/python3.12/site-packages/pytest_asyncio/plugin.py:558: 
_ _ _ _ _ _ _ _ _ _ _ _ _ _ _ _ _ _ _ _ _ _ _ _ _ _ _ _ _ _ _ _ _ _ _ _ _ _ _ _ 
.venv/lib/python3.12/site-packages/pytest_asyncio/plugin.py:944: in pytest_fixture_setup
    hook_result = yield
                  ^^^^^
.venv/lib/python3.12/site-packages/pytest_asyncio/plugin.py:407: in _asyncgen_fixture_wrapper
    result = runner.run(setup(), context=context)
             ^^^^^^^^^^^^^^^^^^^^^^^^^^^^^^^^^^^^
/opt/homebrew/Cellar/python@3.12/3.12.13_4/Frameworks/Python.framework/Versions/3.12/lib/python3.12/asyncio/runners.py:118: in run
    return self._loop.run_until_complete(task)
           ^^^^^^^^^^^^^^^^^^^^^^^^^^^^^^^^^^^
/opt/homebrew/Cellar/python@3.12/3.12.13_4/Frameworks/Python.framework/Versions/3.12/lib/python3.12/asyncio/base_events.py:691: in run_until_complete
    return future.result()
           ^^^^^^^^^^^^^^^
.venv/lib/python3.12/site-packages/pytest_asyncio/plugin.py:403: in setup
    res = await gen_obj.__anext__()
          ^^^^^^^^^^^^^^^^^^^^^^^^^
tests/conftest.py:96: in client
    from app.main import app
app/main.py:41: in <module>
    from app.routers import sistema
_ _ _ _ _ _ _ _ _ _ _ _ _ _ _ _ _ _ _ _ _ _ _ _ _ _ _ _ _ _ _ _ _ _ _ _ _ _ _ _ 

    from fastapi import APIRouter, Depends, HTTPException
    from typing import List
    from datetime import datetime
    from app.database import erros_sistema
    from app.schemas.sistema import ErrorLogCreate, ErrorLogResponse
    from app.security import get_usuario_atual
>   from app.schemas.auth import UserInDB
E   ModuleNotFoundError: No module named 'app.schemas.auth'

app/routers/sistema.py:7: ModuleNotFoundError
__________ ERROR at setup of TestConsultaAtividades.test_tempo_preso ___________

self = <Coroutine test_tempo_preso>

    def setup(self) -> None:
        runner_fixture_id = f"_{self._loop_scope}_scoped_runner"
        if runner_fixture_id not in self.fixturenames:
            self.fixturenames.append(runner_fixture_id)
        # When loop factories are configured, resolve the loop factory
        # fixture early so that a factory variant change cascades cache
        # invalidation before any async fixture checks its cache.
        hook_caller = self.config.hook.pytest_asyncio_loop_factories
        if hook_caller.get_hookimpls():
            _ = self._request.getfixturevalue(_asyncio_loop_factory.__name__)
>       return super().setup()
               ^^^^^^^^^^^^^^^

.venv/lib/python3.12/site-packages/pytest_asyncio/plugin.py:558: 
_ _ _ _ _ _ _ _ _ _ _ _ _ _ _ _ _ _ _ _ _ _ _ _ _ _ _ _ _ _ _ _ _ _ _ _ _ _ _ _ 
.venv/lib/python3.12/site-packages/pytest_asyncio/plugin.py:944: in pytest_fixture_setup
    hook_result = yield
                  ^^^^^
.venv/lib/python3.12/site-packages/pytest_asyncio/plugin.py:407: in _asyncgen_fixture_wrapper
    result = runner.run(setup(), context=context)
             ^^^^^^^^^^^^^^^^^^^^^^^^^^^^^^^^^^^^
/opt/homebrew/Cellar/python@3.12/3.12.13_4/Frameworks/Python.framework/Versions/3.12/lib/python3.12/asyncio/runners.py:118: in run
    return self._loop.run_until_complete(task)
           ^^^^^^^^^^^^^^^^^^^^^^^^^^^^^^^^^^^
/opt/homebrew/Cellar/python@3.12/3.12.13_4/Frameworks/Python.framework/Versions/3.12/lib/python3.12/asyncio/base_events.py:691: in run_until_complete
    return future.result()
           ^^^^^^^^^^^^^^^
.venv/lib/python3.12/site-packages/pytest_asyncio/plugin.py:403: in setup
    res = await gen_obj.__anext__()
          ^^^^^^^^^^^^^^^^^^^^^^^^^
tests/conftest.py:96: in client
    from app.main import app
app/main.py:41: in <module>
    from app.routers import sistema
_ _ _ _ _ _ _ _ _ _ _ _ _ _ _ _ _ _ _ _ _ _ _ _ _ _ _ _ _ _ _ _ _ _ _ _ _ _ _ _ 

    from fastapi import APIRouter, Depends, HTTPException
    from typing import List
    from datetime import datetime
    from app.database import erros_sistema
    from app.schemas.sistema import ErrorLogCreate, ErrorLogResponse
    from app.security import get_usuario_atual
>   from app.schemas.auth import UserInDB
E   ModuleNotFoundError: No module named 'app.schemas.auth'

app/routers/sistema.py:7: ModuleNotFoundError
_____ ERROR at setup of TestConsultaAtividades.test_tempo_preso_aluno_403 ______

self = <Coroutine test_tempo_preso_aluno_403>

    def setup(self) -> None:
        runner_fixture_id = f"_{self._loop_scope}_scoped_runner"
        if runner_fixture_id not in self.fixturenames:
            self.fixturenames.append(runner_fixture_id)
        # When loop factories are configured, resolve the loop factory
        # fixture early so that a factory variant change cascades cache
        # invalidation before any async fixture checks its cache.
        hook_caller = self.config.hook.pytest_asyncio_loop_factories
        if hook_caller.get_hookimpls():
            _ = self._request.getfixturevalue(_asyncio_loop_factory.__name__)
>       return super().setup()
               ^^^^^^^^^^^^^^^

.venv/lib/python3.12/site-packages/pytest_asyncio/plugin.py:558: 
_ _ _ _ _ _ _ _ _ _ _ _ _ _ _ _ _ _ _ _ _ _ _ _ _ _ _ _ _ _ _ _ _ _ _ _ _ _ _ _ 
.venv/lib/python3.12/site-packages/pytest_asyncio/plugin.py:944: in pytest_fixture_setup
    hook_result = yield
                  ^^^^^
.venv/lib/python3.12/site-packages/pytest_asyncio/plugin.py:407: in _asyncgen_fixture_wrapper
    result = runner.run(setup(), context=context)
             ^^^^^^^^^^^^^^^^^^^^^^^^^^^^^^^^^^^^
/opt/homebrew/Cellar/python@3.12/3.12.13_4/Frameworks/Python.framework/Versions/3.12/lib/python3.12/asyncio/runners.py:118: in run
    return self._loop.run_until_complete(task)
           ^^^^^^^^^^^^^^^^^^^^^^^^^^^^^^^^^^^
/opt/homebrew/Cellar/python@3.12/3.12.13_4/Frameworks/Python.framework/Versions/3.12/lib/python3.12/asyncio/base_events.py:691: in run_until_complete
    return future.result()
           ^^^^^^^^^^^^^^^
.venv/lib/python3.12/site-packages/pytest_asyncio/plugin.py:403: in setup
    res = await gen_obj.__anext__()
          ^^^^^^^^^^^^^^^^^^^^^^^^^
tests/conftest.py:96: in client
    from app.main import app
app/main.py:41: in <module>
    from app.routers import sistema
_ _ _ _ _ _ _ _ _ _ _ _ _ _ _ _ _ _ _ _ _ _ _ _ _ _ _ _ _ _ _ _ _ _ _ _ _ _ _ _ 

    from fastapi import APIRouter, Depends, HTTPException
    from typing import List
    from datetime import datetime
    from app.database import erros_sistema
    from app.schemas.sistema import ErrorLogCreate, ErrorLogResponse
    from app.security import get_usuario_atual
>   from app.schemas.auth import UserInDB
E   ModuleNotFoundError: No module named 'app.schemas.auth'

app/routers/sistema.py:7: ModuleNotFoundError
____ ERROR at setup of TestChatRegistraAtividade.test_chat_sucesso_registra ____

self = <Coroutine test_chat_sucesso_registra>

    def setup(self) -> None:
        runner_fixture_id = f"_{self._loop_scope}_scoped_runner"
        if runner_fixture_id not in self.fixturenames:
            self.fixturenames.append(runner_fixture_id)
        # When loop factories are configured, resolve the loop factory
        # fixture early so that a factory variant change cascades cache
        # invalidation before any async fixture checks its cache.
        hook_caller = self.config.hook.pytest_asyncio_loop_factories
        if hook_caller.get_hookimpls():
            _ = self._request.getfixturevalue(_asyncio_loop_factory.__name__)
>       return super().setup()
               ^^^^^^^^^^^^^^^

.venv/lib/python3.12/site-packages/pytest_asyncio/plugin.py:558: 
_ _ _ _ _ _ _ _ _ _ _ _ _ _ _ _ _ _ _ _ _ _ _ _ _ _ _ _ _ _ _ _ _ _ _ _ _ _ _ _ 
.venv/lib/python3.12/site-packages/pytest_asyncio/plugin.py:944: in pytest_fixture_setup
    hook_result = yield
                  ^^^^^
.venv/lib/python3.12/site-packages/pytest_asyncio/plugin.py:407: in _asyncgen_fixture_wrapper
    result = runner.run(setup(), context=context)
             ^^^^^^^^^^^^^^^^^^^^^^^^^^^^^^^^^^^^
/opt/homebrew/Cellar/python@3.12/3.12.13_4/Frameworks/Python.framework/Versions/3.12/lib/python3.12/asyncio/runners.py:118: in run
    return self._loop.run_until_complete(task)
           ^^^^^^^^^^^^^^^^^^^^^^^^^^^^^^^^^^^
/opt/homebrew/Cellar/python@3.12/3.12.13_4/Frameworks/Python.framework/Versions/3.12/lib/python3.12/asyncio/base_events.py:691: in run_until_complete
    return future.result()
           ^^^^^^^^^^^^^^^
.venv/lib/python3.12/site-packages/pytest_asyncio/plugin.py:403: in setup
    res = await gen_obj.__anext__()
          ^^^^^^^^^^^^^^^^^^^^^^^^^
tests/conftest.py:96: in client
    from app.main import app
app/main.py:41: in <module>
    from app.routers import sistema
_ _ _ _ _ _ _ _ _ _ _ _ _ _ _ _ _ _ _ _ _ _ _ _ _ _ _ _ _ _ _ _ _ _ _ _ _ _ _ _ 

    from fastapi import APIRouter, Depends, HTTPException
    from typing import List
    from datetime import datetime
    from app.database import erros_sistema
    from app.schemas.sistema import ErrorLogCreate, ErrorLogResponse
    from app.security import get_usuario_atual
>   from app.schemas.auth import UserInDB
E   ModuleNotFoundError: No module named 'app.schemas.auth'

app/routers/sistema.py:7: ModuleNotFoundError
_ ERROR at setup of TestChatRegistraAtividade.test_chat_erro_registra_e_propaga _

self = <Coroutine test_chat_erro_registra_e_propaga>

    def setup(self) -> None:
        runner_fixture_id = f"_{self._loop_scope}_scoped_runner"
        if runner_fixture_id not in self.fixturenames:
            self.fixturenames.append(runner_fixture_id)
        # When loop factories are configured, resolve the loop factory
        # fixture early so that a factory variant change cascades cache
        # invalidation before any async fixture checks its cache.
        hook_caller = self.config.hook.pytest_asyncio_loop_factories
        if hook_caller.get_hookimpls():
            _ = self._request.getfixturevalue(_asyncio_loop_factory.__name__)
>       return super().setup()
               ^^^^^^^^^^^^^^^

.venv/lib/python3.12/site-packages/pytest_asyncio/plugin.py:558: 
_ _ _ _ _ _ _ _ _ _ _ _ _ _ _ _ _ _ _ _ _ _ _ _ _ _ _ _ _ _ _ _ _ _ _ _ _ _ _ _ 
.venv/lib/python3.12/site-packages/pytest_asyncio/plugin.py:944: in pytest_fixture_setup
    hook_result = yield
                  ^^^^^
.venv/lib/python3.12/site-packages/pytest_asyncio/plugin.py:407: in _asyncgen_fixture_wrapper
    result = runner.run(setup(), context=context)
             ^^^^^^^^^^^^^^^^^^^^^^^^^^^^^^^^^^^^
/opt/homebrew/Cellar/python@3.12/3.12.13_4/Frameworks/Python.framework/Versions/3.12/lib/python3.12/asyncio/runners.py:118: in run
    return self._loop.run_until_complete(task)
           ^^^^^^^^^^^^^^^^^^^^^^^^^^^^^^^^^^^
/opt/homebrew/Cellar/python@3.12/3.12.13_4/Frameworks/Python.framework/Versions/3.12/lib/python3.12/asyncio/base_events.py:691: in run_until_complete
    return future.result()
           ^^^^^^^^^^^^^^^
.venv/lib/python3.12/site-packages/pytest_asyncio/plugin.py:403: in setup
    res = await gen_obj.__anext__()
          ^^^^^^^^^^^^^^^^^^^^^^^^^
tests/conftest.py:96: in client
    from app.main import app
app/main.py:41: in <module>
    from app.routers import sistema
_ _ _ _ _ _ _ _ _ _ _ _ _ _ _ _ _ _ _ _ _ _ _ _ _ _ _ _ _ _ _ _ _ _ _ _ _ _ _ _ 

    from fastapi import APIRouter, Depends, HTTPException
    from typing import List
    from datetime import datetime
    from app.database import erros_sistema
    from app.schemas.sistema import ErrorLogCreate, ErrorLogResponse
    from app.security import get_usuario_atual
>   from app.schemas.auth import UserInDB
E   ModuleNotFoundError: No module named 'app.schemas.auth'

app/routers/sistema.py:7: ModuleNotFoundError
_ ERROR at setup of TestChatRegistraAtividade.test_falha_ao_registrar_nao_quebra_chat _

self = <Coroutine test_falha_ao_registrar_nao_quebra_chat>

    def setup(self) -> None:
        runner_fixture_id = f"_{self._loop_scope}_scoped_runner"
        if runner_fixture_id not in self.fixturenames:
            self.fixturenames.append(runner_fixture_id)
        # When loop factories are configured, resolve the loop factory
        # fixture early so that a factory variant change cascades cache
        # invalidation before any async fixture checks its cache.
        hook_caller = self.config.hook.pytest_asyncio_loop_factories
        if hook_caller.get_hookimpls():
            _ = self._request.getfixturevalue(_asyncio_loop_factory.__name__)
>       return super().setup()
               ^^^^^^^^^^^^^^^

.venv/lib/python3.12/site-packages/pytest_asyncio/plugin.py:558: 
_ _ _ _ _ _ _ _ _ _ _ _ _ _ _ _ _ _ _ _ _ _ _ _ _ _ _ _ _ _ _ _ _ _ _ _ _ _ _ _ 
.venv/lib/python3.12/site-packages/pytest_asyncio/plugin.py:944: in pytest_fixture_setup
    hook_result = yield
                  ^^^^^
.venv/lib/python3.12/site-packages/pytest_asyncio/plugin.py:407: in _asyncgen_fixture_wrapper
    result = runner.run(setup(), context=context)
             ^^^^^^^^^^^^^^^^^^^^^^^^^^^^^^^^^^^^
/opt/homebrew/Cellar/python@3.12/3.12.13_4/Frameworks/Python.framework/Versions/3.12/lib/python3.12/asyncio/runners.py:118: in run
    return self._loop.run_until_complete(task)
           ^^^^^^^^^^^^^^^^^^^^^^^^^^^^^^^^^^^
/opt/homebrew/Cellar/python@3.12/3.12.13_4/Frameworks/Python.framework/Versions/3.12/lib/python3.12/asyncio/base_events.py:691: in run_until_complete
    return future.result()
           ^^^^^^^^^^^^^^^
.venv/lib/python3.12/site-packages/pytest_asyncio/plugin.py:403: in setup
    res = await gen_obj.__anext__()
          ^^^^^^^^^^^^^^^^^^^^^^^^^
tests/conftest.py:96: in client
    from app.main import app
app/main.py:41: in <module>
    from app.routers import sistema
_ _ _ _ _ _ _ _ _ _ _ _ _ _ _ _ _ _ _ _ _ _ _ _ _ _ _ _ _ _ _ _ _ _ _ _ _ _ _ _ 

    from fastapi import APIRouter, Depends, HTTPException
    from typing import List
    from datetime import datetime
    from app.database import erros_sistema
    from app.schemas.sistema import ErrorLogCreate, ErrorLogResponse
    from app.security import get_usuario_atual
>   from app.schemas.auth import UserInDB
E   ModuleNotFoundError: No module named 'app.schemas.auth'

app/routers/sistema.py:7: ModuleNotFoundError
_________ ERROR at setup of TestLogin.test_login_credenciais_invalidas _________

self = <Coroutine test_login_credenciais_invalidas>

    def setup(self) -> None:
        runner_fixture_id = f"_{self._loop_scope}_scoped_runner"
        if runner_fixture_id not in self.fixturenames:
            self.fixturenames.append(runner_fixture_id)
        # When loop factories are configured, resolve the loop factory
        # fixture early so that a factory variant change cascades cache
        # invalidation before any async fixture checks its cache.
        hook_caller = self.config.hook.pytest_asyncio_loop_factories
        if hook_caller.get_hookimpls():
            _ = self._request.getfixturevalue(_asyncio_loop_factory.__name__)
>       return super().setup()
               ^^^^^^^^^^^^^^^

.venv/lib/python3.12/site-packages/pytest_asyncio/plugin.py:558: 
_ _ _ _ _ _ _ _ _ _ _ _ _ _ _ _ _ _ _ _ _ _ _ _ _ _ _ _ _ _ _ _ _ _ _ _ _ _ _ _ 
.venv/lib/python3.12/site-packages/pytest_asyncio/plugin.py:944: in pytest_fixture_setup
    hook_result = yield
                  ^^^^^
.venv/lib/python3.12/site-packages/pytest_asyncio/plugin.py:407: in _asyncgen_fixture_wrapper
    result = runner.run(setup(), context=context)
             ^^^^^^^^^^^^^^^^^^^^^^^^^^^^^^^^^^^^
/opt/homebrew/Cellar/python@3.12/3.12.13_4/Frameworks/Python.framework/Versions/3.12/lib/python3.12/asyncio/runners.py:118: in run
    return self._loop.run_until_complete(task)
           ^^^^^^^^^^^^^^^^^^^^^^^^^^^^^^^^^^^
/opt/homebrew/Cellar/python@3.12/3.12.13_4/Frameworks/Python.framework/Versions/3.12/lib/python3.12/asyncio/base_events.py:691: in run_until_complete
    return future.result()
           ^^^^^^^^^^^^^^^
.venv/lib/python3.12/site-packages/pytest_asyncio/plugin.py:403: in setup
    res = await gen_obj.__anext__()
          ^^^^^^^^^^^^^^^^^^^^^^^^^
tests/conftest.py:96: in client
    from app.main import app
app/main.py:41: in <module>
    from app.routers import sistema
_ _ _ _ _ _ _ _ _ _ _ _ _ _ _ _ _ _ _ _ _ _ _ _ _ _ _ _ _ _ _ _ _ _ _ _ _ _ _ _ 

    from fastapi import APIRouter, Depends, HTTPException
    from typing import List
    from datetime import datetime
    from app.database import erros_sistema
    from app.schemas.sistema import ErrorLogCreate, ErrorLogResponse
    from app.security import get_usuario_atual
>   from app.schemas.auth import UserInDB
E   ModuleNotFoundError: No module named 'app.schemas.auth'

app/routers/sistema.py:7: ModuleNotFoundError
____________ ERROR at setup of TestLogin.test_login_senha_incorreta ____________

self = <Coroutine test_login_senha_incorreta>

    def setup(self) -> None:
        runner_fixture_id = f"_{self._loop_scope}_scoped_runner"
        if runner_fixture_id not in self.fixturenames:
            self.fixturenames.append(runner_fixture_id)
        # When loop factories are configured, resolve the loop factory
        # fixture early so that a factory variant change cascades cache
        # invalidation before any async fixture checks its cache.
        hook_caller = self.config.hook.pytest_asyncio_loop_factories
        if hook_caller.get_hookimpls():
            _ = self._request.getfixturevalue(_asyncio_loop_factory.__name__)
>       return super().setup()
               ^^^^^^^^^^^^^^^

.venv/lib/python3.12/site-packages/pytest_asyncio/plugin.py:558: 
_ _ _ _ _ _ _ _ _ _ _ _ _ _ _ _ _ _ _ _ _ _ _ _ _ _ _ _ _ _ _ _ _ _ _ _ _ _ _ _ 
.venv/lib/python3.12/site-packages/pytest_asyncio/plugin.py:944: in pytest_fixture_setup
    hook_result = yield
                  ^^^^^
.venv/lib/python3.12/site-packages/pytest_asyncio/plugin.py:407: in _asyncgen_fixture_wrapper
    result = runner.run(setup(), context=context)
             ^^^^^^^^^^^^^^^^^^^^^^^^^^^^^^^^^^^^
/opt/homebrew/Cellar/python@3.12/3.12.13_4/Frameworks/Python.framework/Versions/3.12/lib/python3.12/asyncio/runners.py:118: in run
    return self._loop.run_until_complete(task)
           ^^^^^^^^^^^^^^^^^^^^^^^^^^^^^^^^^^^
/opt/homebrew/Cellar/python@3.12/3.12.13_4/Frameworks/Python.framework/Versions/3.12/lib/python3.12/asyncio/base_events.py:691: in run_until_complete
    return future.result()
           ^^^^^^^^^^^^^^^
.venv/lib/python3.12/site-packages/pytest_asyncio/plugin.py:403: in setup
    res = await gen_obj.__anext__()
          ^^^^^^^^^^^^^^^^^^^^^^^^^
tests/conftest.py:96: in client
    from app.main import app
app/main.py:41: in <module>
    from app.routers import sistema
_ _ _ _ _ _ _ _ _ _ _ _ _ _ _ _ _ _ _ _ _ _ _ _ _ _ _ _ _ _ _ _ _ _ _ _ _ _ _ _ 

    from fastapi import APIRouter, Depends, HTTPException
    from typing import List
    from datetime import datetime
    from app.database import erros_sistema
    from app.schemas.sistema import ErrorLogCreate, ErrorLogResponse
    from app.security import get_usuario_atual
>   from app.schemas.auth import UserInDB
E   ModuleNotFoundError: No module named 'app.schemas.auth'

app/routers/sistema.py:7: ModuleNotFoundError
________________ ERROR at setup of TestLogin.test_login_sucesso ________________

self = <Coroutine test_login_sucesso>

    def setup(self) -> None:
        runner_fixture_id = f"_{self._loop_scope}_scoped_runner"
        if runner_fixture_id not in self.fixturenames:
            self.fixturenames.append(runner_fixture_id)
        # When loop factories are configured, resolve the loop factory
        # fixture early so that a factory variant change cascades cache
        # invalidation before any async fixture checks its cache.
        hook_caller = self.config.hook.pytest_asyncio_loop_factories
        if hook_caller.get_hookimpls():
            _ = self._request.getfixturevalue(_asyncio_loop_factory.__name__)
>       return super().setup()
               ^^^^^^^^^^^^^^^

.venv/lib/python3.12/site-packages/pytest_asyncio/plugin.py:558: 
_ _ _ _ _ _ _ _ _ _ _ _ _ _ _ _ _ _ _ _ _ _ _ _ _ _ _ _ _ _ _ _ _ _ _ _ _ _ _ _ 
.venv/lib/python3.12/site-packages/pytest_asyncio/plugin.py:944: in pytest_fixture_setup
    hook_result = yield
                  ^^^^^
.venv/lib/python3.12/site-packages/pytest_asyncio/plugin.py:407: in _asyncgen_fixture_wrapper
    result = runner.run(setup(), context=context)
             ^^^^^^^^^^^^^^^^^^^^^^^^^^^^^^^^^^^^
/opt/homebrew/Cellar/python@3.12/3.12.13_4/Frameworks/Python.framework/Versions/3.12/lib/python3.12/asyncio/runners.py:118: in run
    return self._loop.run_until_complete(task)
           ^^^^^^^^^^^^^^^^^^^^^^^^^^^^^^^^^^^
/opt/homebrew/Cellar/python@3.12/3.12.13_4/Frameworks/Python.framework/Versions/3.12/lib/python3.12/asyncio/base_events.py:691: in run_until_complete
    return future.result()
           ^^^^^^^^^^^^^^^
.venv/lib/python3.12/site-packages/pytest_asyncio/plugin.py:403: in setup
    res = await gen_obj.__anext__()
          ^^^^^^^^^^^^^^^^^^^^^^^^^
tests/conftest.py:96: in client
    from app.main import app
app/main.py:41: in <module>
    from app.routers import sistema
_ _ _ _ _ _ _ _ _ _ _ _ _ _ _ _ _ _ _ _ _ _ _ _ _ _ _ _ _ _ _ _ _ _ _ _ _ _ _ _ 

    from fastapi import APIRouter, Depends, HTTPException
    from typing import List
    from datetime import datetime
    from app.database import erros_sistema
    from app.schemas.sistema import ErrorLogCreate, ErrorLogResponse
    from app.security import get_usuario_atual
>   from app.schemas.auth import UserInDB
E   ModuleNotFoundError: No module named 'app.schemas.auth'

app/routers/sistema.py:7: ModuleNotFoundError
____ ERROR at setup of TestRateLimit.test_login_bloqueia_apos_20_tentativas ____

self = <Coroutine test_login_bloqueia_apos_20_tentativas>

    def setup(self) -> None:
        runner_fixture_id = f"_{self._loop_scope}_scoped_runner"
        if runner_fixture_id not in self.fixturenames:
            self.fixturenames.append(runner_fixture_id)
        # When loop factories are configured, resolve the loop factory
        # fixture early so that a factory variant change cascades cache
        # invalidation before any async fixture checks its cache.
        hook_caller = self.config.hook.pytest_asyncio_loop_factories
        if hook_caller.get_hookimpls():
            _ = self._request.getfixturevalue(_asyncio_loop_factory.__name__)
>       return super().setup()
               ^^^^^^^^^^^^^^^

.venv/lib/python3.12/site-packages/pytest_asyncio/plugin.py:558: 
_ _ _ _ _ _ _ _ _ _ _ _ _ _ _ _ _ _ _ _ _ _ _ _ _ _ _ _ _ _ _ _ _ _ _ _ _ _ _ _ 
.venv/lib/python3.12/site-packages/pytest_asyncio/plugin.py:944: in pytest_fixture_setup
    hook_result = yield
                  ^^^^^
.venv/lib/python3.12/site-packages/pytest_asyncio/plugin.py:407: in _asyncgen_fixture_wrapper
    result = runner.run(setup(), context=context)
             ^^^^^^^^^^^^^^^^^^^^^^^^^^^^^^^^^^^^
/opt/homebrew/Cellar/python@3.12/3.12.13_4/Frameworks/Python.framework/Versions/3.12/lib/python3.12/asyncio/runners.py:118: in run
    return self._loop.run_until_complete(task)
           ^^^^^^^^^^^^^^^^^^^^^^^^^^^^^^^^^^^
/opt/homebrew/Cellar/python@3.12/3.12.13_4/Frameworks/Python.framework/Versions/3.12/lib/python3.12/asyncio/base_events.py:691: in run_until_complete
    return future.result()
           ^^^^^^^^^^^^^^^
.venv/lib/python3.12/site-packages/pytest_asyncio/plugin.py:403: in setup
    res = await gen_obj.__anext__()
          ^^^^^^^^^^^^^^^^^^^^^^^^^
tests/conftest.py:96: in client
    from app.main import app
app/main.py:41: in <module>
    from app.routers import sistema
_ _ _ _ _ _ _ _ _ _ _ _ _ _ _ _ _ _ _ _ _ _ _ _ _ _ _ _ _ _ _ _ _ _ _ _ _ _ _ _ 

    from fastapi import APIRouter, Depends, HTTPException
    from typing import List
    from datetime import datetime
    from app.database import erros_sistema
    from app.schemas.sistema import ErrorLogCreate, ErrorLogResponse
    from app.security import get_usuario_atual
>   from app.schemas.auth import UserInDB
E   ModuleNotFoundError: No module named 'app.schemas.auth'

app/routers/sistema.py:7: ModuleNotFoundError
__ ERROR at setup of TestAutorizacaoPorPapel.test_aluno_nao_gera_verificador ___

self = <Coroutine test_aluno_nao_gera_verificador>

    def setup(self) -> None:
        runner_fixture_id = f"_{self._loop_scope}_scoped_runner"
        if runner_fixture_id not in self.fixturenames:
            self.fixturenames.append(runner_fixture_id)
        # When loop factories are configured, resolve the loop factory
        # fixture early so that a factory variant change cascades cache
        # invalidation before any async fixture checks its cache.
        hook_caller = self.config.hook.pytest_asyncio_loop_factories
        if hook_caller.get_hookimpls():
            _ = self._request.getfixturevalue(_asyncio_loop_factory.__name__)
>       return super().setup()
               ^^^^^^^^^^^^^^^

.venv/lib/python3.12/site-packages/pytest_asyncio/plugin.py:558: 
_ _ _ _ _ _ _ _ _ _ _ _ _ _ _ _ _ _ _ _ _ _ _ _ _ _ _ _ _ _ _ _ _ _ _ _ _ _ _ _ 
.venv/lib/python3.12/site-packages/pytest_asyncio/plugin.py:944: in pytest_fixture_setup
    hook_result = yield
                  ^^^^^
.venv/lib/python3.12/site-packages/pytest_asyncio/plugin.py:407: in _asyncgen_fixture_wrapper
    result = runner.run(setup(), context=context)
             ^^^^^^^^^^^^^^^^^^^^^^^^^^^^^^^^^^^^
/opt/homebrew/Cellar/python@3.12/3.12.13_4/Frameworks/Python.framework/Versions/3.12/lib/python3.12/asyncio/runners.py:118: in run
    return self._loop.run_until_complete(task)
           ^^^^^^^^^^^^^^^^^^^^^^^^^^^^^^^^^^^
/opt/homebrew/Cellar/python@3.12/3.12.13_4/Frameworks/Python.framework/Versions/3.12/lib/python3.12/asyncio/base_events.py:691: in run_until_complete
    return future.result()
           ^^^^^^^^^^^^^^^
.venv/lib/python3.12/site-packages/pytest_asyncio/plugin.py:403: in setup
    res = await gen_obj.__anext__()
          ^^^^^^^^^^^^^^^^^^^^^^^^^
tests/conftest.py:96: in client
    from app.main import app
app/main.py:41: in <module>
    from app.routers import sistema
_ _ _ _ _ _ _ _ _ _ _ _ _ _ _ _ _ _ _ _ _ _ _ _ _ _ _ _ _ _ _ _ _ _ _ _ _ _ _ _ 

    from fastapi import APIRouter, Depends, HTTPException
    from typing import List
    from datetime import datetime
    from app.database import erros_sistema
    from app.schemas.sistema import ErrorLogCreate, ErrorLogResponse
    from app.security import get_usuario_atual
>   from app.schemas.auth import UserInDB
E   ModuleNotFoundError: No module named 'app.schemas.auth'

app/routers/sistema.py:7: ModuleNotFoundError
____ ERROR at setup of TestAutorizacaoPorPapel.test_admin_gera_verificador _____

self = <Coroutine test_admin_gera_verificador>

    def setup(self) -> None:
        runner_fixture_id = f"_{self._loop_scope}_scoped_runner"
        if runner_fixture_id not in self.fixturenames:
            self.fixturenames.append(runner_fixture_id)
        # When loop factories are configured, resolve the loop factory
        # fixture early so that a factory variant change cascades cache
        # invalidation before any async fixture checks its cache.
        hook_caller = self.config.hook.pytest_asyncio_loop_factories
        if hook_caller.get_hookimpls():
            _ = self._request.getfixturevalue(_asyncio_loop_factory.__name__)
>       return super().setup()
               ^^^^^^^^^^^^^^^

.venv/lib/python3.12/site-packages/pytest_asyncio/plugin.py:558: 
_ _ _ _ _ _ _ _ _ _ _ _ _ _ _ _ _ _ _ _ _ _ _ _ _ _ _ _ _ _ _ _ _ _ _ _ _ _ _ _ 
.venv/lib/python3.12/site-packages/pytest_asyncio/plugin.py:944: in pytest_fixture_setup
    hook_result = yield
                  ^^^^^
.venv/lib/python3.12/site-packages/pytest_asyncio/plugin.py:407: in _asyncgen_fixture_wrapper
    result = runner.run(setup(), context=context)
             ^^^^^^^^^^^^^^^^^^^^^^^^^^^^^^^^^^^^
/opt/homebrew/Cellar/python@3.12/3.12.13_4/Frameworks/Python.framework/Versions/3.12/lib/python3.12/asyncio/runners.py:118: in run
    return self._loop.run_until_complete(task)
           ^^^^^^^^^^^^^^^^^^^^^^^^^^^^^^^^^^^
/opt/homebrew/Cellar/python@3.12/3.12.13_4/Frameworks/Python.framework/Versions/3.12/lib/python3.12/asyncio/base_events.py:691: in run_until_complete
    return future.result()
           ^^^^^^^^^^^^^^^
.venv/lib/python3.12/site-packages/pytest_asyncio/plugin.py:403: in setup
    res = await gen_obj.__anext__()
          ^^^^^^^^^^^^^^^^^^^^^^^^^
tests/conftest.py:96: in client
    from app.main import app
app/main.py:41: in <module>
    from app.routers import sistema
_ _ _ _ _ _ _ _ _ _ _ _ _ _ _ _ _ _ _ _ _ _ _ _ _ _ _ _ _ _ _ _ _ _ _ _ _ _ _ _ 

    from fastapi import APIRouter, Depends, HTTPException
    from typing import List
    from datetime import datetime
    from app.database import erros_sistema
    from app.schemas.sistema import ErrorLogCreate, ErrorLogResponse
    from app.security import get_usuario_atual
>   from app.schemas.auth import UserInDB
E   ModuleNotFoundError: No module named 'app.schemas.auth'

app/routers/sistema.py:7: ModuleNotFoundError
______ ERROR at setup of TestRotaProtegida.test_rota_protegida_sem_token _______

self = <Coroutine test_rota_protegida_sem_token>

    def setup(self) -> None:
        runner_fixture_id = f"_{self._loop_scope}_scoped_runner"
        if runner_fixture_id not in self.fixturenames:
            self.fixturenames.append(runner_fixture_id)
        # When loop factories are configured, resolve the loop factory
        # fixture early so that a factory variant change cascades cache
        # invalidation before any async fixture checks its cache.
        hook_caller = self.config.hook.pytest_asyncio_loop_factories
        if hook_caller.get_hookimpls():
            _ = self._request.getfixturevalue(_asyncio_loop_factory.__name__)
>       return super().setup()
               ^^^^^^^^^^^^^^^

.venv/lib/python3.12/site-packages/pytest_asyncio/plugin.py:558: 
_ _ _ _ _ _ _ _ _ _ _ _ _ _ _ _ _ _ _ _ _ _ _ _ _ _ _ _ _ _ _ _ _ _ _ _ _ _ _ _ 
.venv/lib/python3.12/site-packages/pytest_asyncio/plugin.py:944: in pytest_fixture_setup
    hook_result = yield
                  ^^^^^
.venv/lib/python3.12/site-packages/pytest_asyncio/plugin.py:407: in _asyncgen_fixture_wrapper
    result = runner.run(setup(), context=context)
             ^^^^^^^^^^^^^^^^^^^^^^^^^^^^^^^^^^^^
/opt/homebrew/Cellar/python@3.12/3.12.13_4/Frameworks/Python.framework/Versions/3.12/lib/python3.12/asyncio/runners.py:118: in run
    return self._loop.run_until_complete(task)
           ^^^^^^^^^^^^^^^^^^^^^^^^^^^^^^^^^^^
/opt/homebrew/Cellar/python@3.12/3.12.13_4/Frameworks/Python.framework/Versions/3.12/lib/python3.12/asyncio/base_events.py:691: in run_until_complete
    return future.result()
           ^^^^^^^^^^^^^^^
.venv/lib/python3.12/site-packages/pytest_asyncio/plugin.py:403: in setup
    res = await gen_obj.__anext__()
          ^^^^^^^^^^^^^^^^^^^^^^^^^
tests/conftest.py:96: in client
    from app.main import app
app/main.py:41: in <module>
    from app.routers import sistema
_ _ _ _ _ _ _ _ _ _ _ _ _ _ _ _ _ _ _ _ _ _ _ _ _ _ _ _ _ _ _ _ _ _ _ _ _ _ _ _ 

    from fastapi import APIRouter, Depends, HTTPException
    from typing import List
    from datetime import datetime
    from app.database import erros_sistema
    from app.schemas.sistema import ErrorLogCreate, ErrorLogResponse
    from app.security import get_usuario_atual
>   from app.schemas.auth import UserInDB
E   ModuleNotFoundError: No module named 'app.schemas.auth'

app/routers/sistema.py:7: ModuleNotFoundError
____ ERROR at setup of TestRotaProtegida.test_rota_protegida_token_invalido ____

self = <Coroutine test_rota_protegida_token_invalido>

    def setup(self) -> None:
        runner_fixture_id = f"_{self._loop_scope}_scoped_runner"
        if runner_fixture_id not in self.fixturenames:
            self.fixturenames.append(runner_fixture_id)
        # When loop factories are configured, resolve the loop factory
        # fixture early so that a factory variant change cascades cache
        # invalidation before any async fixture checks its cache.
        hook_caller = self.config.hook.pytest_asyncio_loop_factories
        if hook_caller.get_hookimpls():
            _ = self._request.getfixturevalue(_asyncio_loop_factory.__name__)
>       return super().setup()
               ^^^^^^^^^^^^^^^

.venv/lib/python3.12/site-packages/pytest_asyncio/plugin.py:558: 
_ _ _ _ _ _ _ _ _ _ _ _ _ _ _ _ _ _ _ _ _ _ _ _ _ _ _ _ _ _ _ _ _ _ _ _ _ _ _ _ 
.venv/lib/python3.12/site-packages/pytest_asyncio/plugin.py:944: in pytest_fixture_setup
    hook_result = yield
                  ^^^^^
.venv/lib/python3.12/site-packages/pytest_asyncio/plugin.py:407: in _asyncgen_fixture_wrapper
    result = runner.run(setup(), context=context)
             ^^^^^^^^^^^^^^^^^^^^^^^^^^^^^^^^^^^^
/opt/homebrew/Cellar/python@3.12/3.12.13_4/Frameworks/Python.framework/Versions/3.12/lib/python3.12/asyncio/runners.py:118: in run
    return self._loop.run_until_complete(task)
           ^^^^^^^^^^^^^^^^^^^^^^^^^^^^^^^^^^^
/opt/homebrew/Cellar/python@3.12/3.12.13_4/Frameworks/Python.framework/Versions/3.12/lib/python3.12/asyncio/base_events.py:691: in run_until_complete
    return future.result()
           ^^^^^^^^^^^^^^^
.venv/lib/python3.12/site-packages/pytest_asyncio/plugin.py:403: in setup
    res = await gen_obj.__anext__()
          ^^^^^^^^^^^^^^^^^^^^^^^^^
tests/conftest.py:96: in client
    from app.main import app
app/main.py:41: in <module>
    from app.routers import sistema
_ _ _ _ _ _ _ _ _ _ _ _ _ _ _ _ _ _ _ _ _ _ _ _ _ _ _ _ _ _ _ _ _ _ _ _ _ _ _ _ 

    from fastapi import APIRouter, Depends, HTTPException
    from typing import List
    from datetime import datetime
    from app.database import erros_sistema
    from app.schemas.sistema import ErrorLogCreate, ErrorLogResponse
    from app.security import get_usuario_atual
>   from app.schemas.auth import UserInDB
E   ModuleNotFoundError: No module named 'app.schemas.auth'

app/routers/sistema.py:7: ModuleNotFoundError
_______ ERROR at setup of TestChatTutor.test_chat_responde_com_contexto ________

self = <Coroutine test_chat_responde_com_contexto>

    def setup(self) -> None:
        runner_fixture_id = f"_{self._loop_scope}_scoped_runner"
        if runner_fixture_id not in self.fixturenames:
            self.fixturenames.append(runner_fixture_id)
        # When loop factories are configured, resolve the loop factory
        # fixture early so that a factory variant change cascades cache
        # invalidation before any async fixture checks its cache.
        hook_caller = self.config.hook.pytest_asyncio_loop_factories
        if hook_caller.get_hookimpls():
            _ = self._request.getfixturevalue(_asyncio_loop_factory.__name__)
>       return super().setup()
               ^^^^^^^^^^^^^^^

.venv/lib/python3.12/site-packages/pytest_asyncio/plugin.py:558: 
_ _ _ _ _ _ _ _ _ _ _ _ _ _ _ _ _ _ _ _ _ _ _ _ _ _ _ _ _ _ _ _ _ _ _ _ _ _ _ _ 
.venv/lib/python3.12/site-packages/pytest_asyncio/plugin.py:944: in pytest_fixture_setup
    hook_result = yield
                  ^^^^^
.venv/lib/python3.12/site-packages/pytest_asyncio/plugin.py:407: in _asyncgen_fixture_wrapper
    result = runner.run(setup(), context=context)
             ^^^^^^^^^^^^^^^^^^^^^^^^^^^^^^^^^^^^
/opt/homebrew/Cellar/python@3.12/3.12.13_4/Frameworks/Python.framework/Versions/3.12/lib/python3.12/asyncio/runners.py:118: in run
    return self._loop.run_until_complete(task)
           ^^^^^^^^^^^^^^^^^^^^^^^^^^^^^^^^^^^
/opt/homebrew/Cellar/python@3.12/3.12.13_4/Frameworks/Python.framework/Versions/3.12/lib/python3.12/asyncio/base_events.py:691: in run_until_complete
    return future.result()
           ^^^^^^^^^^^^^^^
.venv/lib/python3.12/site-packages/pytest_asyncio/plugin.py:403: in setup
    res = await gen_obj.__anext__()
          ^^^^^^^^^^^^^^^^^^^^^^^^^
tests/conftest.py:96: in client
    from app.main import app
app/main.py:41: in <module>
    from app.routers import sistema
_ _ _ _ _ _ _ _ _ _ _ _ _ _ _ _ _ _ _ _ _ _ _ _ _ _ _ _ _ _ _ _ _ _ _ _ _ _ _ _ 

    from fastapi import APIRouter, Depends, HTTPException
    from typing import List
    from datetime import datetime
    from app.database import erros_sistema
    from app.schemas.sistema import ErrorLogCreate, ErrorLogResponse
    from app.security import get_usuario_atual
>   from app.schemas.auth import UserInDB
E   ModuleNotFoundError: No module named 'app.schemas.auth'

app/routers/sistema.py:7: ModuleNotFoundError
_______ ERROR at setup of TestChatTutor.test_chat_sem_chave_retorna_503 ________

self = <Coroutine test_chat_sem_chave_retorna_503>

    def setup(self) -> None:
        runner_fixture_id = f"_{self._loop_scope}_scoped_runner"
        if runner_fixture_id not in self.fixturenames:
            self.fixturenames.append(runner_fixture_id)
        # When loop factories are configured, resolve the loop factory
        # fixture early so that a factory variant change cascades cache
        # invalidation before any async fixture checks its cache.
        hook_caller = self.config.hook.pytest_asyncio_loop_factories
        if hook_caller.get_hookimpls():
            _ = self._request.getfixturevalue(_asyncio_loop_factory.__name__)
>       return super().setup()
               ^^^^^^^^^^^^^^^

.venv/lib/python3.12/site-packages/pytest_asyncio/plugin.py:558: 
_ _ _ _ _ _ _ _ _ _ _ _ _ _ _ _ _ _ _ _ _ _ _ _ _ _ _ _ _ _ _ _ _ _ _ _ _ _ _ _ 
.venv/lib/python3.12/site-packages/pytest_asyncio/plugin.py:944: in pytest_fixture_setup
    hook_result = yield
                  ^^^^^
.venv/lib/python3.12/site-packages/pytest_asyncio/plugin.py:407: in _asyncgen_fixture_wrapper
    result = runner.run(setup(), context=context)
             ^^^^^^^^^^^^^^^^^^^^^^^^^^^^^^^^^^^^
/opt/homebrew/Cellar/python@3.12/3.12.13_4/Frameworks/Python.framework/Versions/3.12/lib/python3.12/asyncio/runners.py:118: in run
    return self._loop.run_until_complete(task)
           ^^^^^^^^^^^^^^^^^^^^^^^^^^^^^^^^^^^
/opt/homebrew/Cellar/python@3.12/3.12.13_4/Frameworks/Python.framework/Versions/3.12/lib/python3.12/asyncio/base_events.py:691: in run_until_complete
    return future.result()
           ^^^^^^^^^^^^^^^
.venv/lib/python3.12/site-packages/pytest_asyncio/plugin.py:403: in setup
    res = await gen_obj.__anext__()
          ^^^^^^^^^^^^^^^^^^^^^^^^^
tests/conftest.py:96: in client
    from app.main import app
app/main.py:41: in <module>
    from app.routers import sistema
_ _ _ _ _ _ _ _ _ _ _ _ _ _ _ _ _ _ _ _ _ _ _ _ _ _ _ _ _ _ _ _ _ _ _ _ _ _ _ _ 

    from fastapi import APIRouter, Depends, HTTPException
    from typing import List
    from datetime import datetime
    from app.database import erros_sistema
    from app.schemas.sistema import ErrorLogCreate, ErrorLogResponse
    from app.security import get_usuario_atual
>   from app.schemas.auth import UserInDB
E   ModuleNotFoundError: No module named 'app.schemas.auth'

app/routers/sistema.py:7: ModuleNotFoundError
__ ERROR at setup of TestChatTutor.test_chat_sem_mensagem_usuario_retorna_400 __

self = <Coroutine test_chat_sem_mensagem_usuario_retorna_400>

    def setup(self) -> None:
        runner_fixture_id = f"_{self._loop_scope}_scoped_runner"
        if runner_fixture_id not in self.fixturenames:
            self.fixturenames.append(runner_fixture_id)
        # When loop factories are configured, resolve the loop factory
        # fixture early so that a factory variant change cascades cache
        # invalidation before any async fixture checks its cache.
        hook_caller = self.config.hook.pytest_asyncio_loop_factories
        if hook_caller.get_hookimpls():
            _ = self._request.getfixturevalue(_asyncio_loop_factory.__name__)
>       return super().setup()
               ^^^^^^^^^^^^^^^

.venv/lib/python3.12/site-packages/pytest_asyncio/plugin.py:558: 
_ _ _ _ _ _ _ _ _ _ _ _ _ _ _ _ _ _ _ _ _ _ _ _ _ _ _ _ _ _ _ _ _ _ _ _ _ _ _ _ 
.venv/lib/python3.12/site-packages/pytest_asyncio/plugin.py:944: in pytest_fixture_setup
    hook_result = yield
                  ^^^^^
.venv/lib/python3.12/site-packages/pytest_asyncio/plugin.py:407: in _asyncgen_fixture_wrapper
    result = runner.run(setup(), context=context)
             ^^^^^^^^^^^^^^^^^^^^^^^^^^^^^^^^^^^^
/opt/homebrew/Cellar/python@3.12/3.12.13_4/Frameworks/Python.framework/Versions/3.12/lib/python3.12/asyncio/runners.py:118: in run
    return self._loop.run_until_complete(task)
           ^^^^^^^^^^^^^^^^^^^^^^^^^^^^^^^^^^^
/opt/homebrew/Cellar/python@3.12/3.12.13_4/Frameworks/Python.framework/Versions/3.12/lib/python3.12/asyncio/base_events.py:691: in run_until_complete
    return future.result()
           ^^^^^^^^^^^^^^^
.venv/lib/python3.12/site-packages/pytest_asyncio/plugin.py:403: in setup
    res = await gen_obj.__anext__()
          ^^^^^^^^^^^^^^^^^^^^^^^^^
tests/conftest.py:96: in client
    from app.main import app
app/main.py:41: in <module>
    from app.routers import sistema
_ _ _ _ _ _ _ _ _ _ _ _ _ _ _ _ _ _ _ _ _ _ _ _ _ _ _ _ _ _ _ _ _ _ _ _ _ _ _ _ 

    from fastapi import APIRouter, Depends, HTTPException
    from typing import List
    from datetime import datetime
    from app.database import erros_sistema
    from app.schemas.sistema import ErrorLogCreate, ErrorLogResponse
    from app.security import get_usuario_atual
>   from app.schemas.auth import UserInDB
E   ModuleNotFoundError: No module named 'app.schemas.auth'

app/routers/sistema.py:7: ModuleNotFoundError
___ ERROR at setup of TestChatTutor.test_put_modelo_nao_colide_com_catch_all ___

self = <Coroutine test_put_modelo_nao_colide_com_catch_all>

    def setup(self) -> None:
        runner_fixture_id = f"_{self._loop_scope}_scoped_runner"
        if runner_fixture_id not in self.fixturenames:
            self.fixturenames.append(runner_fixture_id)
        # When loop factories are configured, resolve the loop factory
        # fixture early so that a factory variant change cascades cache
        # invalidation before any async fixture checks its cache.
        hook_caller = self.config.hook.pytest_asyncio_loop_factories
        if hook_caller.get_hookimpls():
            _ = self._request.getfixturevalue(_asyncio_loop_factory.__name__)
>       return super().setup()
               ^^^^^^^^^^^^^^^

.venv/lib/python3.12/site-packages/pytest_asyncio/plugin.py:558: 
_ _ _ _ _ _ _ _ _ _ _ _ _ _ _ _ _ _ _ _ _ _ _ _ _ _ _ _ _ _ _ _ _ _ _ _ _ _ _ _ 
.venv/lib/python3.12/site-packages/pytest_asyncio/plugin.py:944: in pytest_fixture_setup
    hook_result = yield
                  ^^^^^
.venv/lib/python3.12/site-packages/pytest_asyncio/plugin.py:407: in _asyncgen_fixture_wrapper
    result = runner.run(setup(), context=context)
             ^^^^^^^^^^^^^^^^^^^^^^^^^^^^^^^^^^^^
/opt/homebrew/Cellar/python@3.12/3.12.13_4/Frameworks/Python.framework/Versions/3.12/lib/python3.12/asyncio/runners.py:118: in run
    return self._loop.run_until_complete(task)
           ^^^^^^^^^^^^^^^^^^^^^^^^^^^^^^^^^^^
/opt/homebrew/Cellar/python@3.12/3.12.13_4/Frameworks/Python.framework/Versions/3.12/lib/python3.12/asyncio/base_events.py:691: in run_until_complete
    return future.result()
           ^^^^^^^^^^^^^^^
.venv/lib/python3.12/site-packages/pytest_asyncio/plugin.py:403: in setup
    res = await gen_obj.__anext__()
          ^^^^^^^^^^^^^^^^^^^^^^^^^
tests/conftest.py:96: in client
    from app.main import app
app/main.py:41: in <module>
    from app.routers import sistema
_ _ _ _ _ _ _ _ _ _ _ _ _ _ _ _ _ _ _ _ _ _ _ _ _ _ _ _ _ _ _ _ _ _ _ _ _ _ _ _ 

    from fastapi import APIRouter, Depends, HTTPException
    from typing import List
    from datetime import datetime
    from app.database import erros_sistema
    from app.schemas.sistema import ErrorLogCreate, ErrorLogResponse
    from app.security import get_usuario_atual
>   from app.schemas.auth import UserInDB
E   ModuleNotFoundError: No module named 'app.schemas.auth'

app/routers/sistema.py:7: ModuleNotFoundError
_ ERROR at setup of TestHistoricoChat.test_listar_historico_usa_id_do_usuario __

self = <Coroutine test_listar_historico_usa_id_do_usuario>

    def setup(self) -> None:
        runner_fixture_id = f"_{self._loop_scope}_scoped_runner"
        if runner_fixture_id not in self.fixturenames:
            self.fixturenames.append(runner_fixture_id)
        # When loop factories are configured, resolve the loop factory
        # fixture early so that a factory variant change cascades cache
        # invalidation before any async fixture checks its cache.
        hook_caller = self.config.hook.pytest_asyncio_loop_factories
        if hook_caller.get_hookimpls():
            _ = self._request.getfixturevalue(_asyncio_loop_factory.__name__)
>       return super().setup()
               ^^^^^^^^^^^^^^^

.venv/lib/python3.12/site-packages/pytest_asyncio/plugin.py:558: 
_ _ _ _ _ _ _ _ _ _ _ _ _ _ _ _ _ _ _ _ _ _ _ _ _ _ _ _ _ _ _ _ _ _ _ _ _ _ _ _ 
.venv/lib/python3.12/site-packages/pytest_asyncio/plugin.py:944: in pytest_fixture_setup
    hook_result = yield
                  ^^^^^
.venv/lib/python3.12/site-packages/pytest_asyncio/plugin.py:407: in _asyncgen_fixture_wrapper
    result = runner.run(setup(), context=context)
             ^^^^^^^^^^^^^^^^^^^^^^^^^^^^^^^^^^^^
/opt/homebrew/Cellar/python@3.12/3.12.13_4/Frameworks/Python.framework/Versions/3.12/lib/python3.12/asyncio/runners.py:118: in run
    return self._loop.run_until_complete(task)
           ^^^^^^^^^^^^^^^^^^^^^^^^^^^^^^^^^^^
/opt/homebrew/Cellar/python@3.12/3.12.13_4/Frameworks/Python.framework/Versions/3.12/lib/python3.12/asyncio/base_events.py:691: in run_until_complete
    return future.result()
           ^^^^^^^^^^^^^^^
.venv/lib/python3.12/site-packages/pytest_asyncio/plugin.py:403: in setup
    res = await gen_obj.__anext__()
          ^^^^^^^^^^^^^^^^^^^^^^^^^
tests/conftest.py:96: in client
    from app.main import app
app/main.py:41: in <module>
    from app.routers import sistema
_ _ _ _ _ _ _ _ _ _ _ _ _ _ _ _ _ _ _ _ _ _ _ _ _ _ _ _ _ _ _ _ _ _ _ _ _ _ _ _ 

    from fastapi import APIRouter, Depends, HTTPException
    from typing import List
    from datetime import datetime
    from app.database import erros_sistema
    from app.schemas.sistema import ErrorLogCreate, ErrorLogResponse
    from app.security import get_usuario_atual
>   from app.schemas.auth import UserInDB
E   ModuleNotFoundError: No module named 'app.schemas.auth'

app/routers/sistema.py:7: ModuleNotFoundError
___________ ERROR at setup of TestUploadCSV.test_upload_csv_sucesso ____________

self = <Coroutine test_upload_csv_sucesso>

    def setup(self) -> None:
        runner_fixture_id = f"_{self._loop_scope}_scoped_runner"
        if runner_fixture_id not in self.fixturenames:
            self.fixturenames.append(runner_fixture_id)
        # When loop factories are configured, resolve the loop factory
        # fixture early so that a factory variant change cascades cache
        # invalidation before any async fixture checks its cache.
        hook_caller = self.config.hook.pytest_asyncio_loop_factories
        if hook_caller.get_hookimpls():
            _ = self._request.getfixturevalue(_asyncio_loop_factory.__name__)
>       return super().setup()
               ^^^^^^^^^^^^^^^

.venv/lib/python3.12/site-packages/pytest_asyncio/plugin.py:558: 
_ _ _ _ _ _ _ _ _ _ _ _ _ _ _ _ _ _ _ _ _ _ _ _ _ _ _ _ _ _ _ _ _ _ _ _ _ _ _ _ 
.venv/lib/python3.12/site-packages/pytest_asyncio/plugin.py:944: in pytest_fixture_setup
    hook_result = yield
                  ^^^^^
.venv/lib/python3.12/site-packages/pytest_asyncio/plugin.py:407: in _asyncgen_fixture_wrapper
    result = runner.run(setup(), context=context)
             ^^^^^^^^^^^^^^^^^^^^^^^^^^^^^^^^^^^^
/opt/homebrew/Cellar/python@3.12/3.12.13_4/Frameworks/Python.framework/Versions/3.12/lib/python3.12/asyncio/runners.py:118: in run
    return self._loop.run_until_complete(task)
           ^^^^^^^^^^^^^^^^^^^^^^^^^^^^^^^^^^^
/opt/homebrew/Cellar/python@3.12/3.12.13_4/Frameworks/Python.framework/Versions/3.12/lib/python3.12/asyncio/base_events.py:691: in run_until_complete
    return future.result()
           ^^^^^^^^^^^^^^^
.venv/lib/python3.12/site-packages/pytest_asyncio/plugin.py:403: in setup
    res = await gen_obj.__anext__()
          ^^^^^^^^^^^^^^^^^^^^^^^^^
tests/conftest.py:96: in client
    from app.main import app
app/main.py:41: in <module>
    from app.routers import sistema
_ _ _ _ _ _ _ _ _ _ _ _ _ _ _ _ _ _ _ _ _ _ _ _ _ _ _ _ _ _ _ _ _ _ _ _ _ _ _ _ 

    from fastapi import APIRouter, Depends, HTTPException
    from typing import List
    from datetime import datetime
    from app.database import erros_sistema
    from app.schemas.sistema import ErrorLogCreate, ErrorLogResponse
    from app.security import get_usuario_atual
>   from app.schemas.auth import UserInDB
E   ModuleNotFoundError: No module named 'app.schemas.auth'

app/routers/sistema.py:7: ModuleNotFoundError
___________ ERROR at setup of TestUploadCSV.test_upload_tsv_sucesso ____________

self = <Coroutine test_upload_tsv_sucesso>

    def setup(self) -> None:
        runner_fixture_id = f"_{self._loop_scope}_scoped_runner"
        if runner_fixture_id not in self.fixturenames:
            self.fixturenames.append(runner_fixture_id)
        # When loop factories are configured, resolve the loop factory
        # fixture early so that a factory variant change cascades cache
        # invalidation before any async fixture checks its cache.
        hook_caller = self.config.hook.pytest_asyncio_loop_factories
        if hook_caller.get_hookimpls():
            _ = self._request.getfixturevalue(_asyncio_loop_factory.__name__)
>       return super().setup()
               ^^^^^^^^^^^^^^^

.venv/lib/python3.12/site-packages/pytest_asyncio/plugin.py:558: 
_ _ _ _ _ _ _ _ _ _ _ _ _ _ _ _ _ _ _ _ _ _ _ _ _ _ _ _ _ _ _ _ _ _ _ _ _ _ _ _ 
.venv/lib/python3.12/site-packages/pytest_asyncio/plugin.py:944: in pytest_fixture_setup
    hook_result = yield
                  ^^^^^
.venv/lib/python3.12/site-packages/pytest_asyncio/plugin.py:407: in _asyncgen_fixture_wrapper
    result = runner.run(setup(), context=context)
             ^^^^^^^^^^^^^^^^^^^^^^^^^^^^^^^^^^^^
/opt/homebrew/Cellar/python@3.12/3.12.13_4/Frameworks/Python.framework/Versions/3.12/lib/python3.12/asyncio/runners.py:118: in run
    return self._loop.run_until_complete(task)
           ^^^^^^^^^^^^^^^^^^^^^^^^^^^^^^^^^^^
/opt/homebrew/Cellar/python@3.12/3.12.13_4/Frameworks/Python.framework/Versions/3.12/lib/python3.12/asyncio/base_events.py:691: in run_until_complete
    return future.result()
           ^^^^^^^^^^^^^^^
.venv/lib/python3.12/site-packages/pytest_asyncio/plugin.py:403: in setup
    res = await gen_obj.__anext__()
          ^^^^^^^^^^^^^^^^^^^^^^^^^
tests/conftest.py:96: in client
    from app.main import app
app/main.py:41: in <module>
    from app.routers import sistema
_ _ _ _ _ _ _ _ _ _ _ _ _ _ _ _ _ _ _ _ _ _ _ _ _ _ _ _ _ _ _ _ _ _ _ _ _ _ _ _ 

    from fastapi import APIRouter, Depends, HTTPException
    from typing import List
    from datetime import datetime
    from app.database import erros_sistema
    from app.schemas.sistema import ErrorLogCreate, ErrorLogResponse
    from app.security import get_usuario_atual
>   from app.schemas.auth import UserInDB
E   ModuleNotFoundError: No module named 'app.schemas.auth'

app/routers/sistema.py:7: ModuleNotFoundError
________ ERROR at setup of TestUploadCSV.test_upload_csv_com_test_size _________

self = <Coroutine test_upload_csv_com_test_size>

    def setup(self) -> None:
        runner_fixture_id = f"_{self._loop_scope}_scoped_runner"
        if runner_fixture_id not in self.fixturenames:
            self.fixturenames.append(runner_fixture_id)
        # When loop factories are configured, resolve the loop factory
        # fixture early so that a factory variant change cascades cache
        # invalidation before any async fixture checks its cache.
        hook_caller = self.config.hook.pytest_asyncio_loop_factories
        if hook_caller.get_hookimpls():
            _ = self._request.getfixturevalue(_asyncio_loop_factory.__name__)
>       return super().setup()
               ^^^^^^^^^^^^^^^

.venv/lib/python3.12/site-packages/pytest_asyncio/plugin.py:558: 
_ _ _ _ _ _ _ _ _ _ _ _ _ _ _ _ _ _ _ _ _ _ _ _ _ _ _ _ _ _ _ _ _ _ _ _ _ _ _ _ 
.venv/lib/python3.12/site-packages/pytest_asyncio/plugin.py:944: in pytest_fixture_setup
    hook_result = yield
                  ^^^^^
.venv/lib/python3.12/site-packages/pytest_asyncio/plugin.py:407: in _asyncgen_fixture_wrapper
    result = runner.run(setup(), context=context)
             ^^^^^^^^^^^^^^^^^^^^^^^^^^^^^^^^^^^^
/opt/homebrew/Cellar/python@3.12/3.12.13_4/Frameworks/Python.framework/Versions/3.12/lib/python3.12/asyncio/runners.py:118: in run
    return self._loop.run_until_complete(task)
           ^^^^^^^^^^^^^^^^^^^^^^^^^^^^^^^^^^^
/opt/homebrew/Cellar/python@3.12/3.12.13_4/Frameworks/Python.framework/Versions/3.12/lib/python3.12/asyncio/base_events.py:691: in run_until_complete
    return future.result()
           ^^^^^^^^^^^^^^^
.venv/lib/python3.12/site-packages/pytest_asyncio/plugin.py:403: in setup
    res = await gen_obj.__anext__()
          ^^^^^^^^^^^^^^^^^^^^^^^^^
tests/conftest.py:96: in client
    from app.main import app
app/main.py:41: in <module>
    from app.routers import sistema
_ _ _ _ _ _ _ _ _ _ _ _ _ _ _ _ _ _ _ _ _ _ _ _ _ _ _ _ _ _ _ _ _ _ _ _ _ _ _ _ 

    from fastapi import APIRouter, Depends, HTTPException
    from typing import List
    from datetime import datetime
    from app.database import erros_sistema
    from app.schemas.sistema import ErrorLogCreate, ErrorLogResponse
    from app.security import get_usuario_atual
>   from app.schemas.auth import UserInDB
E   ModuleNotFoundError: No module named 'app.schemas.auth'

app/routers/sistema.py:7: ModuleNotFoundError
_ ERROR at setup of TestUploadCSV.test_upload_csv_com_shuffle_e_estratificacao _

self = <Coroutine test_upload_csv_com_shuffle_e_estratificacao>

    def setup(self) -> None:
        runner_fixture_id = f"_{self._loop_scope}_scoped_runner"
        if runner_fixture_id not in self.fixturenames:
            self.fixturenames.append(runner_fixture_id)
        # When loop factories are configured, resolve the loop factory
        # fixture early so that a factory variant change cascades cache
        # invalidation before any async fixture checks its cache.
        hook_caller = self.config.hook.pytest_asyncio_loop_factories
        if hook_caller.get_hookimpls():
            _ = self._request.getfixturevalue(_asyncio_loop_factory.__name__)
>       return super().setup()
               ^^^^^^^^^^^^^^^

.venv/lib/python3.12/site-packages/pytest_asyncio/plugin.py:558: 
_ _ _ _ _ _ _ _ _ _ _ _ _ _ _ _ _ _ _ _ _ _ _ _ _ _ _ _ _ _ _ _ _ _ _ _ _ _ _ _ 
.venv/lib/python3.12/site-packages/pytest_asyncio/plugin.py:944: in pytest_fixture_setup
    hook_result = yield
                  ^^^^^
.venv/lib/python3.12/site-packages/pytest_asyncio/plugin.py:407: in _asyncgen_fixture_wrapper
    result = runner.run(setup(), context=context)
             ^^^^^^^^^^^^^^^^^^^^^^^^^^^^^^^^^^^^
/opt/homebrew/Cellar/python@3.12/3.12.13_4/Frameworks/Python.framework/Versions/3.12/lib/python3.12/asyncio/runners.py:118: in run
    return self._loop.run_until_complete(task)
           ^^^^^^^^^^^^^^^^^^^^^^^^^^^^^^^^^^^
/opt/homebrew/Cellar/python@3.12/3.12.13_4/Frameworks/Python.framework/Versions/3.12/lib/python3.12/asyncio/base_events.py:691: in run_until_complete
    return future.result()
           ^^^^^^^^^^^^^^^
.venv/lib/python3.12/site-packages/pytest_asyncio/plugin.py:403: in setup
    res = await gen_obj.__anext__()
          ^^^^^^^^^^^^^^^^^^^^^^^^^
tests/conftest.py:96: in client
    from app.main import app
app/main.py:41: in <module>
    from app.routers import sistema
_ _ _ _ _ _ _ _ _ _ _ _ _ _ _ _ _ _ _ _ _ _ _ _ _ _ _ _ _ _ _ _ _ _ _ _ _ _ _ _ 

    from fastapi import APIRouter, Depends, HTTPException
    from typing import List
    from datetime import datetime
    from app.database import erros_sistema
    from app.schemas.sistema import ErrorLogCreate, ErrorLogResponse
    from app.security import get_usuario_atual
>   from app.schemas.auth import UserInDB
E   ModuleNotFoundError: No module named 'app.schemas.auth'

app/routers/sistema.py:7: ModuleNotFoundError
________ ERROR at setup of TestUploadCSV.test_upload_csv_com_id_coleta _________

self = <Coroutine test_upload_csv_com_id_coleta>

    def setup(self) -> None:
        runner_fixture_id = f"_{self._loop_scope}_scoped_runner"
        if runner_fixture_id not in self.fixturenames:
            self.fixturenames.append(runner_fixture_id)
        # When loop factories are configured, resolve the loop factory
        # fixture early so that a factory variant change cascades cache
        # invalidation before any async fixture checks its cache.
        hook_caller = self.config.hook.pytest_asyncio_loop_factories
        if hook_caller.get_hookimpls():
            _ = self._request.getfixturevalue(_asyncio_loop_factory.__name__)
>       return super().setup()
               ^^^^^^^^^^^^^^^

.venv/lib/python3.12/site-packages/pytest_asyncio/plugin.py:558: 
_ _ _ _ _ _ _ _ _ _ _ _ _ _ _ _ _ _ _ _ _ _ _ _ _ _ _ _ _ _ _ _ _ _ _ _ _ _ _ _ 
.venv/lib/python3.12/site-packages/pytest_asyncio/plugin.py:944: in pytest_fixture_setup
    hook_result = yield
                  ^^^^^
.venv/lib/python3.12/site-packages/pytest_asyncio/plugin.py:407: in _asyncgen_fixture_wrapper
    result = runner.run(setup(), context=context)
             ^^^^^^^^^^^^^^^^^^^^^^^^^^^^^^^^^^^^
/opt/homebrew/Cellar/python@3.12/3.12.13_4/Frameworks/Python.framework/Versions/3.12/lib/python3.12/asyncio/runners.py:118: in run
    return self._loop.run_until_complete(task)
           ^^^^^^^^^^^^^^^^^^^^^^^^^^^^^^^^^^^
/opt/homebrew/Cellar/python@3.12/3.12.13_4/Frameworks/Python.framework/Versions/3.12/lib/python3.12/asyncio/base_events.py:691: in run_until_complete
    return future.result()
           ^^^^^^^^^^^^^^^
.venv/lib/python3.12/site-packages/pytest_asyncio/plugin.py:403: in setup
    res = await gen_obj.__anext__()
          ^^^^^^^^^^^^^^^^^^^^^^^^^
tests/conftest.py:96: in client
    from app.main import app
app/main.py:41: in <module>
    from app.routers import sistema
_ _ _ _ _ _ _ _ _ _ _ _ _ _ _ _ _ _ _ _ _ _ _ _ _ _ _ _ _ _ _ _ _ _ _ _ _ _ _ _ 

    from fastapi import APIRouter, Depends, HTTPException
    from typing import List
    from datetime import datetime
    from app.database import erros_sistema
    from app.schemas.sistema import ErrorLogCreate, ErrorLogResponse
    from app.security import get_usuario_atual
>   from app.schemas.auth import UserInDB
E   ModuleNotFoundError: No module named 'app.schemas.auth'

app/routers/sistema.py:7: ModuleNotFoundError
_______ ERROR at setup of TestUploadCSV.test_upload_csv_arquivo_invalido _______

self = <Coroutine test_upload_csv_arquivo_invalido>

    def setup(self) -> None:
        runner_fixture_id = f"_{self._loop_scope}_scoped_runner"
        if runner_fixture_id not in self.fixturenames:
            self.fixturenames.append(runner_fixture_id)
        # When loop factories are configured, resolve the loop factory
        # fixture early so that a factory variant change cascades cache
        # invalidation before any async fixture checks its cache.
        hook_caller = self.config.hook.pytest_asyncio_loop_factories
        if hook_caller.get_hookimpls():
            _ = self._request.getfixturevalue(_asyncio_loop_factory.__name__)
>       return super().setup()
               ^^^^^^^^^^^^^^^

.venv/lib/python3.12/site-packages/pytest_asyncio/plugin.py:558: 
_ _ _ _ _ _ _ _ _ _ _ _ _ _ _ _ _ _ _ _ _ _ _ _ _ _ _ _ _ _ _ _ _ _ _ _ _ _ _ _ 
.venv/lib/python3.12/site-packages/pytest_asyncio/plugin.py:944: in pytest_fixture_setup
    hook_result = yield
                  ^^^^^
.venv/lib/python3.12/site-packages/pytest_asyncio/plugin.py:407: in _asyncgen_fixture_wrapper
    result = runner.run(setup(), context=context)
             ^^^^^^^^^^^^^^^^^^^^^^^^^^^^^^^^^^^^
/opt/homebrew/Cellar/python@3.12/3.12.13_4/Frameworks/Python.framework/Versions/3.12/lib/python3.12/asyncio/runners.py:118: in run
    return self._loop.run_until_complete(task)
           ^^^^^^^^^^^^^^^^^^^^^^^^^^^^^^^^^^^
/opt/homebrew/Cellar/python@3.12/3.12.13_4/Frameworks/Python.framework/Versions/3.12/lib/python3.12/asyncio/base_events.py:691: in run_until_complete
    return future.result()
           ^^^^^^^^^^^^^^^
.venv/lib/python3.12/site-packages/pytest_asyncio/plugin.py:403: in setup
    res = await gen_obj.__anext__()
          ^^^^^^^^^^^^^^^^^^^^^^^^^
tests/conftest.py:96: in client
    from app.main import app
app/main.py:41: in <module>
    from app.routers import sistema
_ _ _ _ _ _ _ _ _ _ _ _ _ _ _ _ _ _ _ _ _ _ _ _ _ _ _ _ _ _ _ _ _ _ _ _ _ _ _ _ 

    from fastapi import APIRouter, Depends, HTTPException
    from typing import List
    from datetime import datetime
    from app.database import erros_sistema
    from app.schemas.sistema import ErrorLogCreate, ErrorLogResponse
    from app.security import get_usuario_atual
>   from app.schemas.auth import UserInDB
E   ModuleNotFoundError: No module named 'app.schemas.auth'

app/routers/sistema.py:7: ModuleNotFoundError
_______ ERROR at setup of TestUploadCSV.test_upload_csv_sem_autenticacao _______

self = <Coroutine test_upload_csv_sem_autenticacao>

    def setup(self) -> None:
        runner_fixture_id = f"_{self._loop_scope}_scoped_runner"
        if runner_fixture_id not in self.fixturenames:
            self.fixturenames.append(runner_fixture_id)
        # When loop factories are configured, resolve the loop factory
        # fixture early so that a factory variant change cascades cache
        # invalidation before any async fixture checks its cache.
        hook_caller = self.config.hook.pytest_asyncio_loop_factories
        if hook_caller.get_hookimpls():
            _ = self._request.getfixturevalue(_asyncio_loop_factory.__name__)
>       return super().setup()
               ^^^^^^^^^^^^^^^

.venv/lib/python3.12/site-packages/pytest_asyncio/plugin.py:558: 
_ _ _ _ _ _ _ _ _ _ _ _ _ _ _ _ _ _ _ _ _ _ _ _ _ _ _ _ _ _ _ _ _ _ _ _ _ _ _ _ 
.venv/lib/python3.12/site-packages/pytest_asyncio/plugin.py:944: in pytest_fixture_setup
    hook_result = yield
                  ^^^^^
.venv/lib/python3.12/site-packages/pytest_asyncio/plugin.py:407: in _asyncgen_fixture_wrapper
    result = runner.run(setup(), context=context)
             ^^^^^^^^^^^^^^^^^^^^^^^^^^^^^^^^^^^^
/opt/homebrew/Cellar/python@3.12/3.12.13_4/Frameworks/Python.framework/Versions/3.12/lib/python3.12/asyncio/runners.py:118: in run
    return self._loop.run_until_complete(task)
           ^^^^^^^^^^^^^^^^^^^^^^^^^^^^^^^^^^^
/opt/homebrew/Cellar/python@3.12/3.12.13_4/Frameworks/Python.framework/Versions/3.12/lib/python3.12/asyncio/base_events.py:691: in run_until_complete
    return future.result()
           ^^^^^^^^^^^^^^^
.venv/lib/python3.12/site-packages/pytest_asyncio/plugin.py:403: in setup
    res = await gen_obj.__anext__()
          ^^^^^^^^^^^^^^^^^^^^^^^^^
tests/conftest.py:96: in client
    from app.main import app
app/main.py:41: in <module>
    from app.routers import sistema
_ _ _ _ _ _ _ _ _ _ _ _ _ _ _ _ _ _ _ _ _ _ _ _ _ _ _ _ _ _ _ _ _ _ _ _ _ _ _ _ 

    from fastapi import APIRouter, Depends, HTTPException
    from typing import List
    from datetime import datetime
    from app.database import erros_sistema
    from app.schemas.sistema import ErrorLogCreate, ErrorLogResponse
    from app.security import get_usuario_atual
>   from app.schemas.auth import UserInDB
E   ModuleNotFoundError: No module named 'app.schemas.auth'

app/routers/sistema.py:7: ModuleNotFoundError
_ ERROR at setup of TestUploadCSV.test_upload_csv_test_size_invalido_retorna_400 _

self = <Coroutine test_upload_csv_test_size_invalido_retorna_400>

    def setup(self) -> None:
        runner_fixture_id = f"_{self._loop_scope}_scoped_runner"
        if runner_fixture_id not in self.fixturenames:
            self.fixturenames.append(runner_fixture_id)
        # When loop factories are configured, resolve the loop factory
        # fixture early so that a factory variant change cascades cache
        # invalidation before any async fixture checks its cache.
        hook_caller = self.config.hook.pytest_asyncio_loop_factories
        if hook_caller.get_hookimpls():
            _ = self._request.getfixturevalue(_asyncio_loop_factory.__name__)
>       return super().setup()
               ^^^^^^^^^^^^^^^

.venv/lib/python3.12/site-packages/pytest_asyncio/plugin.py:558: 
_ _ _ _ _ _ _ _ _ _ _ _ _ _ _ _ _ _ _ _ _ _ _ _ _ _ _ _ _ _ _ _ _ _ _ _ _ _ _ _ 
.venv/lib/python3.12/site-packages/pytest_asyncio/plugin.py:944: in pytest_fixture_setup
    hook_result = yield
                  ^^^^^
.venv/lib/python3.12/site-packages/pytest_asyncio/plugin.py:407: in _asyncgen_fixture_wrapper
    result = runner.run(setup(), context=context)
             ^^^^^^^^^^^^^^^^^^^^^^^^^^^^^^^^^^^^
/opt/homebrew/Cellar/python@3.12/3.12.13_4/Frameworks/Python.framework/Versions/3.12/lib/python3.12/asyncio/runners.py:118: in run
    return self._loop.run_until_complete(task)
           ^^^^^^^^^^^^^^^^^^^^^^^^^^^^^^^^^^^
/opt/homebrew/Cellar/python@3.12/3.12.13_4/Frameworks/Python.framework/Versions/3.12/lib/python3.12/asyncio/base_events.py:691: in run_until_complete
    return future.result()
           ^^^^^^^^^^^^^^^
.venv/lib/python3.12/site-packages/pytest_asyncio/plugin.py:403: in setup
    res = await gen_obj.__anext__()
          ^^^^^^^^^^^^^^^^^^^^^^^^^
tests/conftest.py:96: in client
    from app.main import app
app/main.py:41: in <module>
    from app.routers import sistema
_ _ _ _ _ _ _ _ _ _ _ _ _ _ _ _ _ _ _ _ _ _ _ _ _ _ _ _ _ _ _ _ _ _ _ _ _ _ _ _ 

    from fastapi import APIRouter, Depends, HTTPException
    from typing import List
    from datetime import datetime
    from app.database import erros_sistema
    from app.schemas.sistema import ErrorLogCreate, ErrorLogResponse
    from app.security import get_usuario_atual
>   from app.schemas.auth import UserInDB
E   ModuleNotFoundError: No module named 'app.schemas.auth'

app/routers/sistema.py:7: ModuleNotFoundError
_ ERROR at setup of TestUploadCSV.test_upload_csv_estratificacao_classe_unica_retorna_400 _

self = <Coroutine test_upload_csv_estratificacao_classe_unica_retorna_400>

    def setup(self) -> None:
        runner_fixture_id = f"_{self._loop_scope}_scoped_runner"
        if runner_fixture_id not in self.fixturenames:
            self.fixturenames.append(runner_fixture_id)
        # When loop factories are configured, resolve the loop factory
        # fixture early so that a factory variant change cascades cache
        # invalidation before any async fixture checks its cache.
        hook_caller = self.config.hook.pytest_asyncio_loop_factories
        if hook_caller.get_hookimpls():
            _ = self._request.getfixturevalue(_asyncio_loop_factory.__name__)
>       return super().setup()
               ^^^^^^^^^^^^^^^

.venv/lib/python3.12/site-packages/pytest_asyncio/plugin.py:558: 
_ _ _ _ _ _ _ _ _ _ _ _ _ _ _ _ _ _ _ _ _ _ _ _ _ _ _ _ _ _ _ _ _ _ _ _ _ _ _ _ 
.venv/lib/python3.12/site-packages/pytest_asyncio/plugin.py:944: in pytest_fixture_setup
    hook_result = yield
                  ^^^^^
.venv/lib/python3.12/site-packages/pytest_asyncio/plugin.py:407: in _asyncgen_fixture_wrapper
    result = runner.run(setup(), context=context)
             ^^^^^^^^^^^^^^^^^^^^^^^^^^^^^^^^^^^^
/opt/homebrew/Cellar/python@3.12/3.12.13_4/Frameworks/Python.framework/Versions/3.12/lib/python3.12/asyncio/runners.py:118: in run
    return self._loop.run_until_complete(task)
           ^^^^^^^^^^^^^^^^^^^^^^^^^^^^^^^^^^^
/opt/homebrew/Cellar/python@3.12/3.12.13_4/Frameworks/Python.framework/Versions/3.12/lib/python3.12/asyncio/base_events.py:691: in run_until_complete
    return future.result()
           ^^^^^^^^^^^^^^^
.venv/lib/python3.12/site-packages/pytest_asyncio/plugin.py:403: in setup
    res = await gen_obj.__anext__()
          ^^^^^^^^^^^^^^^^^^^^^^^^^
tests/conftest.py:96: in client
    from app.main import app
app/main.py:41: in <module>
    from app.routers import sistema
_ _ _ _ _ _ _ _ _ _ _ _ _ _ _ _ _ _ _ _ _ _ _ _ _ _ _ _ _ _ _ _ _ _ _ _ _ _ _ _ 

    from fastapi import APIRouter, Depends, HTTPException
    from typing import List
    from datetime import datetime
    from app.database import erros_sistema
    from app.schemas.sistema import ErrorLogCreate, ErrorLogResponse
    from app.security import get_usuario_atual
>   from app.schemas.auth import UserInDB
E   ModuleNotFoundError: No module named 'app.schemas.auth'

app/routers/sistema.py:7: ModuleNotFoundError
_______ ERROR at setup of TestUploadCSV.test_upload_csv_conteudo_preview _______

self = <Coroutine test_upload_csv_conteudo_preview>

    def setup(self) -> None:
        runner_fixture_id = f"_{self._loop_scope}_scoped_runner"
        if runner_fixture_id not in self.fixturenames:
            self.fixturenames.append(runner_fixture_id)
        # When loop factories are configured, resolve the loop factory
        # fixture early so that a factory variant change cascades cache
        # invalidation before any async fixture checks its cache.
        hook_caller = self.config.hook.pytest_asyncio_loop_factories
        if hook_caller.get_hookimpls():
            _ = self._request.getfixturevalue(_asyncio_loop_factory.__name__)
>       return super().setup()
               ^^^^^^^^^^^^^^^

.venv/lib/python3.12/site-packages/pytest_asyncio/plugin.py:558: 
_ _ _ _ _ _ _ _ _ _ _ _ _ _ _ _ _ _ _ _ _ _ _ _ _ _ _ _ _ _ _ _ _ _ _ _ _ _ _ _ 
.venv/lib/python3.12/site-packages/pytest_asyncio/plugin.py:944: in pytest_fixture_setup
    hook_result = yield
                  ^^^^^
.venv/lib/python3.12/site-packages/pytest_asyncio/plugin.py:407: in _asyncgen_fixture_wrapper
    result = runner.run(setup(), context=context)
             ^^^^^^^^^^^^^^^^^^^^^^^^^^^^^^^^^^^^
/opt/homebrew/Cellar/python@3.12/3.12.13_4/Frameworks/Python.framework/Versions/3.12/lib/python3.12/asyncio/runners.py:118: in run
    return self._loop.run_until_complete(task)
           ^^^^^^^^^^^^^^^^^^^^^^^^^^^^^^^^^^^
/opt/homebrew/Cellar/python@3.12/3.12.13_4/Frameworks/Python.framework/Versions/3.12/lib/python3.12/asyncio/base_events.py:691: in run_until_complete
    return future.result()
           ^^^^^^^^^^^^^^^
.venv/lib/python3.12/site-packages/pytest_asyncio/plugin.py:403: in setup
    res = await gen_obj.__anext__()
          ^^^^^^^^^^^^^^^^^^^^^^^^^
tests/conftest.py:96: in client
    from app.main import app
app/main.py:41: in <module>
    from app.routers import sistema
_ _ _ _ _ _ _ _ _ _ _ _ _ _ _ _ _ _ _ _ _ _ _ _ _ _ _ _ _ _ _ _ _ _ _ _ _ _ _ _ 

    from fastapi import APIRouter, Depends, HTTPException
    from typing import List
    from datetime import datetime
    from app.database import erros_sistema
    from app.schemas.sistema import ErrorLogCreate, ErrorLogResponse
    from app.security import get_usuario_atual
>   from app.schemas.auth import UserInDB
E   ModuleNotFoundError: No module named 'app.schemas.auth'

app/routers/sistema.py:7: ModuleNotFoundError
_____________ ERROR at setup of test_endpoint_rejeita_url_interna ______________

self = <Coroutine test_endpoint_rejeita_url_interna>

    def setup(self) -> None:
        runner_fixture_id = f"_{self._loop_scope}_scoped_runner"
        if runner_fixture_id not in self.fixturenames:
            self.fixturenames.append(runner_fixture_id)
        # When loop factories are configured, resolve the loop factory
        # fixture early so that a factory variant change cascades cache
        # invalidation before any async fixture checks its cache.
        hook_caller = self.config.hook.pytest_asyncio_loop_factories
        if hook_caller.get_hookimpls():
            _ = self._request.getfixturevalue(_asyncio_loop_factory.__name__)
>       return super().setup()
               ^^^^^^^^^^^^^^^

.venv/lib/python3.12/site-packages/pytest_asyncio/plugin.py:558: 
_ _ _ _ _ _ _ _ _ _ _ _ _ _ _ _ _ _ _ _ _ _ _ _ _ _ _ _ _ _ _ _ _ _ _ _ _ _ _ _ 
.venv/lib/python3.12/site-packages/pytest_asyncio/plugin.py:944: in pytest_fixture_setup
    hook_result = yield
                  ^^^^^
.venv/lib/python3.12/site-packages/pytest_asyncio/plugin.py:407: in _asyncgen_fixture_wrapper
    result = runner.run(setup(), context=context)
             ^^^^^^^^^^^^^^^^^^^^^^^^^^^^^^^^^^^^
/opt/homebrew/Cellar/python@3.12/3.12.13_4/Frameworks/Python.framework/Versions/3.12/lib/python3.12/asyncio/runners.py:118: in run
    return self._loop.run_until_complete(task)
           ^^^^^^^^^^^^^^^^^^^^^^^^^^^^^^^^^^^
/opt/homebrew/Cellar/python@3.12/3.12.13_4/Frameworks/Python.framework/Versions/3.12/lib/python3.12/asyncio/base_events.py:691: in run_until_complete
    return future.result()
           ^^^^^^^^^^^^^^^
.venv/lib/python3.12/site-packages/pytest_asyncio/plugin.py:403: in setup
    res = await gen_obj.__anext__()
          ^^^^^^^^^^^^^^^^^^^^^^^^^
tests/conftest.py:96: in client
    from app.main import app
app/main.py:41: in <module>
    from app.routers import sistema
_ _ _ _ _ _ _ _ _ _ _ _ _ _ _ _ _ _ _ _ _ _ _ _ _ _ _ _ _ _ _ _ _ _ _ _ _ _ _ _ 

    from fastapi import APIRouter, Depends, HTTPException
    from typing import List
    from datetime import datetime
    from app.database import erros_sistema
    from app.schemas.sistema import ErrorLogCreate, ErrorLogResponse
    from app.security import get_usuario_atual
>   from app.schemas.auth import UserInDB
E   ModuleNotFoundError: No module named 'app.schemas.auth'

app/routers/sistema.py:7: ModuleNotFoundError
___________ ERROR at setup of test_get_modelos_sem_flags_nao_quebra ____________

self = <Coroutine test_get_modelos_sem_flags_nao_quebra>

    def setup(self) -> None:
        runner_fixture_id = f"_{self._loop_scope}_scoped_runner"
        if runner_fixture_id not in self.fixturenames:
            self.fixturenames.append(runner_fixture_id)
        # When loop factories are configured, resolve the loop factory
        # fixture early so that a factory variant change cascades cache
        # invalidation before any async fixture checks its cache.
        hook_caller = self.config.hook.pytest_asyncio_loop_factories
        if hook_caller.get_hookimpls():
            _ = self._request.getfixturevalue(_asyncio_loop_factory.__name__)
>       return super().setup()
               ^^^^^^^^^^^^^^^

.venv/lib/python3.12/site-packages/pytest_asyncio/plugin.py:558: 
_ _ _ _ _ _ _ _ _ _ _ _ _ _ _ _ _ _ _ _ _ _ _ _ _ _ _ _ _ _ _ _ _ _ _ _ _ _ _ _ 
.venv/lib/python3.12/site-packages/pytest_asyncio/plugin.py:944: in pytest_fixture_setup
    hook_result = yield
                  ^^^^^
.venv/lib/python3.12/site-packages/pytest_asyncio/plugin.py:407: in _asyncgen_fixture_wrapper
    result = runner.run(setup(), context=context)
             ^^^^^^^^^^^^^^^^^^^^^^^^^^^^^^^^^^^^
/opt/homebrew/Cellar/python@3.12/3.12.13_4/Frameworks/Python.framework/Versions/3.12/lib/python3.12/asyncio/runners.py:118: in run
    return self._loop.run_until_complete(task)
           ^^^^^^^^^^^^^^^^^^^^^^^^^^^^^^^^^^^
/opt/homebrew/Cellar/python@3.12/3.12.13_4/Frameworks/Python.framework/Versions/3.12/lib/python3.12/asyncio/base_events.py:691: in run_until_complete
    return future.result()
           ^^^^^^^^^^^^^^^
.venv/lib/python3.12/site-packages/pytest_asyncio/plugin.py:403: in setup
    res = await gen_obj.__anext__()
          ^^^^^^^^^^^^^^^^^^^^^^^^^
tests/conftest.py:96: in client
    from app.main import app
app/main.py:41: in <module>
    from app.routers import sistema
_ _ _ _ _ _ _ _ _ _ _ _ _ _ _ _ _ _ _ _ _ _ _ _ _ _ _ _ _ _ _ _ _ _ _ _ _ _ _ _ 

    from fastapi import APIRouter, Depends, HTTPException
    from typing import List
    from datetime import datetime
    from app.database import erros_sistema
    from app.schemas.sistema import ErrorLogCreate, ErrorLogResponse
    from app.security import get_usuario_atual
>   from app.schemas.auth import UserInDB
E   ModuleNotFoundError: No module named 'app.schemas.auth'

app/routers/sistema.py:7: ModuleNotFoundError
__________________ ERROR at setup of test_post_item_aluno_403 __________________

self = <Coroutine test_post_item_aluno_403>

    def setup(self) -> None:
        runner_fixture_id = f"_{self._loop_scope}_scoped_runner"
        if runner_fixture_id not in self.fixturenames:
            self.fixturenames.append(runner_fixture_id)
        # When loop factories are configured, resolve the loop factory
        # fixture early so that a factory variant change cascades cache
        # invalidation before any async fixture checks its cache.
        hook_caller = self.config.hook.pytest_asyncio_loop_factories
        if hook_caller.get_hookimpls():
            _ = self._request.getfixturevalue(_asyncio_loop_factory.__name__)
>       return super().setup()
               ^^^^^^^^^^^^^^^

.venv/lib/python3.12/site-packages/pytest_asyncio/plugin.py:558: 
_ _ _ _ _ _ _ _ _ _ _ _ _ _ _ _ _ _ _ _ _ _ _ _ _ _ _ _ _ _ _ _ _ _ _ _ _ _ _ _ 
.venv/lib/python3.12/site-packages/pytest_asyncio/plugin.py:944: in pytest_fixture_setup
    hook_result = yield
                  ^^^^^
.venv/lib/python3.12/site-packages/pytest_asyncio/plugin.py:407: in _asyncgen_fixture_wrapper
    result = runner.run(setup(), context=context)
             ^^^^^^^^^^^^^^^^^^^^^^^^^^^^^^^^^^^^
/opt/homebrew/Cellar/python@3.12/3.12.13_4/Frameworks/Python.framework/Versions/3.12/lib/python3.12/asyncio/runners.py:118: in run
    return self._loop.run_until_complete(task)
           ^^^^^^^^^^^^^^^^^^^^^^^^^^^^^^^^^^^
/opt/homebrew/Cellar/python@3.12/3.12.13_4/Frameworks/Python.framework/Versions/3.12/lib/python3.12/asyncio/base_events.py:691: in run_until_complete
    return future.result()
           ^^^^^^^^^^^^^^^
.venv/lib/python3.12/site-packages/pytest_asyncio/plugin.py:403: in setup
    res = await gen_obj.__anext__()
          ^^^^^^^^^^^^^^^^^^^^^^^^^
tests/conftest.py:96: in client
    from app.main import app
app/main.py:41: in <module>
    from app.routers import sistema
_ _ _ _ _ _ _ _ _ _ _ _ _ _ _ _ _ _ _ _ _ _ _ _ _ _ _ _ _ _ _ _ _ _ _ _ _ _ _ _ 

    from fastapi import APIRouter, Depends, HTTPException
    from typing import List
    from datetime import datetime
    from app.database import erros_sistema
    from app.schemas.sistema import ErrorLogCreate, ErrorLogResponse
    from app.security import get_usuario_atual
>   from app.schemas.auth import UserInDB
E   ModuleNotFoundError: No module named 'app.schemas.auth'

app/routers/sistema.py:7: ModuleNotFoundError
______________ ERROR at setup of test_put_item_atualiza_e_audita _______________

self = <Coroutine test_put_item_atualiza_e_audita>

    def setup(self) -> None:
        runner_fixture_id = f"_{self._loop_scope}_scoped_runner"
        if runner_fixture_id not in self.fixturenames:
            self.fixturenames.append(runner_fixture_id)
        # When loop factories are configured, resolve the loop factory
        # fixture early so that a factory variant change cascades cache
        # invalidation before any async fixture checks its cache.
        hook_caller = self.config.hook.pytest_asyncio_loop_factories
        if hook_caller.get_hookimpls():
            _ = self._request.getfixturevalue(_asyncio_loop_factory.__name__)
>       return super().setup()
               ^^^^^^^^^^^^^^^

.venv/lib/python3.12/site-packages/pytest_asyncio/plugin.py:558: 
_ _ _ _ _ _ _ _ _ _ _ _ _ _ _ _ _ _ _ _ _ _ _ _ _ _ _ _ _ _ _ _ _ _ _ _ _ _ _ _ 
.venv/lib/python3.12/site-packages/pytest_asyncio/plugin.py:944: in pytest_fixture_setup
    hook_result = yield
                  ^^^^^
.venv/lib/python3.12/site-packages/pytest_asyncio/plugin.py:407: in _asyncgen_fixture_wrapper
    result = runner.run(setup(), context=context)
             ^^^^^^^^^^^^^^^^^^^^^^^^^^^^^^^^^^^^
/opt/homebrew/Cellar/python@3.12/3.12.13_4/Frameworks/Python.framework/Versions/3.12/lib/python3.12/asyncio/runners.py:118: in run
    return self._loop.run_until_complete(task)
           ^^^^^^^^^^^^^^^^^^^^^^^^^^^^^^^^^^^
/opt/homebrew/Cellar/python@3.12/3.12.13_4/Frameworks/Python.framework/Versions/3.12/lib/python3.12/asyncio/base_events.py:691: in run_until_complete
    return future.result()
           ^^^^^^^^^^^^^^^
.venv/lib/python3.12/site-packages/pytest_asyncio/plugin.py:403: in setup
    res = await gen_obj.__anext__()
          ^^^^^^^^^^^^^^^^^^^^^^^^^
tests/conftest.py:96: in client
    from app.main import app
app/main.py:41: in <module>
    from app.routers import sistema
_ _ _ _ _ _ _ _ _ _ _ _ _ _ _ _ _ _ _ _ _ _ _ _ _ _ _ _ _ _ _ _ _ _ _ _ _ _ _ _ 

    from fastapi import APIRouter, Depends, HTTPException
    from typing import List
    from datetime import datetime
    from app.database import erros_sistema
    from app.schemas.sistema import ErrorLogCreate, ErrorLogResponse
    from app.security import get_usuario_atual
>   from app.schemas.auth import UserInDB
E   ModuleNotFoundError: No module named 'app.schemas.auth'

app/routers/sistema.py:7: ModuleNotFoundError
_____________ ERROR at setup of test_post_item_exige_valor_e_label _____________

self = <Coroutine test_post_item_exige_valor_e_label>

    def setup(self) -> None:
        runner_fixture_id = f"_{self._loop_scope}_scoped_runner"
        if runner_fixture_id not in self.fixturenames:
            self.fixturenames.append(runner_fixture_id)
        # When loop factories are configured, resolve the loop factory
        # fixture early so that a factory variant change cascades cache
        # invalidation before any async fixture checks its cache.
        hook_caller = self.config.hook.pytest_asyncio_loop_factories
        if hook_caller.get_hookimpls():
            _ = self._request.getfixturevalue(_asyncio_loop_factory.__name__)
>       return super().setup()
               ^^^^^^^^^^^^^^^

.venv/lib/python3.12/site-packages/pytest_asyncio/plugin.py:558: 
_ _ _ _ _ _ _ _ _ _ _ _ _ _ _ _ _ _ _ _ _ _ _ _ _ _ _ _ _ _ _ _ _ _ _ _ _ _ _ _ 
.venv/lib/python3.12/site-packages/pytest_asyncio/plugin.py:944: in pytest_fixture_setup
    hook_result = yield
                  ^^^^^
.venv/lib/python3.12/site-packages/pytest_asyncio/plugin.py:407: in _asyncgen_fixture_wrapper
    result = runner.run(setup(), context=context)
             ^^^^^^^^^^^^^^^^^^^^^^^^^^^^^^^^^^^^
/opt/homebrew/Cellar/python@3.12/3.12.13_4/Frameworks/Python.framework/Versions/3.12/lib/python3.12/asyncio/runners.py:118: in run
    return self._loop.run_until_complete(task)
           ^^^^^^^^^^^^^^^^^^^^^^^^^^^^^^^^^^^
/opt/homebrew/Cellar/python@3.12/3.12.13_4/Frameworks/Python.framework/Versions/3.12/lib/python3.12/asyncio/base_events.py:691: in run_until_complete
    return future.result()
           ^^^^^^^^^^^^^^^
.venv/lib/python3.12/site-packages/pytest_asyncio/plugin.py:403: in setup
    res = await gen_obj.__anext__()
          ^^^^^^^^^^^^^^^^^^^^^^^^^
tests/conftest.py:96: in client
    from app.main import app
app/main.py:41: in <module>
    from app.routers import sistema
_ _ _ _ _ _ _ _ _ _ _ _ _ _ _ _ _ _ _ _ _ _ _ _ _ _ _ _ _ _ _ _ _ _ _ _ _ _ _ _ 

    from fastapi import APIRouter, Depends, HTTPException
    from typing import List
    from datetime import datetime
    from app.database import erros_sistema
    from app.schemas.sistema import ErrorLogCreate, ErrorLogResponse
    from app.security import get_usuario_atual
>   from app.schemas.auth import UserInDB
E   ModuleNotFoundError: No module named 'app.schemas.auth'

app/routers/sistema.py:7: ModuleNotFoundError
____________________ ERROR at setup of test_post_item_cria _____________________

self = <Coroutine test_post_item_cria>

    def setup(self) -> None:
        runner_fixture_id = f"_{self._loop_scope}_scoped_runner"
        if runner_fixture_id not in self.fixturenames:
            self.fixturenames.append(runner_fixture_id)
        # When loop factories are configured, resolve the loop factory
        # fixture early so that a factory variant change cascades cache
        # invalidation before any async fixture checks its cache.
        hook_caller = self.config.hook.pytest_asyncio_loop_factories
        if hook_caller.get_hookimpls():
            _ = self._request.getfixturevalue(_asyncio_loop_factory.__name__)
>       return super().setup()
               ^^^^^^^^^^^^^^^

.venv/lib/python3.12/site-packages/pytest_asyncio/plugin.py:558: 
_ _ _ _ _ _ _ _ _ _ _ _ _ _ _ _ _ _ _ _ _ _ _ _ _ _ _ _ _ _ _ _ _ _ _ _ _ _ _ _ 
.venv/lib/python3.12/site-packages/pytest_asyncio/plugin.py:944: in pytest_fixture_setup
    hook_result = yield
                  ^^^^^
.venv/lib/python3.12/site-packages/pytest_asyncio/plugin.py:407: in _asyncgen_fixture_wrapper
    result = runner.run(setup(), context=context)
             ^^^^^^^^^^^^^^^^^^^^^^^^^^^^^^^^^^^^
/opt/homebrew/Cellar/python@3.12/3.12.13_4/Frameworks/Python.framework/Versions/3.12/lib/python3.12/asyncio/runners.py:118: in run
    return self._loop.run_until_complete(task)
           ^^^^^^^^^^^^^^^^^^^^^^^^^^^^^^^^^^^
/opt/homebrew/Cellar/python@3.12/3.12.13_4/Frameworks/Python.framework/Versions/3.12/lib/python3.12/asyncio/base_events.py:691: in run_until_complete
    return future.result()
           ^^^^^^^^^^^^^^^
.venv/lib/python3.12/site-packages/pytest_asyncio/plugin.py:403: in setup
    res = await gen_obj.__anext__()
          ^^^^^^^^^^^^^^^^^^^^^^^^^
tests/conftest.py:96: in client
    from app.main import app
app/main.py:41: in <module>
    from app.routers import sistema
_ _ _ _ _ _ _ _ _ _ _ _ _ _ _ _ _ _ _ _ _ _ _ _ _ _ _ _ _ _ _ _ _ _ _ _ _ _ _ _ 

    from fastapi import APIRouter, Depends, HTTPException
    from typing import List
    from datetime import datetime
    from app.database import erros_sistema
    from app.schemas.sistema import ErrorLogCreate, ErrorLogResponse
    from app.security import get_usuario_atual
>   from app.schemas.auth import UserInDB
E   ModuleNotFoundError: No module named 'app.schemas.auth'

app/routers/sistema.py:7: ModuleNotFoundError
______________________ ERROR at setup of test_delete_item ______________________

self = <Coroutine test_delete_item>

    def setup(self) -> None:
        runner_fixture_id = f"_{self._loop_scope}_scoped_runner"
        if runner_fixture_id not in self.fixturenames:
            self.fixturenames.append(runner_fixture_id)
        # When loop factories are configured, resolve the loop factory
        # fixture early so that a factory variant change cascades cache
        # invalidation before any async fixture checks its cache.
        hook_caller = self.config.hook.pytest_asyncio_loop_factories
        if hook_caller.get_hookimpls():
            _ = self._request.getfixturevalue(_asyncio_loop_factory.__name__)
>       return super().setup()
               ^^^^^^^^^^^^^^^

.venv/lib/python3.12/site-packages/pytest_asyncio/plugin.py:558: 
_ _ _ _ _ _ _ _ _ _ _ _ _ _ _ _ _ _ _ _ _ _ _ _ _ _ _ _ _ _ _ _ _ _ _ _ _ _ _ _ 
.venv/lib/python3.12/site-packages/pytest_asyncio/plugin.py:944: in pytest_fixture_setup
    hook_result = yield
                  ^^^^^
.venv/lib/python3.12/site-packages/pytest_asyncio/plugin.py:407: in _asyncgen_fixture_wrapper
    result = runner.run(setup(), context=context)
             ^^^^^^^^^^^^^^^^^^^^^^^^^^^^^^^^^^^^
/opt/homebrew/Cellar/python@3.12/3.12.13_4/Frameworks/Python.framework/Versions/3.12/lib/python3.12/asyncio/runners.py:118: in run
    return self._loop.run_until_complete(task)
           ^^^^^^^^^^^^^^^^^^^^^^^^^^^^^^^^^^^
/opt/homebrew/Cellar/python@3.12/3.12.13_4/Frameworks/Python.framework/Versions/3.12/lib/python3.12/asyncio/base_events.py:691: in run_until_complete
    return future.result()
           ^^^^^^^^^^^^^^^
.venv/lib/python3.12/site-packages/pytest_asyncio/plugin.py:403: in setup
    res = await gen_obj.__anext__()
          ^^^^^^^^^^^^^^^^^^^^^^^^^
tests/conftest.py:96: in client
    from app.main import app
app/main.py:41: in <module>
    from app.routers import sistema
_ _ _ _ _ _ _ _ _ _ _ _ _ _ _ _ _ _ _ _ _ _ _ _ _ _ _ _ _ _ _ _ _ _ _ _ _ _ _ _ 

    from fastapi import APIRouter, Depends, HTTPException
    from typing import List
    from datetime import datetime
    from app.database import erros_sistema
    from app.schemas.sistema import ErrorLogCreate, ErrorLogResponse
    from app.security import get_usuario_atual
>   from app.schemas.auth import UserInDB
E   ModuleNotFoundError: No module named 'app.schemas.auth'

app/routers/sistema.py:7: ModuleNotFoundError
___________ ERROR at setup of test_put_pre_processamento_doc_upsert ____________

self = <Coroutine test_put_pre_processamento_doc_upsert>

    def setup(self) -> None:
        runner_fixture_id = f"_{self._loop_scope}_scoped_runner"
        if runner_fixture_id not in self.fixturenames:
            self.fixturenames.append(runner_fixture_id)
        # When loop factories are configured, resolve the loop factory
        # fixture early so that a factory variant change cascades cache
        # invalidation before any async fixture checks its cache.
        hook_caller = self.config.hook.pytest_asyncio_loop_factories
        if hook_caller.get_hookimpls():
            _ = self._request.getfixturevalue(_asyncio_loop_factory.__name__)
>       return super().setup()
               ^^^^^^^^^^^^^^^

.venv/lib/python3.12/site-packages/pytest_asyncio/plugin.py:558: 
_ _ _ _ _ _ _ _ _ _ _ _ _ _ _ _ _ _ _ _ _ _ _ _ _ _ _ _ _ _ _ _ _ _ _ _ _ _ _ _ 
.venv/lib/python3.12/site-packages/pytest_asyncio/plugin.py:944: in pytest_fixture_setup
    hook_result = yield
                  ^^^^^
.venv/lib/python3.12/site-packages/pytest_asyncio/plugin.py:407: in _asyncgen_fixture_wrapper
    result = runner.run(setup(), context=context)
             ^^^^^^^^^^^^^^^^^^^^^^^^^^^^^^^^^^^^
/opt/homebrew/Cellar/python@3.12/3.12.13_4/Frameworks/Python.framework/Versions/3.12/lib/python3.12/asyncio/runners.py:118: in run
    return self._loop.run_until_complete(task)
           ^^^^^^^^^^^^^^^^^^^^^^^^^^^^^^^^^^^
/opt/homebrew/Cellar/python@3.12/3.12.13_4/Frameworks/Python.framework/Versions/3.12/lib/python3.12/asyncio/base_events.py:691: in run_until_complete
    return future.result()
           ^^^^^^^^^^^^^^^
.venv/lib/python3.12/site-packages/pytest_asyncio/plugin.py:403: in setup
    res = await gen_obj.__anext__()
          ^^^^^^^^^^^^^^^^^^^^^^^^^
tests/conftest.py:96: in client
    from app.main import app
app/main.py:41: in <module>
    from app.routers import sistema
_ _ _ _ _ _ _ _ _ _ _ _ _ _ _ _ _ _ _ _ _ _ _ _ _ _ _ _ _ _ _ _ _ _ _ _ _ _ _ _ 

    from fastapi import APIRouter, Depends, HTTPException
    from typing import List
    from datetime import datetime
    from app.database import erros_sistema
    from app.schemas.sistema import ErrorLogCreate, ErrorLogResponse
    from app.security import get_usuario_atual
>   from app.schemas.auth import UserInDB
E   ModuleNotFoundError: No module named 'app.schemas.auth'

app/routers/sistema.py:7: ModuleNotFoundError
______________ ERROR at setup of test_put_execucao_sklearn_passa _______________

self = <Coroutine test_put_execucao_sklearn_passa>

    def setup(self) -> None:
        runner_fixture_id = f"_{self._loop_scope}_scoped_runner"
        if runner_fixture_id not in self.fixturenames:
            self.fixturenames.append(runner_fixture_id)
        # When loop factories are configured, resolve the loop factory
        # fixture early so that a factory variant change cascades cache
        # invalidation before any async fixture checks its cache.
        hook_caller = self.config.hook.pytest_asyncio_loop_factories
        if hook_caller.get_hookimpls():
            _ = self._request.getfixturevalue(_asyncio_loop_factory.__name__)
>       return super().setup()
               ^^^^^^^^^^^^^^^

.venv/lib/python3.12/site-packages/pytest_asyncio/plugin.py:558: 
_ _ _ _ _ _ _ _ _ _ _ _ _ _ _ _ _ _ _ _ _ _ _ _ _ _ _ _ _ _ _ _ _ _ _ _ _ _ _ _ 
.venv/lib/python3.12/site-packages/pytest_asyncio/plugin.py:944: in pytest_fixture_setup
    hook_result = yield
                  ^^^^^
.venv/lib/python3.12/site-packages/pytest_asyncio/plugin.py:407: in _asyncgen_fixture_wrapper
    result = runner.run(setup(), context=context)
             ^^^^^^^^^^^^^^^^^^^^^^^^^^^^^^^^^^^^
/opt/homebrew/Cellar/python@3.12/3.12.13_4/Frameworks/Python.framework/Versions/3.12/lib/python3.12/asyncio/runners.py:118: in run
    return self._loop.run_until_complete(task)
           ^^^^^^^^^^^^^^^^^^^^^^^^^^^^^^^^^^^
/opt/homebrew/Cellar/python@3.12/3.12.13_4/Frameworks/Python.framework/Versions/3.12/lib/python3.12/asyncio/base_events.py:691: in run_until_complete
    return future.result()
           ^^^^^^^^^^^^^^^
.venv/lib/python3.12/site-packages/pytest_asyncio/plugin.py:403: in setup
    res = await gen_obj.__anext__()
          ^^^^^^^^^^^^^^^^^^^^^^^^^
tests/conftest.py:96: in client
    from app.main import app
app/main.py:41: in <module>
    from app.routers import sistema
_ _ _ _ _ _ _ _ _ _ _ _ _ _ _ _ _ _ _ _ _ _ _ _ _ _ _ _ _ _ _ _ _ _ _ _ _ _ _ _ 

    from fastapi import APIRouter, Depends, HTTPException
    from typing import List
    from datetime import datetime
    from app.database import erros_sistema
    from app.schemas.sistema import ErrorLogCreate, ErrorLogResponse
    from app.security import get_usuario_atual
>   from app.schemas.auth import UserInDB
E   ModuleNotFoundError: No module named 'app.schemas.auth'

app/routers/sistema.py:7: ModuleNotFoundError
___________ ERROR at setup of test_put_execucao_modulo_proibido_400 ____________

self = <Coroutine test_put_execucao_modulo_proibido_400>

    def setup(self) -> None:
        runner_fixture_id = f"_{self._loop_scope}_scoped_runner"
        if runner_fixture_id not in self.fixturenames:
            self.fixturenames.append(runner_fixture_id)
        # When loop factories are configured, resolve the loop factory
        # fixture early so that a factory variant change cascades cache
        # invalidation before any async fixture checks its cache.
        hook_caller = self.config.hook.pytest_asyncio_loop_factories
        if hook_caller.get_hookimpls():
            _ = self._request.getfixturevalue(_asyncio_loop_factory.__name__)
>       return super().setup()
               ^^^^^^^^^^^^^^^

.venv/lib/python3.12/site-packages/pytest_asyncio/plugin.py:558: 
_ _ _ _ _ _ _ _ _ _ _ _ _ _ _ _ _ _ _ _ _ _ _ _ _ _ _ _ _ _ _ _ _ _ _ _ _ _ _ _ 
.venv/lib/python3.12/site-packages/pytest_asyncio/plugin.py:944: in pytest_fixture_setup
    hook_result = yield
                  ^^^^^
.venv/lib/python3.12/site-packages/pytest_asyncio/plugin.py:407: in _asyncgen_fixture_wrapper
    result = runner.run(setup(), context=context)
             ^^^^^^^^^^^^^^^^^^^^^^^^^^^^^^^^^^^^
/opt/homebrew/Cellar/python@3.12/3.12.13_4/Frameworks/Python.framework/Versions/3.12/lib/python3.12/asyncio/runners.py:118: in run
    return self._loop.run_until_complete(task)
           ^^^^^^^^^^^^^^^^^^^^^^^^^^^^^^^^^^^
/opt/homebrew/Cellar/python@3.12/3.12.13_4/Frameworks/Python.framework/Versions/3.12/lib/python3.12/asyncio/base_events.py:691: in run_until_complete
    return future.result()
           ^^^^^^^^^^^^^^^
.venv/lib/python3.12/site-packages/pytest_asyncio/plugin.py:403: in setup
    res = await gen_obj.__anext__()
          ^^^^^^^^^^^^^^^^^^^^^^^^^
tests/conftest.py:96: in client
    from app.main import app
app/main.py:41: in <module>
    from app.routers import sistema
_ _ _ _ _ _ _ _ _ _ _ _ _ _ _ _ _ _ _ _ _ _ _ _ _ _ _ _ _ _ _ _ _ _ _ _ _ _ _ _ 

    from fastapi import APIRouter, Depends, HTTPException
    from typing import List
    from datetime import datetime
    from app.database import erros_sistema
    from app.schemas.sistema import ErrorLogCreate, ErrorLogResponse
    from app.security import get_usuario_atual
>   from app.schemas.auth import UserInDB
E   ModuleNotFoundError: No module named 'app.schemas.auth'

app/routers/sistema.py:7: ModuleNotFoundError
______________ ERROR at setup of test_put_execucao_sem_modulo_400 ______________

self = <Coroutine test_put_execucao_sem_modulo_400>

    def setup(self) -> None:
        runner_fixture_id = f"_{self._loop_scope}_scoped_runner"
        if runner_fixture_id not in self.fixturenames:
            self.fixturenames.append(runner_fixture_id)
        # When loop factories are configured, resolve the loop factory
        # fixture early so that a factory variant change cascades cache
        # invalidation before any async fixture checks its cache.
        hook_caller = self.config.hook.pytest_asyncio_loop_factories
        if hook_caller.get_hookimpls():
            _ = self._request.getfixturevalue(_asyncio_loop_factory.__name__)
>       return super().setup()
               ^^^^^^^^^^^^^^^

.venv/lib/python3.12/site-packages/pytest_asyncio/plugin.py:558: 
_ _ _ _ _ _ _ _ _ _ _ _ _ _ _ _ _ _ _ _ _ _ _ _ _ _ _ _ _ _ _ _ _ _ _ _ _ _ _ _ 
.venv/lib/python3.12/site-packages/pytest_asyncio/plugin.py:944: in pytest_fixture_setup
    hook_result = yield
                  ^^^^^
.venv/lib/python3.12/site-packages/pytest_asyncio/plugin.py:407: in _asyncgen_fixture_wrapper
    result = runner.run(setup(), context=context)
             ^^^^^^^^^^^^^^^^^^^^^^^^^^^^^^^^^^^^
/opt/homebrew/Cellar/python@3.12/3.12.13_4/Frameworks/Python.framework/Versions/3.12/lib/python3.12/asyncio/runners.py:118: in run
    return self._loop.run_until_complete(task)
           ^^^^^^^^^^^^^^^^^^^^^^^^^^^^^^^^^^^
/opt/homebrew/Cellar/python@3.12/3.12.13_4/Frameworks/Python.framework/Versions/3.12/lib/python3.12/asyncio/base_events.py:691: in run_until_complete
    return future.result()
           ^^^^^^^^^^^^^^^
.venv/lib/python3.12/site-packages/pytest_asyncio/plugin.py:403: in setup
    res = await gen_obj.__anext__()
          ^^^^^^^^^^^^^^^^^^^^^^^^^
tests/conftest.py:96: in client
    from app.main import app
app/main.py:41: in <module>
    from app.routers import sistema
_ _ _ _ _ _ _ _ _ _ _ _ _ _ _ _ _ _ _ _ _ _ _ _ _ _ _ _ _ _ _ _ _ _ _ _ _ _ _ _ 

    from fastapi import APIRouter, Depends, HTTPException
    from typing import List
    from datetime import datetime
    from app.database import erros_sistema
    from app.schemas.sistema import ErrorLogCreate, ErrorLogResponse
    from app.security import get_usuario_atual
>   from app.schemas.auth import UserInDB
E   ModuleNotFoundError: No module named 'app.schemas.auth'

app/routers/sistema.py:7: ModuleNotFoundError
___________ ERROR at setup of test_put_execucao_enum_sem_opcoes_400 ____________

self = <Coroutine test_put_execucao_enum_sem_opcoes_400>

    def setup(self) -> None:
        runner_fixture_id = f"_{self._loop_scope}_scoped_runner"
        if runner_fixture_id not in self.fixturenames:
            self.fixturenames.append(runner_fixture_id)
        # When loop factories are configured, resolve the loop factory
        # fixture early so that a factory variant change cascades cache
        # invalidation before any async fixture checks its cache.
        hook_caller = self.config.hook.pytest_asyncio_loop_factories
        if hook_caller.get_hookimpls():
            _ = self._request.getfixturevalue(_asyncio_loop_factory.__name__)
>       return super().setup()
               ^^^^^^^^^^^^^^^

.venv/lib/python3.12/site-packages/pytest_asyncio/plugin.py:558: 
_ _ _ _ _ _ _ _ _ _ _ _ _ _ _ _ _ _ _ _ _ _ _ _ _ _ _ _ _ _ _ _ _ _ _ _ _ _ _ _ 
.venv/lib/python3.12/site-packages/pytest_asyncio/plugin.py:944: in pytest_fixture_setup
    hook_result = yield
                  ^^^^^
.venv/lib/python3.12/site-packages/pytest_asyncio/plugin.py:407: in _asyncgen_fixture_wrapper
    result = runner.run(setup(), context=context)
             ^^^^^^^^^^^^^^^^^^^^^^^^^^^^^^^^^^^^
/opt/homebrew/Cellar/python@3.12/3.12.13_4/Frameworks/Python.framework/Versions/3.12/lib/python3.12/asyncio/runners.py:118: in run
    return self._loop.run_until_complete(task)
           ^^^^^^^^^^^^^^^^^^^^^^^^^^^^^^^^^^^
/opt/homebrew/Cellar/python@3.12/3.12.13_4/Frameworks/Python.framework/Versions/3.12/lib/python3.12/asyncio/base_events.py:691: in run_until_complete
    return future.result()
           ^^^^^^^^^^^^^^^
.venv/lib/python3.12/site-packages/pytest_asyncio/plugin.py:403: in setup
    res = await gen_obj.__anext__()
          ^^^^^^^^^^^^^^^^^^^^^^^^^
tests/conftest.py:96: in client
    from app.main import app
app/main.py:41: in <module>
    from app.routers import sistema
_ _ _ _ _ _ _ _ _ _ _ _ _ _ _ _ _ _ _ _ _ _ _ _ _ _ _ _ _ _ _ _ _ _ _ _ _ _ _ _ 

    from fastapi import APIRouter, Depends, HTTPException
    from typing import List
    from datetime import datetime
    from app.database import erros_sistema
    from app.schemas.sistema import ErrorLogCreate, ErrorLogResponse
    from app.security import get_usuario_atual
>   from app.schemas.auth import UserInDB
E   ModuleNotFoundError: No module named 'app.schemas.auth'

app/routers/sistema.py:7: ModuleNotFoundError
_________ ERROR at setup of test_put_execucao_hiperparam_duplicado_400 _________

self = <Coroutine test_put_execucao_hiperparam_duplicado_400>

    def setup(self) -> None:
        runner_fixture_id = f"_{self._loop_scope}_scoped_runner"
        if runner_fixture_id not in self.fixturenames:
            self.fixturenames.append(runner_fixture_id)
        # When loop factories are configured, resolve the loop factory
        # fixture early so that a factory variant change cascades cache
        # invalidation before any async fixture checks its cache.
        hook_caller = self.config.hook.pytest_asyncio_loop_factories
        if hook_caller.get_hookimpls():
            _ = self._request.getfixturevalue(_asyncio_loop_factory.__name__)
>       return super().setup()
               ^^^^^^^^^^^^^^^

.venv/lib/python3.12/site-packages/pytest_asyncio/plugin.py:558: 
_ _ _ _ _ _ _ _ _ _ _ _ _ _ _ _ _ _ _ _ _ _ _ _ _ _ _ _ _ _ _ _ _ _ _ _ _ _ _ _ 
.venv/lib/python3.12/site-packages/pytest_asyncio/plugin.py:944: in pytest_fixture_setup
    hook_result = yield
                  ^^^^^
.venv/lib/python3.12/site-packages/pytest_asyncio/plugin.py:407: in _asyncgen_fixture_wrapper
    result = runner.run(setup(), context=context)
             ^^^^^^^^^^^^^^^^^^^^^^^^^^^^^^^^^^^^
/opt/homebrew/Cellar/python@3.12/3.12.13_4/Frameworks/Python.framework/Versions/3.12/lib/python3.12/asyncio/runners.py:118: in run
    return self._loop.run_until_complete(task)
           ^^^^^^^^^^^^^^^^^^^^^^^^^^^^^^^^^^^
/opt/homebrew/Cellar/python@3.12/3.12.13_4/Frameworks/Python.framework/Versions/3.12/lib/python3.12/asyncio/base_events.py:691: in run_until_complete
    return future.result()
           ^^^^^^^^^^^^^^^
.venv/lib/python3.12/site-packages/pytest_asyncio/plugin.py:403: in setup
    res = await gen_obj.__anext__()
          ^^^^^^^^^^^^^^^^^^^^^^^^^
tests/conftest.py:96: in client
    from app.main import app
app/main.py:41: in <module>
    from app.routers import sistema
_ _ _ _ _ _ _ _ _ _ _ _ _ _ _ _ _ _ _ _ _ _ _ _ _ _ _ _ _ _ _ _ _ _ _ _ _ _ _ _ 

    from fastapi import APIRouter, Depends, HTTPException
    from typing import List
    from datetime import datetime
    from app.database import erros_sistema
    from app.schemas.sistema import ErrorLogCreate, ErrorLogResponse
    from app.security import get_usuario_atual
>   from app.schemas.auth import UserInDB
E   ModuleNotFoundError: No module named 'app.schemas.auth'

app/routers/sistema.py:7: ModuleNotFoundError
_________ ERROR at setup of test_put_sem_execucao_continua_funcionando _________

self = <Coroutine test_put_sem_execucao_continua_funcionando>

    def setup(self) -> None:
        runner_fixture_id = f"_{self._loop_scope}_scoped_runner"
        if runner_fixture_id not in self.fixturenames:
            self.fixturenames.append(runner_fixture_id)
        # When loop factories are configured, resolve the loop factory
        # fixture early so that a factory variant change cascades cache
        # invalidation before any async fixture checks its cache.
        hook_caller = self.config.hook.pytest_asyncio_loop_factories
        if hook_caller.get_hookimpls():
            _ = self._request.getfixturevalue(_asyncio_loop_factory.__name__)
>       return super().setup()
               ^^^^^^^^^^^^^^^

.venv/lib/python3.12/site-packages/pytest_asyncio/plugin.py:558: 
_ _ _ _ _ _ _ _ _ _ _ _ _ _ _ _ _ _ _ _ _ _ _ _ _ _ _ _ _ _ _ _ _ _ _ _ _ _ _ _ 
.venv/lib/python3.12/site-packages/pytest_asyncio/plugin.py:944: in pytest_fixture_setup
    hook_result = yield
                  ^^^^^
.venv/lib/python3.12/site-packages/pytest_asyncio/plugin.py:407: in _asyncgen_fixture_wrapper
    result = runner.run(setup(), context=context)
             ^^^^^^^^^^^^^^^^^^^^^^^^^^^^^^^^^^^^
/opt/homebrew/Cellar/python@3.12/3.12.13_4/Frameworks/Python.framework/Versions/3.12/lib/python3.12/asyncio/runners.py:118: in run
    return self._loop.run_until_complete(task)
           ^^^^^^^^^^^^^^^^^^^^^^^^^^^^^^^^^^^
/opt/homebrew/Cellar/python@3.12/3.12.13_4/Frameworks/Python.framework/Versions/3.12/lib/python3.12/asyncio/base_events.py:691: in run_until_complete
    return future.result()
           ^^^^^^^^^^^^^^^
.venv/lib/python3.12/site-packages/pytest_asyncio/plugin.py:403: in setup
    res = await gen_obj.__anext__()
          ^^^^^^^^^^^^^^^^^^^^^^^^^
tests/conftest.py:96: in client
    from app.main import app
app/main.py:41: in <module>
    from app.routers import sistema
_ _ _ _ _ _ _ _ _ _ _ _ _ _ _ _ _ _ _ _ _ _ _ _ _ _ _ _ _ _ _ _ _ _ _ _ _ _ _ _ 

    from fastapi import APIRouter, Depends, HTTPException
    from typing import List
    from datetime import datetime
    from app.database import erros_sistema
    from app.schemas.sistema import ErrorLogCreate, ErrorLogResponse
    from app.security import get_usuario_atual
>   from app.schemas.auth import UserInDB
E   ModuleNotFoundError: No module named 'app.schemas.auth'

app/routers/sistema.py:7: ModuleNotFoundError
______ ERROR at setup of test_put_pre_processamento_execucao_valida_passa ______

self = <Coroutine test_put_pre_processamento_execucao_valida_passa>

    def setup(self) -> None:
        runner_fixture_id = f"_{self._loop_scope}_scoped_runner"
        if runner_fixture_id not in self.fixturenames:
            self.fixturenames.append(runner_fixture_id)
        # When loop factories are configured, resolve the loop factory
        # fixture early so that a factory variant change cascades cache
        # invalidation before any async fixture checks its cache.
        hook_caller = self.config.hook.pytest_asyncio_loop_factories
        if hook_caller.get_hookimpls():
            _ = self._request.getfixturevalue(_asyncio_loop_factory.__name__)
>       return super().setup()
               ^^^^^^^^^^^^^^^

.venv/lib/python3.12/site-packages/pytest_asyncio/plugin.py:558: 
_ _ _ _ _ _ _ _ _ _ _ _ _ _ _ _ _ _ _ _ _ _ _ _ _ _ _ _ _ _ _ _ _ _ _ _ _ _ _ _ 
.venv/lib/python3.12/site-packages/pytest_asyncio/plugin.py:944: in pytest_fixture_setup
    hook_result = yield
                  ^^^^^
.venv/lib/python3.12/site-packages/pytest_asyncio/plugin.py:407: in _asyncgen_fixture_wrapper
    result = runner.run(setup(), context=context)
             ^^^^^^^^^^^^^^^^^^^^^^^^^^^^^^^^^^^^
/opt/homebrew/Cellar/python@3.12/3.12.13_4/Frameworks/Python.framework/Versions/3.12/lib/python3.12/asyncio/runners.py:118: in run
    return self._loop.run_until_complete(task)
           ^^^^^^^^^^^^^^^^^^^^^^^^^^^^^^^^^^^
/opt/homebrew/Cellar/python@3.12/3.12.13_4/Frameworks/Python.framework/Versions/3.12/lib/python3.12/asyncio/base_events.py:691: in run_until_complete
    return future.result()
           ^^^^^^^^^^^^^^^
.venv/lib/python3.12/site-packages/pytest_asyncio/plugin.py:403: in setup
    res = await gen_obj.__anext__()
          ^^^^^^^^^^^^^^^^^^^^^^^^^
tests/conftest.py:96: in client
    from app.main import app
app/main.py:41: in <module>
    from app.routers import sistema
_ _ _ _ _ _ _ _ _ _ _ _ _ _ _ _ _ _ _ _ _ _ _ _ _ _ _ _ _ _ _ _ _ _ _ _ _ _ _ _ 

    from fastapi import APIRouter, Depends, HTTPException
    from typing import List
    from datetime import datetime
    from app.database import erros_sistema
    from app.schemas.sistema import ErrorLogCreate, ErrorLogResponse
    from app.security import get_usuario_atual
>   from app.schemas.auth import UserInDB
E   ModuleNotFoundError: No module named 'app.schemas.auth'

app/routers/sistema.py:7: ModuleNotFoundError
_________ ERROR at setup of test_put_execucao_metrica_com_funcao_passa _________

self = <Coroutine test_put_execucao_metrica_com_funcao_passa>

    def setup(self) -> None:
        runner_fixture_id = f"_{self._loop_scope}_scoped_runner"
        if runner_fixture_id not in self.fixturenames:
            self.fixturenames.append(runner_fixture_id)
        # When loop factories are configured, resolve the loop factory
        # fixture early so that a factory variant change cascades cache
        # invalidation before any async fixture checks its cache.
        hook_caller = self.config.hook.pytest_asyncio_loop_factories
        if hook_caller.get_hookimpls():
            _ = self._request.getfixturevalue(_asyncio_loop_factory.__name__)
>       return super().setup()
               ^^^^^^^^^^^^^^^

.venv/lib/python3.12/site-packages/pytest_asyncio/plugin.py:558: 
_ _ _ _ _ _ _ _ _ _ _ _ _ _ _ _ _ _ _ _ _ _ _ _ _ _ _ _ _ _ _ _ _ _ _ _ _ _ _ _ 
.venv/lib/python3.12/site-packages/pytest_asyncio/plugin.py:944: in pytest_fixture_setup
    hook_result = yield
                  ^^^^^
.venv/lib/python3.12/site-packages/pytest_asyncio/plugin.py:407: in _asyncgen_fixture_wrapper
    result = runner.run(setup(), context=context)
             ^^^^^^^^^^^^^^^^^^^^^^^^^^^^^^^^^^^^
/opt/homebrew/Cellar/python@3.12/3.12.13_4/Frameworks/Python.framework/Versions/3.12/lib/python3.12/asyncio/runners.py:118: in run
    return self._loop.run_until_complete(task)
           ^^^^^^^^^^^^^^^^^^^^^^^^^^^^^^^^^^^
/opt/homebrew/Cellar/python@3.12/3.12.13_4/Frameworks/Python.framework/Versions/3.12/lib/python3.12/asyncio/base_events.py:691: in run_until_complete
    return future.result()
           ^^^^^^^^^^^^^^^
.venv/lib/python3.12/site-packages/pytest_asyncio/plugin.py:403: in setup
    res = await gen_obj.__anext__()
          ^^^^^^^^^^^^^^^^^^^^^^^^^
tests/conftest.py:96: in client
    from app.main import app
app/main.py:41: in <module>
    from app.routers import sistema
_ _ _ _ _ _ _ _ _ _ _ _ _ _ _ _ _ _ _ _ _ _ _ _ _ _ _ _ _ _ _ _ _ _ _ _ _ _ _ _ 

    from fastapi import APIRouter, Depends, HTTPException
    from typing import List
    from datetime import datetime
    from app.database import erros_sistema
    from app.schemas.sistema import ErrorLogCreate, ErrorLogResponse
    from app.security import get_usuario_atual
>   from app.schemas.auth import UserInDB
E   ModuleNotFoundError: No module named 'app.schemas.auth'

app/routers/sistema.py:7: ModuleNotFoundError
________ ERROR at setup of test_put_execucao_classe_e_funcao_juntas_400 ________

self = <Coroutine test_put_execucao_classe_e_funcao_juntas_400>

    def setup(self) -> None:
        runner_fixture_id = f"_{self._loop_scope}_scoped_runner"
        if runner_fixture_id not in self.fixturenames:
            self.fixturenames.append(runner_fixture_id)
        # When loop factories are configured, resolve the loop factory
        # fixture early so that a factory variant change cascades cache
        # invalidation before any async fixture checks its cache.
        hook_caller = self.config.hook.pytest_asyncio_loop_factories
        if hook_caller.get_hookimpls():
            _ = self._request.getfixturevalue(_asyncio_loop_factory.__name__)
>       return super().setup()
               ^^^^^^^^^^^^^^^

.venv/lib/python3.12/site-packages/pytest_asyncio/plugin.py:558: 
_ _ _ _ _ _ _ _ _ _ _ _ _ _ _ _ _ _ _ _ _ _ _ _ _ _ _ _ _ _ _ _ _ _ _ _ _ _ _ _ 
.venv/lib/python3.12/site-packages/pytest_asyncio/plugin.py:944: in pytest_fixture_setup
    hook_result = yield
                  ^^^^^
.venv/lib/python3.12/site-packages/pytest_asyncio/plugin.py:407: in _asyncgen_fixture_wrapper
    result = runner.run(setup(), context=context)
             ^^^^^^^^^^^^^^^^^^^^^^^^^^^^^^^^^^^^
/opt/homebrew/Cellar/python@3.12/3.12.13_4/Frameworks/Python.framework/Versions/3.12/lib/python3.12/asyncio/runners.py:118: in run
    return self._loop.run_until_complete(task)
           ^^^^^^^^^^^^^^^^^^^^^^^^^^^^^^^^^^^
/opt/homebrew/Cellar/python@3.12/3.12.13_4/Frameworks/Python.framework/Versions/3.12/lib/python3.12/asyncio/base_events.py:691: in run_until_complete
    return future.result()
           ^^^^^^^^^^^^^^^
.venv/lib/python3.12/site-packages/pytest_asyncio/plugin.py:403: in setup
    res = await gen_obj.__anext__()
          ^^^^^^^^^^^^^^^^^^^^^^^^^
tests/conftest.py:96: in client
    from app.main import app
app/main.py:41: in <module>
    from app.routers import sistema
_ _ _ _ _ _ _ _ _ _ _ _ _ _ _ _ _ _ _ _ _ _ _ _ _ _ _ _ _ _ _ _ _ _ _ _ _ _ _ _ 

    from fastapi import APIRouter, Depends, HTTPException
    from typing import List
    from datetime import datetime
    from app.database import erros_sistema
    from app.schemas.sistema import ErrorLogCreate, ErrorLogResponse
    from app.security import get_usuario_atual
>   from app.schemas.auth import UserInDB
E   ModuleNotFoundError: No module named 'app.schemas.auth'

app/routers/sistema.py:7: ModuleNotFoundError
_____________ ERROR at setup of test_post_modelo_sem_execucao_400 ______________

self = <Coroutine test_post_modelo_sem_execucao_400>

    def setup(self) -> None:
        runner_fixture_id = f"_{self._loop_scope}_scoped_runner"
        if runner_fixture_id not in self.fixturenames:
            self.fixturenames.append(runner_fixture_id)
        # When loop factories are configured, resolve the loop factory
        # fixture early so that a factory variant change cascades cache
        # invalidation before any async fixture checks its cache.
        hook_caller = self.config.hook.pytest_asyncio_loop_factories
        if hook_caller.get_hookimpls():
            _ = self._request.getfixturevalue(_asyncio_loop_factory.__name__)
>       return super().setup()
               ^^^^^^^^^^^^^^^

.venv/lib/python3.12/site-packages/pytest_asyncio/plugin.py:558: 
_ _ _ _ _ _ _ _ _ _ _ _ _ _ _ _ _ _ _ _ _ _ _ _ _ _ _ _ _ _ _ _ _ _ _ _ _ _ _ _ 
.venv/lib/python3.12/site-packages/pytest_asyncio/plugin.py:944: in pytest_fixture_setup
    hook_result = yield
                  ^^^^^
.venv/lib/python3.12/site-packages/pytest_asyncio/plugin.py:407: in _asyncgen_fixture_wrapper
    result = runner.run(setup(), context=context)
             ^^^^^^^^^^^^^^^^^^^^^^^^^^^^^^^^^^^^
/opt/homebrew/Cellar/python@3.12/3.12.13_4/Frameworks/Python.framework/Versions/3.12/lib/python3.12/asyncio/runners.py:118: in run
    return self._loop.run_until_complete(task)
           ^^^^^^^^^^^^^^^^^^^^^^^^^^^^^^^^^^^
/opt/homebrew/Cellar/python@3.12/3.12.13_4/Frameworks/Python.framework/Versions/3.12/lib/python3.12/asyncio/base_events.py:691: in run_until_complete
    return future.result()
           ^^^^^^^^^^^^^^^
.venv/lib/python3.12/site-packages/pytest_asyncio/plugin.py:403: in setup
    res = await gen_obj.__anext__()
          ^^^^^^^^^^^^^^^^^^^^^^^^^
tests/conftest.py:96: in client
    from app.main import app
app/main.py:41: in <module>
    from app.routers import sistema
_ _ _ _ _ _ _ _ _ _ _ _ _ _ _ _ _ _ _ _ _ _ _ _ _ _ _ _ _ _ _ _ _ _ _ _ _ _ _ _ 

    from fastapi import APIRouter, Depends, HTTPException
    from typing import List
    from datetime import datetime
    from app.database import erros_sistema
    from app.schemas.sistema import ErrorLogCreate, ErrorLogResponse
    from app.security import get_usuario_atual
>   from app.schemas.auth import UserInDB
E   ModuleNotFoundError: No module named 'app.schemas.auth'

app/routers/sistema.py:7: ModuleNotFoundError
__________ ERROR at setup of test_post_modelo_com_execucao_seta_flags __________

self = <Coroutine test_post_modelo_com_execucao_seta_flags>

    def setup(self) -> None:
        runner_fixture_id = f"_{self._loop_scope}_scoped_runner"
        if runner_fixture_id not in self.fixturenames:
            self.fixturenames.append(runner_fixture_id)
        # When loop factories are configured, resolve the loop factory
        # fixture early so that a factory variant change cascades cache
        # invalidation before any async fixture checks its cache.
        hook_caller = self.config.hook.pytest_asyncio_loop_factories
        if hook_caller.get_hookimpls():
            _ = self._request.getfixturevalue(_asyncio_loop_factory.__name__)
>       return super().setup()
               ^^^^^^^^^^^^^^^

.venv/lib/python3.12/site-packages/pytest_asyncio/plugin.py:558: 
_ _ _ _ _ _ _ _ _ _ _ _ _ _ _ _ _ _ _ _ _ _ _ _ _ _ _ _ _ _ _ _ _ _ _ _ _ _ _ _ 
.venv/lib/python3.12/site-packages/pytest_asyncio/plugin.py:944: in pytest_fixture_setup
    hook_result = yield
                  ^^^^^
.venv/lib/python3.12/site-packages/pytest_asyncio/plugin.py:407: in _asyncgen_fixture_wrapper
    result = runner.run(setup(), context=context)
             ^^^^^^^^^^^^^^^^^^^^^^^^^^^^^^^^^^^^
/opt/homebrew/Cellar/python@3.12/3.12.13_4/Frameworks/Python.framework/Versions/3.12/lib/python3.12/asyncio/runners.py:118: in run
    return self._loop.run_until_complete(task)
           ^^^^^^^^^^^^^^^^^^^^^^^^^^^^^^^^^^^
/opt/homebrew/Cellar/python@3.12/3.12.13_4/Frameworks/Python.framework/Versions/3.12/lib/python3.12/asyncio/base_events.py:691: in run_until_complete
    return future.result()
           ^^^^^^^^^^^^^^^
.venv/lib/python3.12/site-packages/pytest_asyncio/plugin.py:403: in setup
    res = await gen_obj.__anext__()
          ^^^^^^^^^^^^^^^^^^^^^^^^^
tests/conftest.py:96: in client
    from app.main import app
app/main.py:41: in <module>
    from app.routers import sistema
_ _ _ _ _ _ _ _ _ _ _ _ _ _ _ _ _ _ _ _ _ _ _ _ _ _ _ _ _ _ _ _ _ _ _ _ _ _ _ _ 

    from fastapi import APIRouter, Depends, HTTPException
    from typing import List
    from datetime import datetime
    from app.database import erros_sistema
    from app.schemas.sistema import ErrorLogCreate, ErrorLogResponse
    from app.security import get_usuario_atual
>   from app.schemas.auth import UserInDB
E   ModuleNotFoundError: No module named 'app.schemas.auth'

app/routers/sistema.py:7: ModuleNotFoundError
___________ ERROR at setup of test_put_execucao_prefixo_imitacao_400 ___________

self = <Coroutine test_put_execucao_prefixo_imitacao_400>

    def setup(self) -> None:
        runner_fixture_id = f"_{self._loop_scope}_scoped_runner"
        if runner_fixture_id not in self.fixturenames:
            self.fixturenames.append(runner_fixture_id)
        # When loop factories are configured, resolve the loop factory
        # fixture early so that a factory variant change cascades cache
        # invalidation before any async fixture checks its cache.
        hook_caller = self.config.hook.pytest_asyncio_loop_factories
        if hook_caller.get_hookimpls():
            _ = self._request.getfixturevalue(_asyncio_loop_factory.__name__)
>       return super().setup()
               ^^^^^^^^^^^^^^^

.venv/lib/python3.12/site-packages/pytest_asyncio/plugin.py:558: 
_ _ _ _ _ _ _ _ _ _ _ _ _ _ _ _ _ _ _ _ _ _ _ _ _ _ _ _ _ _ _ _ _ _ _ _ _ _ _ _ 
.venv/lib/python3.12/site-packages/pytest_asyncio/plugin.py:944: in pytest_fixture_setup
    hook_result = yield
                  ^^^^^
.venv/lib/python3.12/site-packages/pytest_asyncio/plugin.py:407: in _asyncgen_fixture_wrapper
    result = runner.run(setup(), context=context)
             ^^^^^^^^^^^^^^^^^^^^^^^^^^^^^^^^^^^^
/opt/homebrew/Cellar/python@3.12/3.12.13_4/Frameworks/Python.framework/Versions/3.12/lib/python3.12/asyncio/runners.py:118: in run
    return self._loop.run_until_complete(task)
           ^^^^^^^^^^^^^^^^^^^^^^^^^^^^^^^^^^^
/opt/homebrew/Cellar/python@3.12/3.12.13_4/Frameworks/Python.framework/Versions/3.12/lib/python3.12/asyncio/base_events.py:691: in run_until_complete
    return future.result()
           ^^^^^^^^^^^^^^^
.venv/lib/python3.12/site-packages/pytest_asyncio/plugin.py:403: in setup
    res = await gen_obj.__anext__()
          ^^^^^^^^^^^^^^^^^^^^^^^^^
tests/conftest.py:96: in client
    from app.main import app
app/main.py:41: in <module>
    from app.routers import sistema
_ _ _ _ _ _ _ _ _ _ _ _ _ _ _ _ _ _ _ _ _ _ _ _ _ _ _ _ _ _ _ _ _ _ _ _ _ _ _ _ 

    from fastapi import APIRouter, Depends, HTTPException
    from typing import List
    from datetime import datetime
    from app.database import erros_sistema
    from app.schemas.sistema import ErrorLogCreate, ErrorLogResponse
    from app.security import get_usuario_atual
>   from app.schemas.auth import UserInDB
E   ModuleNotFoundError: No module named 'app.schemas.auth'

app/routers/sistema.py:7: ModuleNotFoundError
_______ ERROR at setup of test_put_pre_processamento_modulo_proibido_400 _______

self = <Coroutine test_put_pre_processamento_modulo_proibido_400>

    def setup(self) -> None:
        runner_fixture_id = f"_{self._loop_scope}_scoped_runner"
        if runner_fixture_id not in self.fixturenames:
            self.fixturenames.append(runner_fixture_id)
        # When loop factories are configured, resolve the loop factory
        # fixture early so that a factory variant change cascades cache
        # invalidation before any async fixture checks its cache.
        hook_caller = self.config.hook.pytest_asyncio_loop_factories
        if hook_caller.get_hookimpls():
            _ = self._request.getfixturevalue(_asyncio_loop_factory.__name__)
>       return super().setup()
               ^^^^^^^^^^^^^^^

.venv/lib/python3.12/site-packages/pytest_asyncio/plugin.py:558: 
_ _ _ _ _ _ _ _ _ _ _ _ _ _ _ _ _ _ _ _ _ _ _ _ _ _ _ _ _ _ _ _ _ _ _ _ _ _ _ _ 
.venv/lib/python3.12/site-packages/pytest_asyncio/plugin.py:944: in pytest_fixture_setup
    hook_result = yield
                  ^^^^^
.venv/lib/python3.12/site-packages/pytest_asyncio/plugin.py:407: in _asyncgen_fixture_wrapper
    result = runner.run(setup(), context=context)
             ^^^^^^^^^^^^^^^^^^^^^^^^^^^^^^^^^^^^
/opt/homebrew/Cellar/python@3.12/3.12.13_4/Frameworks/Python.framework/Versions/3.12/lib/python3.12/asyncio/runners.py:118: in run
    return self._loop.run_until_complete(task)
           ^^^^^^^^^^^^^^^^^^^^^^^^^^^^^^^^^^^
/opt/homebrew/Cellar/python@3.12/3.12.13_4/Frameworks/Python.framework/Versions/3.12/lib/python3.12/asyncio/base_events.py:691: in run_until_complete
    return future.result()
           ^^^^^^^^^^^^^^^
.venv/lib/python3.12/site-packages/pytest_asyncio/plugin.py:403: in setup
    res = await gen_obj.__anext__()
          ^^^^^^^^^^^^^^^^^^^^^^^^^
tests/conftest.py:96: in client
    from app.main import app
app/main.py:41: in <module>
    from app.routers import sistema
_ _ _ _ _ _ _ _ _ _ _ _ _ _ _ _ _ _ _ _ _ _ _ _ _ _ _ _ _ _ _ _ _ _ _ _ _ _ _ _ 

    from fastapi import APIRouter, Depends, HTTPException
    from typing import List
    from datetime import datetime
    from app.database import erros_sistema
    from app.schemas.sistema import ErrorLogCreate, ErrorLogResponse
    from app.security import get_usuario_atual
>   from app.schemas.auth import UserInDB
E   ModuleNotFoundError: No module named 'app.schemas.auth'

app/routers/sistema.py:7: ModuleNotFoundError
______________ ERROR at setup of test_patch_habilitado_aluno_403 _______________

self = <Coroutine test_patch_habilitado_aluno_403>

    def setup(self) -> None:
        runner_fixture_id = f"_{self._loop_scope}_scoped_runner"
        if runner_fixture_id not in self.fixturenames:
            self.fixturenames.append(runner_fixture_id)
        # When loop factories are configured, resolve the loop factory
        # fixture early so that a factory variant change cascades cache
        # invalidation before any async fixture checks its cache.
        hook_caller = self.config.hook.pytest_asyncio_loop_factories
        if hook_caller.get_hookimpls():
            _ = self._request.getfixturevalue(_asyncio_loop_factory.__name__)
>       return super().setup()
               ^^^^^^^^^^^^^^^

.venv/lib/python3.12/site-packages/pytest_asyncio/plugin.py:558: 
_ _ _ _ _ _ _ _ _ _ _ _ _ _ _ _ _ _ _ _ _ _ _ _ _ _ _ _ _ _ _ _ _ _ _ _ _ _ _ _ 
.venv/lib/python3.12/site-packages/pytest_asyncio/plugin.py:944: in pytest_fixture_setup
    hook_result = yield
                  ^^^^^
.venv/lib/python3.12/site-packages/pytest_asyncio/plugin.py:407: in _asyncgen_fixture_wrapper
    result = runner.run(setup(), context=context)
             ^^^^^^^^^^^^^^^^^^^^^^^^^^^^^^^^^^^^
/opt/homebrew/Cellar/python@3.12/3.12.13_4/Frameworks/Python.framework/Versions/3.12/lib/python3.12/asyncio/runners.py:118: in run
    return self._loop.run_until_complete(task)
           ^^^^^^^^^^^^^^^^^^^^^^^^^^^^^^^^^^^
/opt/homebrew/Cellar/python@3.12/3.12.13_4/Frameworks/Python.framework/Versions/3.12/lib/python3.12/asyncio/base_events.py:691: in run_until_complete
    return future.result()
           ^^^^^^^^^^^^^^^
.venv/lib/python3.12/site-packages/pytest_asyncio/plugin.py:403: in setup
    res = await gen_obj.__anext__()
          ^^^^^^^^^^^^^^^^^^^^^^^^^
tests/conftest.py:96: in client
    from app.main import app
app/main.py:41: in <module>
    from app.routers import sistema
_ _ _ _ _ _ _ _ _ _ _ _ _ _ _ _ _ _ _ _ _ _ _ _ _ _ _ _ _ _ _ _ _ _ _ _ _ _ _ _ 

    from fastapi import APIRouter, Depends, HTTPException
    from typing import List
    from datetime import datetime
    from app.database import erros_sistema
    from app.schemas.sistema import ErrorLogCreate, ErrorLogResponse
    from app.security import get_usuario_atual
>   from app.schemas.auth import UserInDB
E   ModuleNotFoundError: No module named 'app.schemas.auth'

app/routers/sistema.py:7: ModuleNotFoundError
______________ ERROR at setup of test_patch_modelo_habilitado_ok _______________

self = <Coroutine test_patch_modelo_habilitado_ok>

    def setup(self) -> None:
        runner_fixture_id = f"_{self._loop_scope}_scoped_runner"
        if runner_fixture_id not in self.fixturenames:
            self.fixturenames.append(runner_fixture_id)
        # When loop factories are configured, resolve the loop factory
        # fixture early so that a factory variant change cascades cache
        # invalidation before any async fixture checks its cache.
        hook_caller = self.config.hook.pytest_asyncio_loop_factories
        if hook_caller.get_hookimpls():
            _ = self._request.getfixturevalue(_asyncio_loop_factory.__name__)
>       return super().setup()
               ^^^^^^^^^^^^^^^

.venv/lib/python3.12/site-packages/pytest_asyncio/plugin.py:558: 
_ _ _ _ _ _ _ _ _ _ _ _ _ _ _ _ _ _ _ _ _ _ _ _ _ _ _ _ _ _ _ _ _ _ _ _ _ _ _ _ 
.venv/lib/python3.12/site-packages/pytest_asyncio/plugin.py:944: in pytest_fixture_setup
    hook_result = yield
                  ^^^^^
.venv/lib/python3.12/site-packages/pytest_asyncio/plugin.py:407: in _asyncgen_fixture_wrapper
    result = runner.run(setup(), context=context)
             ^^^^^^^^^^^^^^^^^^^^^^^^^^^^^^^^^^^^
/opt/homebrew/Cellar/python@3.12/3.12.13_4/Frameworks/Python.framework/Versions/3.12/lib/python3.12/asyncio/runners.py:118: in run
    return self._loop.run_until_complete(task)
           ^^^^^^^^^^^^^^^^^^^^^^^^^^^^^^^^^^^
/opt/homebrew/Cellar/python@3.12/3.12.13_4/Frameworks/Python.framework/Versions/3.12/lib/python3.12/asyncio/base_events.py:691: in run_until_complete
    return future.result()
           ^^^^^^^^^^^^^^^
.venv/lib/python3.12/site-packages/pytest_asyncio/plugin.py:403: in setup
    res = await gen_obj.__anext__()
          ^^^^^^^^^^^^^^^^^^^^^^^^^
tests/conftest.py:96: in client
    from app.main import app
app/main.py:41: in <module>
    from app.routers import sistema
_ _ _ _ _ _ _ _ _ _ _ _ _ _ _ _ _ _ _ _ _ _ _ _ _ _ _ _ _ _ _ _ _ _ _ _ _ _ _ _ 

    from fastapi import APIRouter, Depends, HTTPException
    from typing import List
    from datetime import datetime
    from app.database import erros_sistema
    from app.schemas.sistema import ErrorLogCreate, ErrorLogResponse
    from app.security import get_usuario_atual
>   from app.schemas.auth import UserInDB
E   ModuleNotFoundError: No module named 'app.schemas.auth'

app/routers/sistema.py:7: ModuleNotFoundError
_________ ERROR at setup of test_patch_metrica_habilitado_id_invalido __________

self = <Coroutine test_patch_metrica_habilitado_id_invalido>

    def setup(self) -> None:
        runner_fixture_id = f"_{self._loop_scope}_scoped_runner"
        if runner_fixture_id not in self.fixturenames:
            self.fixturenames.append(runner_fixture_id)
        # When loop factories are configured, resolve the loop factory
        # fixture early so that a factory variant change cascades cache
        # invalidation before any async fixture checks its cache.
        hook_caller = self.config.hook.pytest_asyncio_loop_factories
        if hook_caller.get_hookimpls():
            _ = self._request.getfixturevalue(_asyncio_loop_factory.__name__)
>       return super().setup()
               ^^^^^^^^^^^^^^^

.venv/lib/python3.12/site-packages/pytest_asyncio/plugin.py:558: 
_ _ _ _ _ _ _ _ _ _ _ _ _ _ _ _ _ _ _ _ _ _ _ _ _ _ _ _ _ _ _ _ _ _ _ _ _ _ _ _ 
.venv/lib/python3.12/site-packages/pytest_asyncio/plugin.py:944: in pytest_fixture_setup
    hook_result = yield
                  ^^^^^
.venv/lib/python3.12/site-packages/pytest_asyncio/plugin.py:407: in _asyncgen_fixture_wrapper
    result = runner.run(setup(), context=context)
             ^^^^^^^^^^^^^^^^^^^^^^^^^^^^^^^^^^^^
/opt/homebrew/Cellar/python@3.12/3.12.13_4/Frameworks/Python.framework/Versions/3.12/lib/python3.12/asyncio/runners.py:118: in run
    return self._loop.run_until_complete(task)
           ^^^^^^^^^^^^^^^^^^^^^^^^^^^^^^^^^^^
/opt/homebrew/Cellar/python@3.12/3.12.13_4/Frameworks/Python.framework/Versions/3.12/lib/python3.12/asyncio/base_events.py:691: in run_until_complete
    return future.result()
           ^^^^^^^^^^^^^^^
.venv/lib/python3.12/site-packages/pytest_asyncio/plugin.py:403: in setup
    res = await gen_obj.__anext__()
          ^^^^^^^^^^^^^^^^^^^^^^^^^
tests/conftest.py:96: in client
    from app.main import app
app/main.py:41: in <module>
    from app.routers import sistema
_ _ _ _ _ _ _ _ _ _ _ _ _ _ _ _ _ _ _ _ _ _ _ _ _ _ _ _ _ _ _ _ _ _ _ _ _ _ _ _ 

    from fastapi import APIRouter, Depends, HTTPException
    from typing import List
    from datetime import datetime
    from app.database import erros_sistema
    from app.schemas.sistema import ErrorLogCreate, ErrorLogResponse
    from app.security import get_usuario_atual
>   from app.schemas.auth import UserInDB
E   ModuleNotFoundError: No module named 'app.schemas.auth'

app/routers/sistema.py:7: ModuleNotFoundError
________ ERROR at setup of test_patch_coleta_habilitado_nao_encontrado _________

self = <Coroutine test_patch_coleta_habilitado_nao_encontrado>

    def setup(self) -> None:
        runner_fixture_id = f"_{self._loop_scope}_scoped_runner"
        if runner_fixture_id not in self.fixturenames:
            self.fixturenames.append(runner_fixture_id)
        # When loop factories are configured, resolve the loop factory
        # fixture early so that a factory variant change cascades cache
        # invalidation before any async fixture checks its cache.
        hook_caller = self.config.hook.pytest_asyncio_loop_factories
        if hook_caller.get_hookimpls():
            _ = self._request.getfixturevalue(_asyncio_loop_factory.__name__)
>       return super().setup()
               ^^^^^^^^^^^^^^^

.venv/lib/python3.12/site-packages/pytest_asyncio/plugin.py:558: 
_ _ _ _ _ _ _ _ _ _ _ _ _ _ _ _ _ _ _ _ _ _ _ _ _ _ _ _ _ _ _ _ _ _ _ _ _ _ _ _ 
.venv/lib/python3.12/site-packages/pytest_asyncio/plugin.py:944: in pytest_fixture_setup
    hook_result = yield
                  ^^^^^
.venv/lib/python3.12/site-packages/pytest_asyncio/plugin.py:407: in _asyncgen_fixture_wrapper
    result = runner.run(setup(), context=context)
             ^^^^^^^^^^^^^^^^^^^^^^^^^^^^^^^^^^^^
/opt/homebrew/Cellar/python@3.12/3.12.13_4/Frameworks/Python.framework/Versions/3.12/lib/python3.12/asyncio/runners.py:118: in run
    return self._loop.run_until_complete(task)
           ^^^^^^^^^^^^^^^^^^^^^^^^^^^^^^^^^^^
/opt/homebrew/Cellar/python@3.12/3.12.13_4/Frameworks/Python.framework/Versions/3.12/lib/python3.12/asyncio/base_events.py:691: in run_until_complete
    return future.result()
           ^^^^^^^^^^^^^^^
.venv/lib/python3.12/site-packages/pytest_asyncio/plugin.py:403: in setup
    res = await gen_obj.__anext__()
          ^^^^^^^^^^^^^^^^^^^^^^^^^
tests/conftest.py:96: in client
    from app.main import app
app/main.py:41: in <module>
    from app.routers import sistema
_ _ _ _ _ _ _ _ _ _ _ _ _ _ _ _ _ _ _ _ _ _ _ _ _ _ _ _ _ _ _ _ _ _ _ _ _ _ _ _ 

    from fastapi import APIRouter, Depends, HTTPException
    from typing import List
    from datetime import datetime
    from app.database import erros_sistema
    from app.schemas.sistema import ErrorLogCreate, ErrorLogResponse
    from app.security import get_usuario_atual
>   from app.schemas.auth import UserInDB
E   ModuleNotFoundError: No module named 'app.schemas.auth'

app/routers/sistema.py:7: ModuleNotFoundError
____ ERROR at setup of TestMetricas.test_avaliar_modelos_modelo_inexistente ____

self = <Coroutine test_avaliar_modelos_modelo_inexistente>

    def setup(self) -> None:
        runner_fixture_id = f"_{self._loop_scope}_scoped_runner"
        if runner_fixture_id not in self.fixturenames:
            self.fixturenames.append(runner_fixture_id)
        # When loop factories are configured, resolve the loop factory
        # fixture early so that a factory variant change cascades cache
        # invalidation before any async fixture checks its cache.
        hook_caller = self.config.hook.pytest_asyncio_loop_factories
        if hook_caller.get_hookimpls():
            _ = self._request.getfixturevalue(_asyncio_loop_factory.__name__)
>       return super().setup()
               ^^^^^^^^^^^^^^^

.venv/lib/python3.12/site-packages/pytest_asyncio/plugin.py:558: 
_ _ _ _ _ _ _ _ _ _ _ _ _ _ _ _ _ _ _ _ _ _ _ _ _ _ _ _ _ _ _ _ _ _ _ _ _ _ _ _ 
.venv/lib/python3.12/site-packages/pytest_asyncio/plugin.py:944: in pytest_fixture_setup
    hook_result = yield
                  ^^^^^
.venv/lib/python3.12/site-packages/pytest_asyncio/plugin.py:407: in _asyncgen_fixture_wrapper
    result = runner.run(setup(), context=context)
             ^^^^^^^^^^^^^^^^^^^^^^^^^^^^^^^^^^^^
/opt/homebrew/Cellar/python@3.12/3.12.13_4/Frameworks/Python.framework/Versions/3.12/lib/python3.12/asyncio/runners.py:118: in run
    return self._loop.run_until_complete(task)
           ^^^^^^^^^^^^^^^^^^^^^^^^^^^^^^^^^^^
/opt/homebrew/Cellar/python@3.12/3.12.13_4/Frameworks/Python.framework/Versions/3.12/lib/python3.12/asyncio/base_events.py:691: in run_until_complete
    return future.result()
           ^^^^^^^^^^^^^^^
.venv/lib/python3.12/site-packages/pytest_asyncio/plugin.py:403: in setup
    res = await gen_obj.__anext__()
          ^^^^^^^^^^^^^^^^^^^^^^^^^
tests/conftest.py:96: in client
    from app.main import app
app/main.py:41: in <module>
    from app.routers import sistema
_ _ _ _ _ _ _ _ _ _ _ _ _ _ _ _ _ _ _ _ _ _ _ _ _ _ _ _ _ _ _ _ _ _ _ _ _ _ _ _ 

    from fastapi import APIRouter, Depends, HTTPException
    from typing import List
    from datetime import datetime
    from app.database import erros_sistema
    from app.schemas.sistema import ErrorLogCreate, ErrorLogResponse
    from app.security import get_usuario_atual
>   from app.schemas.auth import UserInDB
E   ModuleNotFoundError: No module named 'app.schemas.auth'

app/routers/sistema.py:7: ModuleNotFoundError
_____ ERROR at setup of TestMetricas.test_avaliar_modelos_csv_multiclasse ______

self = <Coroutine test_avaliar_modelos_csv_multiclasse>

    def setup(self) -> None:
        runner_fixture_id = f"_{self._loop_scope}_scoped_runner"
        if runner_fixture_id not in self.fixturenames:
            self.fixturenames.append(runner_fixture_id)
        # When loop factories are configured, resolve the loop factory
        # fixture early so that a factory variant change cascades cache
        # invalidation before any async fixture checks its cache.
        hook_caller = self.config.hook.pytest_asyncio_loop_factories
        if hook_caller.get_hookimpls():
            _ = self._request.getfixturevalue(_asyncio_loop_factory.__name__)
>       return super().setup()
               ^^^^^^^^^^^^^^^

.venv/lib/python3.12/site-packages/pytest_asyncio/plugin.py:558: 
_ _ _ _ _ _ _ _ _ _ _ _ _ _ _ _ _ _ _ _ _ _ _ _ _ _ _ _ _ _ _ _ _ _ _ _ _ _ _ _ 
.venv/lib/python3.12/site-packages/pytest_asyncio/plugin.py:944: in pytest_fixture_setup
    hook_result = yield
                  ^^^^^
.venv/lib/python3.12/site-packages/pytest_asyncio/plugin.py:407: in _asyncgen_fixture_wrapper
    result = runner.run(setup(), context=context)
             ^^^^^^^^^^^^^^^^^^^^^^^^^^^^^^^^^^^^
/opt/homebrew/Cellar/python@3.12/3.12.13_4/Frameworks/Python.framework/Versions/3.12/lib/python3.12/asyncio/runners.py:118: in run
    return self._loop.run_until_complete(task)
           ^^^^^^^^^^^^^^^^^^^^^^^^^^^^^^^^^^^
/opt/homebrew/Cellar/python@3.12/3.12.13_4/Frameworks/Python.framework/Versions/3.12/lib/python3.12/asyncio/base_events.py:691: in run_until_complete
    return future.result()
           ^^^^^^^^^^^^^^^
.venv/lib/python3.12/site-packages/pytest_asyncio/plugin.py:403: in setup
    res = await gen_obj.__anext__()
          ^^^^^^^^^^^^^^^^^^^^^^^^^
tests/conftest.py:96: in client
    from app.main import app
app/main.py:41: in <module>
    from app.routers import sistema
_ _ _ _ _ _ _ _ _ _ _ _ _ _ _ _ _ _ _ _ _ _ _ _ _ _ _ _ _ _ _ _ _ _ _ _ _ _ _ _ 

    from fastapi import APIRouter, Depends, HTTPException
    from typing import List
    from datetime import datetime
    from app.database import erros_sistema
    from app.schemas.sistema import ErrorLogCreate, ErrorLogResponse
    from app.security import get_usuario_atual
>   from app.schemas.auth import UserInDB
E   ModuleNotFoundError: No module named 'app.schemas.auth'

app/routers/sistema.py:7: ModuleNotFoundError
_______ ERROR at setup of TestMetricas.test_avaliar_modelos_dois_modelos _______

self = <Coroutine test_avaliar_modelos_dois_modelos>

    def setup(self) -> None:
        runner_fixture_id = f"_{self._loop_scope}_scoped_runner"
        if runner_fixture_id not in self.fixturenames:
            self.fixturenames.append(runner_fixture_id)
        # When loop factories are configured, resolve the loop factory
        # fixture early so that a factory variant change cascades cache
        # invalidation before any async fixture checks its cache.
        hook_caller = self.config.hook.pytest_asyncio_loop_factories
        if hook_caller.get_hookimpls():
            _ = self._request.getfixturevalue(_asyncio_loop_factory.__name__)
>       return super().setup()
               ^^^^^^^^^^^^^^^

.venv/lib/python3.12/site-packages/pytest_asyncio/plugin.py:558: 
_ _ _ _ _ _ _ _ _ _ _ _ _ _ _ _ _ _ _ _ _ _ _ _ _ _ _ _ _ _ _ _ _ _ _ _ _ _ _ _ 
.venv/lib/python3.12/site-packages/pytest_asyncio/plugin.py:944: in pytest_fixture_setup
    hook_result = yield
                  ^^^^^
.venv/lib/python3.12/site-packages/pytest_asyncio/plugin.py:407: in _asyncgen_fixture_wrapper
    result = runner.run(setup(), context=context)
             ^^^^^^^^^^^^^^^^^^^^^^^^^^^^^^^^^^^^
/opt/homebrew/Cellar/python@3.12/3.12.13_4/Frameworks/Python.framework/Versions/3.12/lib/python3.12/asyncio/runners.py:118: in run
    return self._loop.run_until_complete(task)
           ^^^^^^^^^^^^^^^^^^^^^^^^^^^^^^^^^^^
/opt/homebrew/Cellar/python@3.12/3.12.13_4/Frameworks/Python.framework/Versions/3.12/lib/python3.12/asyncio/base_events.py:691: in run_until_complete
    return future.result()
           ^^^^^^^^^^^^^^^
.venv/lib/python3.12/site-packages/pytest_asyncio/plugin.py:403: in setup
    res = await gen_obj.__anext__()
          ^^^^^^^^^^^^^^^^^^^^^^^^^
tests/conftest.py:96: in client
    from app.main import app
app/main.py:41: in <module>
    from app.routers import sistema
_ _ _ _ _ _ _ _ _ _ _ _ _ _ _ _ _ _ _ _ _ _ _ _ _ _ _ _ _ _ _ _ _ _ _ _ _ _ _ _ 

    from fastapi import APIRouter, Depends, HTTPException
    from typing import List
    from datetime import datetime
    from app.database import erros_sistema
    from app.schemas.sistema import ErrorLogCreate, ErrorLogResponse
    from app.security import get_usuario_atual
>   from app.schemas.auth import UserInDB
E   ModuleNotFoundError: No module named 'app.schemas.auth'

app/routers/sistema.py:7: ModuleNotFoundError
_ ERROR at setup of TestConfiguracaoTreinamento.test_get_configuracao_inexistente _

self = <Coroutine test_get_configuracao_inexistente>

    def setup(self) -> None:
        runner_fixture_id = f"_{self._loop_scope}_scoped_runner"
        if runner_fixture_id not in self.fixturenames:
            self.fixturenames.append(runner_fixture_id)
        # When loop factories are configured, resolve the loop factory
        # fixture early so that a factory variant change cascades cache
        # invalidation before any async fixture checks its cache.
        hook_caller = self.config.hook.pytest_asyncio_loop_factories
        if hook_caller.get_hookimpls():
            _ = self._request.getfixturevalue(_asyncio_loop_factory.__name__)
>       return super().setup()
               ^^^^^^^^^^^^^^^

.venv/lib/python3.12/site-packages/pytest_asyncio/plugin.py:558: 
_ _ _ _ _ _ _ _ _ _ _ _ _ _ _ _ _ _ _ _ _ _ _ _ _ _ _ _ _ _ _ _ _ _ _ _ _ _ _ _ 
.venv/lib/python3.12/site-packages/pytest_asyncio/plugin.py:944: in pytest_fixture_setup
    hook_result = yield
                  ^^^^^
.venv/lib/python3.12/site-packages/pytest_asyncio/plugin.py:407: in _asyncgen_fixture_wrapper
    result = runner.run(setup(), context=context)
             ^^^^^^^^^^^^^^^^^^^^^^^^^^^^^^^^^^^^
/opt/homebrew/Cellar/python@3.12/3.12.13_4/Frameworks/Python.framework/Versions/3.12/lib/python3.12/asyncio/runners.py:118: in run
    return self._loop.run_until_complete(task)
           ^^^^^^^^^^^^^^^^^^^^^^^^^^^^^^^^^^^
/opt/homebrew/Cellar/python@3.12/3.12.13_4/Frameworks/Python.framework/Versions/3.12/lib/python3.12/asyncio/base_events.py:691: in run_until_complete
    return future.result()
           ^^^^^^^^^^^^^^^
.venv/lib/python3.12/site-packages/pytest_asyncio/plugin.py:403: in setup
    res = await gen_obj.__anext__()
          ^^^^^^^^^^^^^^^^^^^^^^^^^
tests/conftest.py:96: in client
    from app.main import app
app/main.py:41: in <module>
    from app.routers import sistema
_ _ _ _ _ _ _ _ _ _ _ _ _ _ _ _ _ _ _ _ _ _ _ _ _ _ _ _ _ _ _ _ _ _ _ _ _ _ _ _ 

    from fastapi import APIRouter, Depends, HTTPException
    from typing import List
    from datetime import datetime
    from app.database import erros_sistema
    from app.schemas.sistema import ErrorLogCreate, ErrorLogResponse
    from app.security import get_usuario_atual
>   from app.schemas.auth import UserInDB
E   ModuleNotFoundError: No module named 'app.schemas.auth'

app/routers/sistema.py:7: ModuleNotFoundError
_ ERROR at setup of TestConfiguracaoTreinamento.test_get_configuracao_sucesso __

self = <Coroutine test_get_configuracao_sucesso>

    def setup(self) -> None:
        runner_fixture_id = f"_{self._loop_scope}_scoped_runner"
        if runner_fixture_id not in self.fixturenames:
            self.fixturenames.append(runner_fixture_id)
        # When loop factories are configured, resolve the loop factory
        # fixture early so that a factory variant change cascades cache
        # invalidation before any async fixture checks its cache.
        hook_caller = self.config.hook.pytest_asyncio_loop_factories
        if hook_caller.get_hookimpls():
            _ = self._request.getfixturevalue(_asyncio_loop_factory.__name__)
>       return super().setup()
               ^^^^^^^^^^^^^^^

.venv/lib/python3.12/site-packages/pytest_asyncio/plugin.py:558: 
_ _ _ _ _ _ _ _ _ _ _ _ _ _ _ _ _ _ _ _ _ _ _ _ _ _ _ _ _ _ _ _ _ _ _ _ _ _ _ _ 
.venv/lib/python3.12/site-packages/pytest_asyncio/plugin.py:944: in pytest_fixture_setup
    hook_result = yield
                  ^^^^^
.venv/lib/python3.12/site-packages/pytest_asyncio/plugin.py:407: in _asyncgen_fixture_wrapper
    result = runner.run(setup(), context=context)
             ^^^^^^^^^^^^^^^^^^^^^^^^^^^^^^^^^^^^
/opt/homebrew/Cellar/python@3.12/3.12.13_4/Frameworks/Python.framework/Versions/3.12/lib/python3.12/asyncio/runners.py:118: in run
    return self._loop.run_until_complete(task)
           ^^^^^^^^^^^^^^^^^^^^^^^^^^^^^^^^^^^
/opt/homebrew/Cellar/python@3.12/3.12.13_4/Frameworks/Python.framework/Versions/3.12/lib/python3.12/asyncio/base_events.py:691: in run_until_complete
    return future.result()
           ^^^^^^^^^^^^^^^
.venv/lib/python3.12/site-packages/pytest_asyncio/plugin.py:403: in setup
    res = await gen_obj.__anext__()
          ^^^^^^^^^^^^^^^^^^^^^^^^^
tests/conftest.py:96: in client
    from app.main import app
app/main.py:41: in <module>
    from app.routers import sistema
_ _ _ _ _ _ _ _ _ _ _ _ _ _ _ _ _ _ _ _ _ _ _ _ _ _ _ _ _ _ _ _ _ _ _ _ _ _ _ _ 

    from fastapi import APIRouter, Depends, HTTPException
    from typing import List
    from datetime import datetime
    from app.database import erros_sistema
    from app.schemas.sistema import ErrorLogCreate, ErrorLogResponse
    from app.security import get_usuario_atual
>   from app.schemas.auth import UserInDB
E   ModuleNotFoundError: No module named 'app.schemas.auth'

app/routers/sistema.py:7: ModuleNotFoundError
__________ ERROR at setup of TestConfPipeline.test_get_modelos_todos ___________

self = <Coroutine test_get_modelos_todos>

    def setup(self) -> None:
        runner_fixture_id = f"_{self._loop_scope}_scoped_runner"
        if runner_fixture_id not in self.fixturenames:
            self.fixturenames.append(runner_fixture_id)
        # When loop factories are configured, resolve the loop factory
        # fixture early so that a factory variant change cascades cache
        # invalidation before any async fixture checks its cache.
        hook_caller = self.config.hook.pytest_asyncio_loop_factories
        if hook_caller.get_hookimpls():
            _ = self._request.getfixturevalue(_asyncio_loop_factory.__name__)
>       return super().setup()
               ^^^^^^^^^^^^^^^

.venv/lib/python3.12/site-packages/pytest_asyncio/plugin.py:558: 
_ _ _ _ _ _ _ _ _ _ _ _ _ _ _ _ _ _ _ _ _ _ _ _ _ _ _ _ _ _ _ _ _ _ _ _ _ _ _ _ 
.venv/lib/python3.12/site-packages/pytest_asyncio/plugin.py:944: in pytest_fixture_setup
    hook_result = yield
                  ^^^^^
.venv/lib/python3.12/site-packages/pytest_asyncio/plugin.py:407: in _asyncgen_fixture_wrapper
    result = runner.run(setup(), context=context)
             ^^^^^^^^^^^^^^^^^^^^^^^^^^^^^^^^^^^^
/opt/homebrew/Cellar/python@3.12/3.12.13_4/Frameworks/Python.framework/Versions/3.12/lib/python3.12/asyncio/runners.py:118: in run
    return self._loop.run_until_complete(task)
           ^^^^^^^^^^^^^^^^^^^^^^^^^^^^^^^^^^^
/opt/homebrew/Cellar/python@3.12/3.12.13_4/Frameworks/Python.framework/Versions/3.12/lib/python3.12/asyncio/base_events.py:691: in run_until_complete
    return future.result()
           ^^^^^^^^^^^^^^^
.venv/lib/python3.12/site-packages/pytest_asyncio/plugin.py:403: in setup
    res = await gen_obj.__anext__()
          ^^^^^^^^^^^^^^^^^^^^^^^^^
tests/conftest.py:96: in client
    from app.main import app
app/main.py:41: in <module>
    from app.routers import sistema
_ _ _ _ _ _ _ _ _ _ _ _ _ _ _ _ _ _ _ _ _ _ _ _ _ _ _ _ _ _ _ _ _ _ _ _ _ _ _ _ 

    from fastapi import APIRouter, Depends, HTTPException
    from typing import List
    from datetime import datetime
    from app.database import erros_sistema
    from app.schemas.sistema import ErrorLogCreate, ErrorLogResponse
    from app.security import get_usuario_atual
>   from app.schemas.auth import UserInDB
E   ModuleNotFoundError: No module named 'app.schemas.auth'

app/routers/sistema.py:7: ModuleNotFoundError
__________ ERROR at setup of TestConfPipeline.test_get_metricas_todos __________

self = <Coroutine test_get_metricas_todos>

    def setup(self) -> None:
        runner_fixture_id = f"_{self._loop_scope}_scoped_runner"
        if runner_fixture_id not in self.fixturenames:
            self.fixturenames.append(runner_fixture_id)
        # When loop factories are configured, resolve the loop factory
        # fixture early so that a factory variant change cascades cache
        # invalidation before any async fixture checks its cache.
        hook_caller = self.config.hook.pytest_asyncio_loop_factories
        if hook_caller.get_hookimpls():
            _ = self._request.getfixturevalue(_asyncio_loop_factory.__name__)
>       return super().setup()
               ^^^^^^^^^^^^^^^

.venv/lib/python3.12/site-packages/pytest_asyncio/plugin.py:558: 
_ _ _ _ _ _ _ _ _ _ _ _ _ _ _ _ _ _ _ _ _ _ _ _ _ _ _ _ _ _ _ _ _ _ _ _ _ _ _ _ 
.venv/lib/python3.12/site-packages/pytest_asyncio/plugin.py:944: in pytest_fixture_setup
    hook_result = yield
                  ^^^^^
.venv/lib/python3.12/site-packages/pytest_asyncio/plugin.py:407: in _asyncgen_fixture_wrapper
    result = runner.run(setup(), context=context)
             ^^^^^^^^^^^^^^^^^^^^^^^^^^^^^^^^^^^^
/opt/homebrew/Cellar/python@3.12/3.12.13_4/Frameworks/Python.framework/Versions/3.12/lib/python3.12/asyncio/runners.py:118: in run
    return self._loop.run_until_complete(task)
           ^^^^^^^^^^^^^^^^^^^^^^^^^^^^^^^^^^^
/opt/homebrew/Cellar/python@3.12/3.12.13_4/Frameworks/Python.framework/Versions/3.12/lib/python3.12/asyncio/base_events.py:691: in run_until_complete
    return future.result()
           ^^^^^^^^^^^^^^^
.venv/lib/python3.12/site-packages/pytest_asyncio/plugin.py:403: in setup
    res = await gen_obj.__anext__()
          ^^^^^^^^^^^^^^^^^^^^^^^^^
tests/conftest.py:96: in client
    from app.main import app
app/main.py:41: in <module>
    from app.routers import sistema
_ _ _ _ _ _ _ _ _ _ _ _ _ _ _ _ _ _ _ _ _ _ _ _ _ _ _ _ _ _ _ _ _ _ _ _ _ _ _ _ 

    from fastapi import APIRouter, Depends, HTTPException
    from typing import List
    from datetime import datetime
    from app.database import erros_sistema
    from app.schemas.sistema import ErrorLogCreate, ErrorLogResponse
    from app.security import get_usuario_atual
>   from app.schemas.auth import UserInDB
E   ModuleNotFoundError: No module named 'app.schemas.auth'

app/routers/sistema.py:7: ModuleNotFoundError
________ ERROR at setup of TestConfPipeline.test_get_coleta_dados_todos ________

self = <Coroutine test_get_coleta_dados_todos>

    def setup(self) -> None:
        runner_fixture_id = f"_{self._loop_scope}_scoped_runner"
        if runner_fixture_id not in self.fixturenames:
            self.fixturenames.append(runner_fixture_id)
        # When loop factories are configured, resolve the loop factory
        # fixture early so that a factory variant change cascades cache
        # invalidation before any async fixture checks its cache.
        hook_caller = self.config.hook.pytest_asyncio_loop_factories
        if hook_caller.get_hookimpls():
            _ = self._request.getfixturevalue(_asyncio_loop_factory.__name__)
>       return super().setup()
               ^^^^^^^^^^^^^^^

.venv/lib/python3.12/site-packages/pytest_asyncio/plugin.py:558: 
_ _ _ _ _ _ _ _ _ _ _ _ _ _ _ _ _ _ _ _ _ _ _ _ _ _ _ _ _ _ _ _ _ _ _ _ _ _ _ _ 
.venv/lib/python3.12/site-packages/pytest_asyncio/plugin.py:944: in pytest_fixture_setup
    hook_result = yield
                  ^^^^^
.venv/lib/python3.12/site-packages/pytest_asyncio/plugin.py:407: in _asyncgen_fixture_wrapper
    result = runner.run(setup(), context=context)
             ^^^^^^^^^^^^^^^^^^^^^^^^^^^^^^^^^^^^
/opt/homebrew/Cellar/python@3.12/3.12.13_4/Frameworks/Python.framework/Versions/3.12/lib/python3.12/asyncio/runners.py:118: in run
    return self._loop.run_until_complete(task)
           ^^^^^^^^^^^^^^^^^^^^^^^^^^^^^^^^^^^
/opt/homebrew/Cellar/python@3.12/3.12.13_4/Frameworks/Python.framework/Versions/3.12/lib/python3.12/asyncio/base_events.py:691: in run_until_complete
    return future.result()
           ^^^^^^^^^^^^^^^
.venv/lib/python3.12/site-packages/pytest_asyncio/plugin.py:403: in setup
    res = await gen_obj.__anext__()
          ^^^^^^^^^^^^^^^^^^^^^^^^^
tests/conftest.py:96: in client
    from app.main import app
app/main.py:41: in <module>
    from app.routers import sistema
_ _ _ _ _ _ _ _ _ _ _ _ _ _ _ _ _ _ _ _ _ _ _ _ _ _ _ _ _ _ _ _ _ _ _ _ _ _ _ _ 

    from fastapi import APIRouter, Depends, HTTPException
    from typing import List
    from datetime import datetime
    from app.database import erros_sistema
    from app.schemas.sistema import ErrorLogCreate, ErrorLogResponse
    from app.security import get_usuario_atual
>   from app.schemas.auth import UserInDB
E   ModuleNotFoundError: No module named 'app.schemas.auth'

app/routers/sistema.py:7: ModuleNotFoundError
______________ ERROR at setup of TestHealthcheck.test_healthcheck ______________

self = <Coroutine test_healthcheck>

    def setup(self) -> None:
        runner_fixture_id = f"_{self._loop_scope}_scoped_runner"
        if runner_fixture_id not in self.fixturenames:
            self.fixturenames.append(runner_fixture_id)
        # When loop factories are configured, resolve the loop factory
        # fixture early so that a factory variant change cascades cache
        # invalidation before any async fixture checks its cache.
        hook_caller = self.config.hook.pytest_asyncio_loop_factories
        if hook_caller.get_hookimpls():
            _ = self._request.getfixturevalue(_asyncio_loop_factory.__name__)
>       return super().setup()
               ^^^^^^^^^^^^^^^

.venv/lib/python3.12/site-packages/pytest_asyncio/plugin.py:558: 
_ _ _ _ _ _ _ _ _ _ _ _ _ _ _ _ _ _ _ _ _ _ _ _ _ _ _ _ _ _ _ _ _ _ _ _ _ _ _ _ 
.venv/lib/python3.12/site-packages/pytest_asyncio/plugin.py:944: in pytest_fixture_setup
    hook_result = yield
                  ^^^^^
.venv/lib/python3.12/site-packages/pytest_asyncio/plugin.py:407: in _asyncgen_fixture_wrapper
    result = runner.run(setup(), context=context)
             ^^^^^^^^^^^^^^^^^^^^^^^^^^^^^^^^^^^^
/opt/homebrew/Cellar/python@3.12/3.12.13_4/Frameworks/Python.framework/Versions/3.12/lib/python3.12/asyncio/runners.py:118: in run
    return self._loop.run_until_complete(task)
           ^^^^^^^^^^^^^^^^^^^^^^^^^^^^^^^^^^^
/opt/homebrew/Cellar/python@3.12/3.12.13_4/Frameworks/Python.framework/Versions/3.12/lib/python3.12/asyncio/base_events.py:691: in run_until_complete
    return future.result()
           ^^^^^^^^^^^^^^^
.venv/lib/python3.12/site-packages/pytest_asyncio/plugin.py:403: in setup
    res = await gen_obj.__anext__()
          ^^^^^^^^^^^^^^^^^^^^^^^^^
tests/conftest.py:96: in client
    from app.main import app
app/main.py:41: in <module>
    from app.routers import sistema
_ _ _ _ _ _ _ _ _ _ _ _ _ _ _ _ _ _ _ _ _ _ _ _ _ _ _ _ _ _ _ _ _ _ _ _ _ _ _ _ 

    from fastapi import APIRouter, Depends, HTTPException
    from typing import List
    from datetime import datetime
    from app.database import erros_sistema
    from app.schemas.sistema import ErrorLogCreate, ErrorLogResponse
    from app.security import get_usuario_atual
>   from app.schemas.auth import UserInDB
E   ModuleNotFoundError: No module named 'app.schemas.auth'

app/routers/sistema.py:7: ModuleNotFoundError
__ ERROR at setup of TestAvaliarModelos.test_checksum_divergente_retorna_400 ___

self = <Coroutine test_checksum_divergente_retorna_400>

    def setup(self) -> None:
        runner_fixture_id = f"_{self._loop_scope}_scoped_runner"
        if runner_fixture_id not in self.fixturenames:
            self.fixturenames.append(runner_fixture_id)
        # When loop factories are configured, resolve the loop factory
        # fixture early so that a factory variant change cascades cache
        # invalidation before any async fixture checks its cache.
        hook_caller = self.config.hook.pytest_asyncio_loop_factories
        if hook_caller.get_hookimpls():
            _ = self._request.getfixturevalue(_asyncio_loop_factory.__name__)
>       return super().setup()
               ^^^^^^^^^^^^^^^

.venv/lib/python3.12/site-packages/pytest_asyncio/plugin.py:558: 
_ _ _ _ _ _ _ _ _ _ _ _ _ _ _ _ _ _ _ _ _ _ _ _ _ _ _ _ _ _ _ _ _ _ _ _ _ _ _ _ 
.venv/lib/python3.12/site-packages/pytest_asyncio/plugin.py:944: in pytest_fixture_setup
    hook_result = yield
                  ^^^^^
.venv/lib/python3.12/site-packages/pytest_asyncio/plugin.py:407: in _asyncgen_fixture_wrapper
    result = runner.run(setup(), context=context)
             ^^^^^^^^^^^^^^^^^^^^^^^^^^^^^^^^^^^^
/opt/homebrew/Cellar/python@3.12/3.12.13_4/Frameworks/Python.framework/Versions/3.12/lib/python3.12/asyncio/runners.py:118: in run
    return self._loop.run_until_complete(task)
           ^^^^^^^^^^^^^^^^^^^^^^^^^^^^^^^^^^^
/opt/homebrew/Cellar/python@3.12/3.12.13_4/Frameworks/Python.framework/Versions/3.12/lib/python3.12/asyncio/base_events.py:691: in run_until_complete
    return future.result()
           ^^^^^^^^^^^^^^^
.venv/lib/python3.12/site-packages/pytest_asyncio/plugin.py:403: in setup
    res = await gen_obj.__anext__()
          ^^^^^^^^^^^^^^^^^^^^^^^^^
tests/conftest.py:96: in client
    from app.main import app
app/main.py:41: in <module>
    from app.routers import sistema
_ _ _ _ _ _ _ _ _ _ _ _ _ _ _ _ _ _ _ _ _ _ _ _ _ _ _ _ _ _ _ _ _ _ _ _ _ _ _ _ 

    from fastapi import APIRouter, Depends, HTTPException
    from typing import List
    from datetime import datetime
    from app.database import erros_sistema
    from app.schemas.sistema import ErrorLogCreate, ErrorLogResponse
    from app.security import get_usuario_atual
>   from app.schemas.auth import UserInDB
E   ModuleNotFoundError: No module named 'app.schemas.auth'

app/routers/sistema.py:7: ModuleNotFoundError
______ ERROR at setup of TestAvaliarModelos.test_prever_retorna_predicao _______

self = <Coroutine test_prever_retorna_predicao>

    def setup(self) -> None:
        runner_fixture_id = f"_{self._loop_scope}_scoped_runner"
        if runner_fixture_id not in self.fixturenames:
            self.fixturenames.append(runner_fixture_id)
        # When loop factories are configured, resolve the loop factory
        # fixture early so that a factory variant change cascades cache
        # invalidation before any async fixture checks its cache.
        hook_caller = self.config.hook.pytest_asyncio_loop_factories
        if hook_caller.get_hookimpls():
            _ = self._request.getfixturevalue(_asyncio_loop_factory.__name__)
>       return super().setup()
               ^^^^^^^^^^^^^^^

.venv/lib/python3.12/site-packages/pytest_asyncio/plugin.py:558: 
_ _ _ _ _ _ _ _ _ _ _ _ _ _ _ _ _ _ _ _ _ _ _ _ _ _ _ _ _ _ _ _ _ _ _ _ _ _ _ _ 
.venv/lib/python3.12/site-packages/pytest_asyncio/plugin.py:944: in pytest_fixture_setup
    hook_result = yield
                  ^^^^^
.venv/lib/python3.12/site-packages/pytest_asyncio/plugin.py:407: in _asyncgen_fixture_wrapper
    result = runner.run(setup(), context=context)
             ^^^^^^^^^^^^^^^^^^^^^^^^^^^^^^^^^^^^
/opt/homebrew/Cellar/python@3.12/3.12.13_4/Frameworks/Python.framework/Versions/3.12/lib/python3.12/asyncio/runners.py:118: in run
    return self._loop.run_until_complete(task)
           ^^^^^^^^^^^^^^^^^^^^^^^^^^^^^^^^^^^
/opt/homebrew/Cellar/python@3.12/3.12.13_4/Frameworks/Python.framework/Versions/3.12/lib/python3.12/asyncio/base_events.py:691: in run_until_complete
    return future.result()
           ^^^^^^^^^^^^^^^
.venv/lib/python3.12/site-packages/pytest_asyncio/plugin.py:403: in setup
    res = await gen_obj.__anext__()
          ^^^^^^^^^^^^^^^^^^^^^^^^^
tests/conftest.py:96: in client
    from app.main import app
app/main.py:41: in <module>
    from app.routers import sistema
_ _ _ _ _ _ _ _ _ _ _ _ _ _ _ _ _ _ _ _ _ _ _ _ _ _ _ _ _ _ _ _ _ _ _ _ _ _ _ _ 

    from fastapi import APIRouter, Depends, HTTPException
    from typing import List
    from datetime import datetime
    from app.database import erros_sistema
    from app.schemas.sistema import ErrorLogCreate, ErrorLogResponse
    from app.security import get_usuario_atual
>   from app.schemas.auth import UserInDB
E   ModuleNotFoundError: No module named 'app.schemas.auth'

app/routers/sistema.py:7: ModuleNotFoundError
___ ERROR at setup of TestAvaliarModelos.test_prever_modelo_inexistente_404 ____

self = <Coroutine test_prever_modelo_inexistente_404>

    def setup(self) -> None:
        runner_fixture_id = f"_{self._loop_scope}_scoped_runner"
        if runner_fixture_id not in self.fixturenames:
            self.fixturenames.append(runner_fixture_id)
        # When loop factories are configured, resolve the loop factory
        # fixture early so that a factory variant change cascades cache
        # invalidation before any async fixture checks its cache.
        hook_caller = self.config.hook.pytest_asyncio_loop_factories
        if hook_caller.get_hookimpls():
            _ = self._request.getfixturevalue(_asyncio_loop_factory.__name__)
>       return super().setup()
               ^^^^^^^^^^^^^^^

.venv/lib/python3.12/site-packages/pytest_asyncio/plugin.py:558: 
_ _ _ _ _ _ _ _ _ _ _ _ _ _ _ _ _ _ _ _ _ _ _ _ _ _ _ _ _ _ _ _ _ _ _ _ _ _ _ _ 
.venv/lib/python3.12/site-packages/pytest_asyncio/plugin.py:944: in pytest_fixture_setup
    hook_result = yield
                  ^^^^^
.venv/lib/python3.12/site-packages/pytest_asyncio/plugin.py:407: in _asyncgen_fixture_wrapper
    result = runner.run(setup(), context=context)
             ^^^^^^^^^^^^^^^^^^^^^^^^^^^^^^^^^^^^
/opt/homebrew/Cellar/python@3.12/3.12.13_4/Frameworks/Python.framework/Versions/3.12/lib/python3.12/asyncio/runners.py:118: in run
    return self._loop.run_until_complete(task)
           ^^^^^^^^^^^^^^^^^^^^^^^^^^^^^^^^^^^
/opt/homebrew/Cellar/python@3.12/3.12.13_4/Frameworks/Python.framework/Versions/3.12/lib/python3.12/asyncio/base_events.py:691: in run_until_complete
    return future.result()
           ^^^^^^^^^^^^^^^
.venv/lib/python3.12/site-packages/pytest_asyncio/plugin.py:403: in setup
    res = await gen_obj.__anext__()
          ^^^^^^^^^^^^^^^^^^^^^^^^^
tests/conftest.py:96: in client
    from app.main import app
app/main.py:41: in <module>
    from app.routers import sistema
_ _ _ _ _ _ _ _ _ _ _ _ _ _ _ _ _ _ _ _ _ _ _ _ _ _ _ _ _ _ _ _ _ _ _ _ _ _ _ _ 

    from fastapi import APIRouter, Depends, HTTPException
    from typing import List
    from datetime import datetime
    from app.database import erros_sistema
    from app.schemas.sistema import ErrorLogCreate, ErrorLogResponse
    from app.security import get_usuario_atual
>   from app.schemas.auth import UserInDB
E   ModuleNotFoundError: No module named 'app.schemas.auth'

app/routers/sistema.py:7: ModuleNotFoundError
_ ERROR at setup of TestAvaliarModelos.test_arquivo_teste_ausente_retorna_400 __

self = <Coroutine test_arquivo_teste_ausente_retorna_400>

    def setup(self) -> None:
        runner_fixture_id = f"_{self._loop_scope}_scoped_runner"
        if runner_fixture_id not in self.fixturenames:
            self.fixturenames.append(runner_fixture_id)
        # When loop factories are configured, resolve the loop factory
        # fixture early so that a factory variant change cascades cache
        # invalidation before any async fixture checks its cache.
        hook_caller = self.config.hook.pytest_asyncio_loop_factories
        if hook_caller.get_hookimpls():
            _ = self._request.getfixturevalue(_asyncio_loop_factory.__name__)
>       return super().setup()
               ^^^^^^^^^^^^^^^

.venv/lib/python3.12/site-packages/pytest_asyncio/plugin.py:558: 
_ _ _ _ _ _ _ _ _ _ _ _ _ _ _ _ _ _ _ _ _ _ _ _ _ _ _ _ _ _ _ _ _ _ _ _ _ _ _ _ 
.venv/lib/python3.12/site-packages/pytest_asyncio/plugin.py:944: in pytest_fixture_setup
    hook_result = yield
                  ^^^^^
.venv/lib/python3.12/site-packages/pytest_asyncio/plugin.py:407: in _asyncgen_fixture_wrapper
    result = runner.run(setup(), context=context)
             ^^^^^^^^^^^^^^^^^^^^^^^^^^^^^^^^^^^^
/opt/homebrew/Cellar/python@3.12/3.12.13_4/Frameworks/Python.framework/Versions/3.12/lib/python3.12/asyncio/runners.py:118: in run
    return self._loop.run_until_complete(task)
           ^^^^^^^^^^^^^^^^^^^^^^^^^^^^^^^^^^^
/opt/homebrew/Cellar/python@3.12/3.12.13_4/Frameworks/Python.framework/Versions/3.12/lib/python3.12/asyncio/base_events.py:691: in run_until_complete
    return future.result()
           ^^^^^^^^^^^^^^^
.venv/lib/python3.12/site-packages/pytest_asyncio/plugin.py:403: in setup
    res = await gen_obj.__anext__()
          ^^^^^^^^^^^^^^^^^^^^^^^^^
tests/conftest.py:96: in client
    from app.main import app
app/main.py:41: in <module>
    from app.routers import sistema
_ _ _ _ _ _ _ _ _ _ _ _ _ _ _ _ _ _ _ _ _ _ _ _ _ _ _ _ _ _ _ _ _ _ _ _ _ _ _ _ 

    from fastapi import APIRouter, Depends, HTTPException
    from typing import List
    from datetime import datetime
    from app.database import erros_sistema
    from app.schemas.sistema import ErrorLogCreate, ErrorLogResponse
    from app.security import get_usuario_atual
>   from app.schemas.auth import UserInDB
E   ModuleNotFoundError: No module named 'app.schemas.auth'

app/routers/sistema.py:7: ModuleNotFoundError
_ ERROR at setup of TestAvaliarModelos.test_arquivo_teste_muito_grande_retorna_413 _

self = <Coroutine test_arquivo_teste_muito_grande_retorna_413>

    def setup(self) -> None:
        runner_fixture_id = f"_{self._loop_scope}_scoped_runner"
        if runner_fixture_id not in self.fixturenames:
            self.fixturenames.append(runner_fixture_id)
        # When loop factories are configured, resolve the loop factory
        # fixture early so that a factory variant change cascades cache
        # invalidation before any async fixture checks its cache.
        hook_caller = self.config.hook.pytest_asyncio_loop_factories
        if hook_caller.get_hookimpls():
            _ = self._request.getfixturevalue(_asyncio_loop_factory.__name__)
>       return super().setup()
               ^^^^^^^^^^^^^^^

.venv/lib/python3.12/site-packages/pytest_asyncio/plugin.py:558: 
_ _ _ _ _ _ _ _ _ _ _ _ _ _ _ _ _ _ _ _ _ _ _ _ _ _ _ _ _ _ _ _ _ _ _ _ _ _ _ _ 
.venv/lib/python3.12/site-packages/pytest_asyncio/plugin.py:944: in pytest_fixture_setup
    hook_result = yield
                  ^^^^^
.venv/lib/python3.12/site-packages/pytest_asyncio/plugin.py:407: in _asyncgen_fixture_wrapper
    result = runner.run(setup(), context=context)
             ^^^^^^^^^^^^^^^^^^^^^^^^^^^^^^^^^^^^
/opt/homebrew/Cellar/python@3.12/3.12.13_4/Frameworks/Python.framework/Versions/3.12/lib/python3.12/asyncio/runners.py:118: in run
    return self._loop.run_until_complete(task)
           ^^^^^^^^^^^^^^^^^^^^^^^^^^^^^^^^^^^
/opt/homebrew/Cellar/python@3.12/3.12.13_4/Frameworks/Python.framework/Versions/3.12/lib/python3.12/asyncio/base_events.py:691: in run_until_complete
    return future.result()
           ^^^^^^^^^^^^^^^
.venv/lib/python3.12/site-packages/pytest_asyncio/plugin.py:403: in setup
    res = await gen_obj.__anext__()
          ^^^^^^^^^^^^^^^^^^^^^^^^^
tests/conftest.py:96: in client
    from app.main import app
app/main.py:41: in <module>
    from app.routers import sistema
_ _ _ _ _ _ _ _ _ _ _ _ _ _ _ _ _ _ _ _ _ _ _ _ _ _ _ _ _ _ _ _ _ _ _ _ _ _ _ _ 

    from fastapi import APIRouter, Depends, HTTPException
    from typing import List
    from datetime import datetime
    from app.database import erros_sistema
    from app.schemas.sistema import ErrorLogCreate, ErrorLogResponse
    from app.security import get_usuario_atual
>   from app.schemas.auth import UserInDB
E   ModuleNotFoundError: No module named 'app.schemas.auth'

app/routers/sistema.py:7: ModuleNotFoundError
________ ERROR at setup of TestAvaliarModelos.test_metrica_desconhecida ________

self = <Coroutine test_metrica_desconhecida>

    def setup(self) -> None:
        runner_fixture_id = f"_{self._loop_scope}_scoped_runner"
        if runner_fixture_id not in self.fixturenames:
            self.fixturenames.append(runner_fixture_id)
        # When loop factories are configured, resolve the loop factory
        # fixture early so that a factory variant change cascades cache
        # invalidation before any async fixture checks its cache.
        hook_caller = self.config.hook.pytest_asyncio_loop_factories
        if hook_caller.get_hookimpls():
            _ = self._request.getfixturevalue(_asyncio_loop_factory.__name__)
>       return super().setup()
               ^^^^^^^^^^^^^^^

.venv/lib/python3.12/site-packages/pytest_asyncio/plugin.py:558: 
_ _ _ _ _ _ _ _ _ _ _ _ _ _ _ _ _ _ _ _ _ _ _ _ _ _ _ _ _ _ _ _ _ _ _ _ _ _ _ _ 
.venv/lib/python3.12/site-packages/pytest_asyncio/plugin.py:944: in pytest_fixture_setup
    hook_result = yield
                  ^^^^^
.venv/lib/python3.12/site-packages/pytest_asyncio/plugin.py:407: in _asyncgen_fixture_wrapper
    result = runner.run(setup(), context=context)
             ^^^^^^^^^^^^^^^^^^^^^^^^^^^^^^^^^^^^
/opt/homebrew/Cellar/python@3.12/3.12.13_4/Frameworks/Python.framework/Versions/3.12/lib/python3.12/asyncio/runners.py:118: in run
    return self._loop.run_until_complete(task)
           ^^^^^^^^^^^^^^^^^^^^^^^^^^^^^^^^^^^
/opt/homebrew/Cellar/python@3.12/3.12.13_4/Frameworks/Python.framework/Versions/3.12/lib/python3.12/asyncio/base_events.py:691: in run_until_complete
    return future.result()
           ^^^^^^^^^^^^^^^
.venv/lib/python3.12/site-packages/pytest_asyncio/plugin.py:403: in setup
    res = await gen_obj.__anext__()
          ^^^^^^^^^^^^^^^^^^^^^^^^^
tests/conftest.py:96: in client
    from app.main import app
app/main.py:41: in <module>
    from app.routers import sistema
_ _ _ _ _ _ _ _ _ _ _ _ _ _ _ _ _ _ _ _ _ _ _ _ _ _ _ _ _ _ _ _ _ _ _ _ _ _ _ _ 

    from fastapi import APIRouter, Depends, HTTPException
    from typing import List
    from datetime import datetime
    from app.database import erros_sistema
    from app.schemas.sistema import ErrorLogCreate, ErrorLogResponse
    from app.security import get_usuario_atual
>   from app.schemas.auth import UserInDB
E   ModuleNotFoundError: No module named 'app.schemas.auth'

app/routers/sistema.py:7: ModuleNotFoundError
__ ERROR at setup of TestAvaliarModelos.test_doc_sem_classes_deriva_do_modelo __

self = <Coroutine test_doc_sem_classes_deriva_do_modelo>

    def setup(self) -> None:
        runner_fixture_id = f"_{self._loop_scope}_scoped_runner"
        if runner_fixture_id not in self.fixturenames:
            self.fixturenames.append(runner_fixture_id)
        # When loop factories are configured, resolve the loop factory
        # fixture early so that a factory variant change cascades cache
        # invalidation before any async fixture checks its cache.
        hook_caller = self.config.hook.pytest_asyncio_loop_factories
        if hook_caller.get_hookimpls():
            _ = self._request.getfixturevalue(_asyncio_loop_factory.__name__)
>       return super().setup()
               ^^^^^^^^^^^^^^^

.venv/lib/python3.12/site-packages/pytest_asyncio/plugin.py:558: 
_ _ _ _ _ _ _ _ _ _ _ _ _ _ _ _ _ _ _ _ _ _ _ _ _ _ _ _ _ _ _ _ _ _ _ _ _ _ _ _ 
.venv/lib/python3.12/site-packages/pytest_asyncio/plugin.py:944: in pytest_fixture_setup
    hook_result = yield
                  ^^^^^
.venv/lib/python3.12/site-packages/pytest_asyncio/plugin.py:407: in _asyncgen_fixture_wrapper
    result = runner.run(setup(), context=context)
             ^^^^^^^^^^^^^^^^^^^^^^^^^^^^^^^^^^^^
/opt/homebrew/Cellar/python@3.12/3.12.13_4/Frameworks/Python.framework/Versions/3.12/lib/python3.12/asyncio/runners.py:118: in run
    return self._loop.run_until_complete(task)
           ^^^^^^^^^^^^^^^^^^^^^^^^^^^^^^^^^^^
/opt/homebrew/Cellar/python@3.12/3.12.13_4/Frameworks/Python.framework/Versions/3.12/lib/python3.12/asyncio/base_events.py:691: in run_until_complete
    return future.result()
           ^^^^^^^^^^^^^^^
.venv/lib/python3.12/site-packages/pytest_asyncio/plugin.py:403: in setup
    res = await gen_obj.__anext__()
          ^^^^^^^^^^^^^^^^^^^^^^^^^
tests/conftest.py:96: in client
    from app.main import app
app/main.py:41: in <module>
    from app.routers import sistema
_ _ _ _ _ _ _ _ _ _ _ _ _ _ _ _ _ _ _ _ _ _ _ _ _ _ _ _ _ _ _ _ _ _ _ _ _ _ _ _ 

    from fastapi import APIRouter, Depends, HTTPException
    from typing import List
    from datetime import datetime
    from app.database import erros_sistema
    from app.schemas.sistema import ErrorLogCreate, ErrorLogResponse
    from app.security import get_usuario_atual
>   from app.schemas.auth import UserInDB
E   ModuleNotFoundError: No module named 'app.schemas.auth'

app/routers/sistema.py:7: ModuleNotFoundError
_ ERROR at setup of TestAvaliarModelos.test_modelo_sem_classes_attr_nao_quebra _

self = <Coroutine test_modelo_sem_classes_attr_nao_quebra>

    def setup(self) -> None:
        runner_fixture_id = f"_{self._loop_scope}_scoped_runner"
        if runner_fixture_id not in self.fixturenames:
            self.fixturenames.append(runner_fixture_id)
        # When loop factories are configured, resolve the loop factory
        # fixture early so that a factory variant change cascades cache
        # invalidation before any async fixture checks its cache.
        hook_caller = self.config.hook.pytest_asyncio_loop_factories
        if hook_caller.get_hookimpls():
            _ = self._request.getfixturevalue(_asyncio_loop_factory.__name__)
>       return super().setup()
               ^^^^^^^^^^^^^^^

.venv/lib/python3.12/site-packages/pytest_asyncio/plugin.py:558: 
_ _ _ _ _ _ _ _ _ _ _ _ _ _ _ _ _ _ _ _ _ _ _ _ _ _ _ _ _ _ _ _ _ _ _ _ _ _ _ _ 
.venv/lib/python3.12/site-packages/pytest_asyncio/plugin.py:944: in pytest_fixture_setup
    hook_result = yield
                  ^^^^^
.venv/lib/python3.12/site-packages/pytest_asyncio/plugin.py:407: in _asyncgen_fixture_wrapper
    result = runner.run(setup(), context=context)
             ^^^^^^^^^^^^^^^^^^^^^^^^^^^^^^^^^^^^
/opt/homebrew/Cellar/python@3.12/3.12.13_4/Frameworks/Python.framework/Versions/3.12/lib/python3.12/asyncio/runners.py:118: in run
    return self._loop.run_until_complete(task)
           ^^^^^^^^^^^^^^^^^^^^^^^^^^^^^^^^^^^
/opt/homebrew/Cellar/python@3.12/3.12.13_4/Frameworks/Python.framework/Versions/3.12/lib/python3.12/asyncio/base_events.py:691: in run_until_complete
    return future.result()
           ^^^^^^^^^^^^^^^
.venv/lib/python3.12/site-packages/pytest_asyncio/plugin.py:403: in setup
    res = await gen_obj.__anext__()
          ^^^^^^^^^^^^^^^^^^^^^^^^^
tests/conftest.py:96: in client
    from app.main import app
app/main.py:41: in <module>
    from app.routers import sistema
_ _ _ _ _ _ _ _ _ _ _ _ _ _ _ _ _ _ _ _ _ _ _ _ _ _ _ _ _ _ _ _ _ _ _ _ _ _ _ _ 

    from fastapi import APIRouter, Depends, HTTPException
    from typing import List
    from datetime import datetime
    from app.database import erros_sistema
    from app.schemas.sistema import ErrorLogCreate, ErrorLogResponse
    from app.security import get_usuario_atual
>   from app.schemas.auth import UserInDB
E   ModuleNotFoundError: No module named 'app.schemas.auth'

app/routers/sistema.py:7: ModuleNotFoundError
_ ERROR at setup of TestAvaliarModelos.test_avaliar_regressao_calcula_metricas _

self = <Coroutine test_avaliar_regressao_calcula_metricas>

    def setup(self) -> None:
        runner_fixture_id = f"_{self._loop_scope}_scoped_runner"
        if runner_fixture_id not in self.fixturenames:
            self.fixturenames.append(runner_fixture_id)
        # When loop factories are configured, resolve the loop factory
        # fixture early so that a factory variant change cascades cache
        # invalidation before any async fixture checks its cache.
        hook_caller = self.config.hook.pytest_asyncio_loop_factories
        if hook_caller.get_hookimpls():
            _ = self._request.getfixturevalue(_asyncio_loop_factory.__name__)
>       return super().setup()
               ^^^^^^^^^^^^^^^

.venv/lib/python3.12/site-packages/pytest_asyncio/plugin.py:558: 
_ _ _ _ _ _ _ _ _ _ _ _ _ _ _ _ _ _ _ _ _ _ _ _ _ _ _ _ _ _ _ _ _ _ _ _ _ _ _ _ 
.venv/lib/python3.12/site-packages/pytest_asyncio/plugin.py:944: in pytest_fixture_setup
    hook_result = yield
                  ^^^^^
.venv/lib/python3.12/site-packages/pytest_asyncio/plugin.py:407: in _asyncgen_fixture_wrapper
    result = runner.run(setup(), context=context)
             ^^^^^^^^^^^^^^^^^^^^^^^^^^^^^^^^^^^^
/opt/homebrew/Cellar/python@3.12/3.12.13_4/Frameworks/Python.framework/Versions/3.12/lib/python3.12/asyncio/runners.py:118: in run
    return self._loop.run_until_complete(task)
           ^^^^^^^^^^^^^^^^^^^^^^^^^^^^^^^^^^^
/opt/homebrew/Cellar/python@3.12/3.12.13_4/Frameworks/Python.framework/Versions/3.12/lib/python3.12/asyncio/base_events.py:691: in run_until_complete
    return future.result()
           ^^^^^^^^^^^^^^^
.venv/lib/python3.12/site-packages/pytest_asyncio/plugin.py:403: in setup
    res = await gen_obj.__anext__()
          ^^^^^^^^^^^^^^^^^^^^^^^^^
tests/conftest.py:96: in client
    from app.main import app
app/main.py:41: in <module>
    from app.routers import sistema
_ _ _ _ _ _ _ _ _ _ _ _ _ _ _ _ _ _ _ _ _ _ _ _ _ _ _ _ _ _ _ _ _ _ _ _ _ _ _ _ 

    from fastapi import APIRouter, Depends, HTTPException
    from typing import List
    from datetime import datetime
    from app.database import erros_sistema
    from app.schemas.sistema import ErrorLogCreate, ErrorLogResponse
    from app.security import get_usuario_atual
>   from app.schemas.auth import UserInDB
E   ModuleNotFoundError: No module named 'app.schemas.auth'

app/routers/sistema.py:7: ModuleNotFoundError
_______ ERROR at setup of TestAvaliarModelos.test_resultado_json_nativo ________

self = <Coroutine test_resultado_json_nativo>

    def setup(self) -> None:
        runner_fixture_id = f"_{self._loop_scope}_scoped_runner"
        if runner_fixture_id not in self.fixturenames:
            self.fixturenames.append(runner_fixture_id)
        # When loop factories are configured, resolve the loop factory
        # fixture early so that a factory variant change cascades cache
        # invalidation before any async fixture checks its cache.
        hook_caller = self.config.hook.pytest_asyncio_loop_factories
        if hook_caller.get_hookimpls():
            _ = self._request.getfixturevalue(_asyncio_loop_factory.__name__)
>       return super().setup()
               ^^^^^^^^^^^^^^^

.venv/lib/python3.12/site-packages/pytest_asyncio/plugin.py:558: 
_ _ _ _ _ _ _ _ _ _ _ _ _ _ _ _ _ _ _ _ _ _ _ _ _ _ _ _ _ _ _ _ _ _ _ _ _ _ _ _ 
.venv/lib/python3.12/site-packages/pytest_asyncio/plugin.py:944: in pytest_fixture_setup
    hook_result = yield
                  ^^^^^
.venv/lib/python3.12/site-packages/pytest_asyncio/plugin.py:407: in _asyncgen_fixture_wrapper
    result = runner.run(setup(), context=context)
             ^^^^^^^^^^^^^^^^^^^^^^^^^^^^^^^^^^^^
/opt/homebrew/Cellar/python@3.12/3.12.13_4/Frameworks/Python.framework/Versions/3.12/lib/python3.12/asyncio/runners.py:118: in run
    return self._loop.run_until_complete(task)
           ^^^^^^^^^^^^^^^^^^^^^^^^^^^^^^^^^^^
/opt/homebrew/Cellar/python@3.12/3.12.13_4/Frameworks/Python.framework/Versions/3.12/lib/python3.12/asyncio/base_events.py:691: in run_until_complete
    return future.result()
           ^^^^^^^^^^^^^^^
.venv/lib/python3.12/site-packages/pytest_asyncio/plugin.py:403: in setup
    res = await gen_obj.__anext__()
          ^^^^^^^^^^^^^^^^^^^^^^^^^
tests/conftest.py:96: in client
    from app.main import app
app/main.py:41: in <module>
    from app.routers import sistema
_ _ _ _ _ _ _ _ _ _ _ _ _ _ _ _ _ _ _ _ _ _ _ _ _ _ _ _ _ _ _ _ _ _ _ _ _ _ _ _ 

    from fastapi import APIRouter, Depends, HTTPException
    from typing import List
    from datetime import datetime
    from app.database import erros_sistema
    from app.schemas.sistema import ErrorLogCreate, ErrorLogResponse
    from app.security import get_usuario_atual
>   from app.schemas.auth import UserInDB
E   ModuleNotFoundError: No module named 'app.schemas.auth'

app/routers/sistema.py:7: ModuleNotFoundError
_____________ ERROR at setup of TestPipelines.test_criar_pipeline ______________

self = <Coroutine test_criar_pipeline>

    def setup(self) -> None:
        runner_fixture_id = f"_{self._loop_scope}_scoped_runner"
        if runner_fixture_id not in self.fixturenames:
            self.fixturenames.append(runner_fixture_id)
        # When loop factories are configured, resolve the loop factory
        # fixture early so that a factory variant change cascades cache
        # invalidation before any async fixture checks its cache.
        hook_caller = self.config.hook.pytest_asyncio_loop_factories
        if hook_caller.get_hookimpls():
            _ = self._request.getfixturevalue(_asyncio_loop_factory.__name__)
>       return super().setup()
               ^^^^^^^^^^^^^^^

.venv/lib/python3.12/site-packages/pytest_asyncio/plugin.py:558: 
_ _ _ _ _ _ _ _ _ _ _ _ _ _ _ _ _ _ _ _ _ _ _ _ _ _ _ _ _ _ _ _ _ _ _ _ _ _ _ _ 
.venv/lib/python3.12/site-packages/pytest_asyncio/plugin.py:944: in pytest_fixture_setup
    hook_result = yield
                  ^^^^^
.venv/lib/python3.12/site-packages/pytest_asyncio/plugin.py:407: in _asyncgen_fixture_wrapper
    result = runner.run(setup(), context=context)
             ^^^^^^^^^^^^^^^^^^^^^^^^^^^^^^^^^^^^
/opt/homebrew/Cellar/python@3.12/3.12.13_4/Frameworks/Python.framework/Versions/3.12/lib/python3.12/asyncio/runners.py:118: in run
    return self._loop.run_until_complete(task)
           ^^^^^^^^^^^^^^^^^^^^^^^^^^^^^^^^^^^
/opt/homebrew/Cellar/python@3.12/3.12.13_4/Frameworks/Python.framework/Versions/3.12/lib/python3.12/asyncio/base_events.py:691: in run_until_complete
    return future.result()
           ^^^^^^^^^^^^^^^
.venv/lib/python3.12/site-packages/pytest_asyncio/plugin.py:403: in setup
    res = await gen_obj.__anext__()
          ^^^^^^^^^^^^^^^^^^^^^^^^^
tests/conftest.py:96: in client
    from app.main import app
app/main.py:41: in <module>
    from app.routers import sistema
_ _ _ _ _ _ _ _ _ _ _ _ _ _ _ _ _ _ _ _ _ _ _ _ _ _ _ _ _ _ _ _ _ _ _ _ _ _ _ _ 

    from fastapi import APIRouter, Depends, HTTPException
    from typing import List
    from datetime import datetime
    from app.database import erros_sistema
    from app.schemas.sistema import ErrorLogCreate, ErrorLogResponse
    from app.security import get_usuario_atual
>   from app.schemas.auth import UserInDB
E   ModuleNotFoundError: No module named 'app.schemas.auth'

app/routers/sistema.py:7: ModuleNotFoundError
_________ ERROR at setup of TestPipelines.test_listar_pipelines_vazio __________

self = <Coroutine test_listar_pipelines_vazio>

    def setup(self) -> None:
        runner_fixture_id = f"_{self._loop_scope}_scoped_runner"
        if runner_fixture_id not in self.fixturenames:
            self.fixturenames.append(runner_fixture_id)
        # When loop factories are configured, resolve the loop factory
        # fixture early so that a factory variant change cascades cache
        # invalidation before any async fixture checks its cache.
        hook_caller = self.config.hook.pytest_asyncio_loop_factories
        if hook_caller.get_hookimpls():
            _ = self._request.getfixturevalue(_asyncio_loop_factory.__name__)
>       return super().setup()
               ^^^^^^^^^^^^^^^

.venv/lib/python3.12/site-packages/pytest_asyncio/plugin.py:558: 
_ _ _ _ _ _ _ _ _ _ _ _ _ _ _ _ _ _ _ _ _ _ _ _ _ _ _ _ _ _ _ _ _ _ _ _ _ _ _ _ 
.venv/lib/python3.12/site-packages/pytest_asyncio/plugin.py:944: in pytest_fixture_setup
    hook_result = yield
                  ^^^^^
.venv/lib/python3.12/site-packages/pytest_asyncio/plugin.py:407: in _asyncgen_fixture_wrapper
    result = runner.run(setup(), context=context)
             ^^^^^^^^^^^^^^^^^^^^^^^^^^^^^^^^^^^^
/opt/homebrew/Cellar/python@3.12/3.12.13_4/Frameworks/Python.framework/Versions/3.12/lib/python3.12/asyncio/runners.py:118: in run
    return self._loop.run_until_complete(task)
           ^^^^^^^^^^^^^^^^^^^^^^^^^^^^^^^^^^^
/opt/homebrew/Cellar/python@3.12/3.12.13_4/Frameworks/Python.framework/Versions/3.12/lib/python3.12/asyncio/base_events.py:691: in run_until_complete
    return future.result()
           ^^^^^^^^^^^^^^^
.venv/lib/python3.12/site-packages/pytest_asyncio/plugin.py:403: in setup
    res = await gen_obj.__anext__()
          ^^^^^^^^^^^^^^^^^^^^^^^^^
tests/conftest.py:96: in client
    from app.main import app
app/main.py:41: in <module>
    from app.routers import sistema
_ _ _ _ _ _ _ _ _ _ _ _ _ _ _ _ _ _ _ _ _ _ _ _ _ _ _ _ _ _ _ _ _ _ _ _ _ _ _ _ 

    from fastapi import APIRouter, Depends, HTTPException
    from typing import List
    from datetime import datetime
    from app.database import erros_sistema
    from app.schemas.sistema import ErrorLogCreate, ErrorLogResponse
    from app.security import get_usuario_atual
>   from app.schemas.auth import UserInDB
E   ModuleNotFoundError: No module named 'app.schemas.auth'

app/routers/sistema.py:7: ModuleNotFoundError
_________ ERROR at setup of TestPipelines.test_pipeline_nao_encontrado _________

self = <Coroutine test_pipeline_nao_encontrado>

    def setup(self) -> None:
        runner_fixture_id = f"_{self._loop_scope}_scoped_runner"
        if runner_fixture_id not in self.fixturenames:
            self.fixturenames.append(runner_fixture_id)
        # When loop factories are configured, resolve the loop factory
        # fixture early so that a factory variant change cascades cache
        # invalidation before any async fixture checks its cache.
        hook_caller = self.config.hook.pytest_asyncio_loop_factories
        if hook_caller.get_hookimpls():
            _ = self._request.getfixturevalue(_asyncio_loop_factory.__name__)
>       return super().setup()
               ^^^^^^^^^^^^^^^

.venv/lib/python3.12/site-packages/pytest_asyncio/plugin.py:558: 
_ _ _ _ _ _ _ _ _ _ _ _ _ _ _ _ _ _ _ _ _ _ _ _ _ _ _ _ _ _ _ _ _ _ _ _ _ _ _ _ 
.venv/lib/python3.12/site-packages/pytest_asyncio/plugin.py:944: in pytest_fixture_setup
    hook_result = yield
                  ^^^^^
.venv/lib/python3.12/site-packages/pytest_asyncio/plugin.py:407: in _asyncgen_fixture_wrapper
    result = runner.run(setup(), context=context)
             ^^^^^^^^^^^^^^^^^^^^^^^^^^^^^^^^^^^^
/opt/homebrew/Cellar/python@3.12/3.12.13_4/Frameworks/Python.framework/Versions/3.12/lib/python3.12/asyncio/runners.py:118: in run
    return self._loop.run_until_complete(task)
           ^^^^^^^^^^^^^^^^^^^^^^^^^^^^^^^^^^^
/opt/homebrew/Cellar/python@3.12/3.12.13_4/Frameworks/Python.framework/Versions/3.12/lib/python3.12/asyncio/base_events.py:691: in run_until_complete
    return future.result()
           ^^^^^^^^^^^^^^^
.venv/lib/python3.12/site-packages/pytest_asyncio/plugin.py:403: in setup
    res = await gen_obj.__anext__()
          ^^^^^^^^^^^^^^^^^^^^^^^^^
tests/conftest.py:96: in client
    from app.main import app
app/main.py:41: in <module>
    from app.routers import sistema
_ _ _ _ _ _ _ _ _ _ _ _ _ _ _ _ _ _ _ _ _ _ _ _ _ _ _ _ _ _ _ _ _ _ _ _ _ _ _ _ 

    from fastapi import APIRouter, Depends, HTTPException
    from typing import List
    from datetime import datetime
    from app.database import erros_sistema
    from app.schemas.sistema import ErrorLogCreate, ErrorLogResponse
    from app.security import get_usuario_atual
>   from app.schemas.auth import UserInDB
E   ModuleNotFoundError: No module named 'app.schemas.auth'

app/routers/sistema.py:7: ModuleNotFoundError
_ ERROR at setup of TestPipelines.test_nao_copia_pipeline_privado_de_outro_usuario _

self = <Coroutine test_nao_copia_pipeline_privado_de_outro_usuario>

    def setup(self) -> None:
        runner_fixture_id = f"_{self._loop_scope}_scoped_runner"
        if runner_fixture_id not in self.fixturenames:
            self.fixturenames.append(runner_fixture_id)
        # When loop factories are configured, resolve the loop factory
        # fixture early so that a factory variant change cascades cache
        # invalidation before any async fixture checks its cache.
        hook_caller = self.config.hook.pytest_asyncio_loop_factories
        if hook_caller.get_hookimpls():
            _ = self._request.getfixturevalue(_asyncio_loop_factory.__name__)
>       return super().setup()
               ^^^^^^^^^^^^^^^

.venv/lib/python3.12/site-packages/pytest_asyncio/plugin.py:558: 
_ _ _ _ _ _ _ _ _ _ _ _ _ _ _ _ _ _ _ _ _ _ _ _ _ _ _ _ _ _ _ _ _ _ _ _ _ _ _ _ 
.venv/lib/python3.12/site-packages/pytest_asyncio/plugin.py:944: in pytest_fixture_setup
    hook_result = yield
                  ^^^^^
.venv/lib/python3.12/site-packages/pytest_asyncio/plugin.py:407: in _asyncgen_fixture_wrapper
    result = runner.run(setup(), context=context)
             ^^^^^^^^^^^^^^^^^^^^^^^^^^^^^^^^^^^^
/opt/homebrew/Cellar/python@3.12/3.12.13_4/Frameworks/Python.framework/Versions/3.12/lib/python3.12/asyncio/runners.py:118: in run
    return self._loop.run_until_complete(task)
           ^^^^^^^^^^^^^^^^^^^^^^^^^^^^^^^^^^^
/opt/homebrew/Cellar/python@3.12/3.12.13_4/Frameworks/Python.framework/Versions/3.12/lib/python3.12/asyncio/base_events.py:691: in run_until_complete
    return future.result()
           ^^^^^^^^^^^^^^^
.venv/lib/python3.12/site-packages/pytest_asyncio/plugin.py:403: in setup
    res = await gen_obj.__anext__()
          ^^^^^^^^^^^^^^^^^^^^^^^^^
tests/conftest.py:96: in client
    from app.main import app
app/main.py:41: in <module>
    from app.routers import sistema
_ _ _ _ _ _ _ _ _ _ _ _ _ _ _ _ _ _ _ _ _ _ _ _ _ _ _ _ _ _ _ _ _ _ _ _ _ _ _ _ 

    from fastapi import APIRouter, Depends, HTTPException
    from typing import List
    from datetime import datetime
    from app.database import erros_sistema
    from app.schemas.sistema import ErrorLogCreate, ErrorLogResponse
    from app.security import get_usuario_atual
>   from app.schemas.auth import UserInDB
E   ModuleNotFoundError: No module named 'app.schemas.auth'

app/routers/sistema.py:7: ModuleNotFoundError
_ ERROR at setup of TestPipelines.test_copia_pipeline_publico_de_outro_usuario _

self = <Coroutine test_copia_pipeline_publico_de_outro_usuario>

    def setup(self) -> None:
        runner_fixture_id = f"_{self._loop_scope}_scoped_runner"
        if runner_fixture_id not in self.fixturenames:
            self.fixturenames.append(runner_fixture_id)
        # When loop factories are configured, resolve the loop factory
        # fixture early so that a factory variant change cascades cache
        # invalidation before any async fixture checks its cache.
        hook_caller = self.config.hook.pytest_asyncio_loop_factories
        if hook_caller.get_hookimpls():
            _ = self._request.getfixturevalue(_asyncio_loop_factory.__name__)
>       return super().setup()
               ^^^^^^^^^^^^^^^

.venv/lib/python3.12/site-packages/pytest_asyncio/plugin.py:558: 
_ _ _ _ _ _ _ _ _ _ _ _ _ _ _ _ _ _ _ _ _ _ _ _ _ _ _ _ _ _ _ _ _ _ _ _ _ _ _ _ 
.venv/lib/python3.12/site-packages/pytest_asyncio/plugin.py:944: in pytest_fixture_setup
    hook_result = yield
                  ^^^^^
.venv/lib/python3.12/site-packages/pytest_asyncio/plugin.py:407: in _asyncgen_fixture_wrapper
    result = runner.run(setup(), context=context)
             ^^^^^^^^^^^^^^^^^^^^^^^^^^^^^^^^^^^^
/opt/homebrew/Cellar/python@3.12/3.12.13_4/Frameworks/Python.framework/Versions/3.12/lib/python3.12/asyncio/runners.py:118: in run
    return self._loop.run_until_complete(task)
           ^^^^^^^^^^^^^^^^^^^^^^^^^^^^^^^^^^^
/opt/homebrew/Cellar/python@3.12/3.12.13_4/Frameworks/Python.framework/Versions/3.12/lib/python3.12/asyncio/base_events.py:691: in run_until_complete
    return future.result()
           ^^^^^^^^^^^^^^^
.venv/lib/python3.12/site-packages/pytest_asyncio/plugin.py:403: in setup
    res = await gen_obj.__anext__()
          ^^^^^^^^^^^^^^^^^^^^^^^^^
tests/conftest.py:96: in client
    from app.main import app
app/main.py:41: in <module>
    from app.routers import sistema
_ _ _ _ _ _ _ _ _ _ _ _ _ _ _ _ _ _ _ _ _ _ _ _ _ _ _ _ _ _ _ _ _ _ _ _ _ _ _ _ 

    from fastapi import APIRouter, Depends, HTTPException
    from typing import List
    from datetime import datetime
    from app.database import erros_sistema
    from app.schemas.sistema import ErrorLogCreate, ErrorLogResponse
    from app.security import get_usuario_atual
>   from app.schemas.auth import UserInDB
E   ModuleNotFoundError: No module named 'app.schemas.auth'

app/routers/sistema.py:7: ModuleNotFoundError
____ ERROR at setup of TestPipelines.test_copia_pipeline_do_proprio_usuario ____

self = <Coroutine test_copia_pipeline_do_proprio_usuario>

    def setup(self) -> None:
        runner_fixture_id = f"_{self._loop_scope}_scoped_runner"
        if runner_fixture_id not in self.fixturenames:
            self.fixturenames.append(runner_fixture_id)
        # When loop factories are configured, resolve the loop factory
        # fixture early so that a factory variant change cascades cache
        # invalidation before any async fixture checks its cache.
        hook_caller = self.config.hook.pytest_asyncio_loop_factories
        if hook_caller.get_hookimpls():
            _ = self._request.getfixturevalue(_asyncio_loop_factory.__name__)
>       return super().setup()
               ^^^^^^^^^^^^^^^

.venv/lib/python3.12/site-packages/pytest_asyncio/plugin.py:558: 
_ _ _ _ _ _ _ _ _ _ _ _ _ _ _ _ _ _ _ _ _ _ _ _ _ _ _ _ _ _ _ _ _ _ _ _ _ _ _ _ 
.venv/lib/python3.12/site-packages/pytest_asyncio/plugin.py:944: in pytest_fixture_setup
    hook_result = yield
                  ^^^^^
.venv/lib/python3.12/site-packages/pytest_asyncio/plugin.py:407: in _asyncgen_fixture_wrapper
    result = runner.run(setup(), context=context)
             ^^^^^^^^^^^^^^^^^^^^^^^^^^^^^^^^^^^^
/opt/homebrew/Cellar/python@3.12/3.12.13_4/Frameworks/Python.framework/Versions/3.12/lib/python3.12/asyncio/runners.py:118: in run
    return self._loop.run_until_complete(task)
           ^^^^^^^^^^^^^^^^^^^^^^^^^^^^^^^^^^^
/opt/homebrew/Cellar/python@3.12/3.12.13_4/Frameworks/Python.framework/Versions/3.12/lib/python3.12/asyncio/base_events.py:691: in run_until_complete
    return future.result()
           ^^^^^^^^^^^^^^^
.venv/lib/python3.12/site-packages/pytest_asyncio/plugin.py:403: in setup
    res = await gen_obj.__anext__()
          ^^^^^^^^^^^^^^^^^^^^^^^^^
tests/conftest.py:96: in client
    from app.main import app
app/main.py:41: in <module>
    from app.routers import sistema
_ _ _ _ _ _ _ _ _ _ _ _ _ _ _ _ _ _ _ _ _ _ _ _ _ _ _ _ _ _ _ _ _ _ _ _ _ _ _ _ 

    from fastapi import APIRouter, Depends, HTTPException
    from typing import List
    from datetime import datetime
    from app.database import erros_sistema
    from app.schemas.sistema import ErrorLogCreate, ErrorLogResponse
    from app.security import get_usuario_atual
>   from app.schemas.auth import UserInDB
E   ModuleNotFoundError: No module named 'app.schemas.auth'

app/routers/sistema.py:7: ModuleNotFoundError
_____ ERROR at setup of TestPipelines.test_listagem_default_limita_em_200 ______

self = <Coroutine test_listagem_default_limita_em_200>

    def setup(self) -> None:
        runner_fixture_id = f"_{self._loop_scope}_scoped_runner"
        if runner_fixture_id not in self.fixturenames:
            self.fixturenames.append(runner_fixture_id)
        # When loop factories are configured, resolve the loop factory
        # fixture early so that a factory variant change cascades cache
        # invalidation before any async fixture checks its cache.
        hook_caller = self.config.hook.pytest_asyncio_loop_factories
        if hook_caller.get_hookimpls():
            _ = self._request.getfixturevalue(_asyncio_loop_factory.__name__)
>       return super().setup()
               ^^^^^^^^^^^^^^^

.venv/lib/python3.12/site-packages/pytest_asyncio/plugin.py:558: 
_ _ _ _ _ _ _ _ _ _ _ _ _ _ _ _ _ _ _ _ _ _ _ _ _ _ _ _ _ _ _ _ _ _ _ _ _ _ _ _ 
.venv/lib/python3.12/site-packages/pytest_asyncio/plugin.py:944: in pytest_fixture_setup
    hook_result = yield
                  ^^^^^
.venv/lib/python3.12/site-packages/pytest_asyncio/plugin.py:407: in _asyncgen_fixture_wrapper
    result = runner.run(setup(), context=context)
             ^^^^^^^^^^^^^^^^^^^^^^^^^^^^^^^^^^^^
/opt/homebrew/Cellar/python@3.12/3.12.13_4/Frameworks/Python.framework/Versions/3.12/lib/python3.12/asyncio/runners.py:118: in run
    return self._loop.run_until_complete(task)
           ^^^^^^^^^^^^^^^^^^^^^^^^^^^^^^^^^^^
/opt/homebrew/Cellar/python@3.12/3.12.13_4/Frameworks/Python.framework/Versions/3.12/lib/python3.12/asyncio/base_events.py:691: in run_until_complete
    return future.result()
           ^^^^^^^^^^^^^^^
.venv/lib/python3.12/site-packages/pytest_asyncio/plugin.py:403: in setup
    res = await gen_obj.__anext__()
          ^^^^^^^^^^^^^^^^^^^^^^^^^
tests/conftest.py:96: in client
    from app.main import app
app/main.py:41: in <module>
    from app.routers import sistema
_ _ _ _ _ _ _ _ _ _ _ _ _ _ _ _ _ _ _ _ _ _ _ _ _ _ _ _ _ _ _ _ _ _ _ _ _ _ _ _ 

    from fastapi import APIRouter, Depends, HTTPException
    from typing import List
    from datetime import datetime
    from app.database import erros_sistema
    from app.schemas.sistema import ErrorLogCreate, ErrorLogResponse
    from app.security import get_usuario_atual
>   from app.schemas.auth import UserInDB
E   ModuleNotFoundError: No module named 'app.schemas.auth'

app/routers/sistema.py:7: ModuleNotFoundError
________ ERROR at setup of TestPipelines.test_listagem_pagina_com_skip _________

self = <Coroutine test_listagem_pagina_com_skip>

    def setup(self) -> None:
        runner_fixture_id = f"_{self._loop_scope}_scoped_runner"
        if runner_fixture_id not in self.fixturenames:
            self.fixturenames.append(runner_fixture_id)
        # When loop factories are configured, resolve the loop factory
        # fixture early so that a factory variant change cascades cache
        # invalidation before any async fixture checks its cache.
        hook_caller = self.config.hook.pytest_asyncio_loop_factories
        if hook_caller.get_hookimpls():
            _ = self._request.getfixturevalue(_asyncio_loop_factory.__name__)
>       return super().setup()
               ^^^^^^^^^^^^^^^

.venv/lib/python3.12/site-packages/pytest_asyncio/plugin.py:558: 
_ _ _ _ _ _ _ _ _ _ _ _ _ _ _ _ _ _ _ _ _ _ _ _ _ _ _ _ _ _ _ _ _ _ _ _ _ _ _ _ 
.venv/lib/python3.12/site-packages/pytest_asyncio/plugin.py:944: in pytest_fixture_setup
    hook_result = yield
                  ^^^^^
.venv/lib/python3.12/site-packages/pytest_asyncio/plugin.py:407: in _asyncgen_fixture_wrapper
    result = runner.run(setup(), context=context)
             ^^^^^^^^^^^^^^^^^^^^^^^^^^^^^^^^^^^^
/opt/homebrew/Cellar/python@3.12/3.12.13_4/Frameworks/Python.framework/Versions/3.12/lib/python3.12/asyncio/runners.py:118: in run
    return self._loop.run_until_complete(task)
           ^^^^^^^^^^^^^^^^^^^^^^^^^^^^^^^^^^^
/opt/homebrew/Cellar/python@3.12/3.12.13_4/Frameworks/Python.framework/Versions/3.12/lib/python3.12/asyncio/base_events.py:691: in run_until_complete
    return future.result()
           ^^^^^^^^^^^^^^^
.venv/lib/python3.12/site-packages/pytest_asyncio/plugin.py:403: in setup
    res = await gen_obj.__anext__()
          ^^^^^^^^^^^^^^^^^^^^^^^^^
tests/conftest.py:96: in client
    from app.main import app
app/main.py:41: in <module>
    from app.routers import sistema
_ _ _ _ _ _ _ _ _ _ _ _ _ _ _ _ _ _ _ _ _ _ _ _ _ _ _ _ _ _ _ _ _ _ _ _ _ _ _ _ 

    from fastapi import APIRouter, Depends, HTTPException
    from typing import List
    from datetime import datetime
    from app.database import erros_sistema
    from app.schemas.sistema import ErrorLogCreate, ErrorLogResponse
    from app.security import get_usuario_atual
>   from app.schemas.auth import UserInDB
E   ModuleNotFoundError: No module named 'app.schemas.auth'

app/routers/sistema.py:7: ModuleNotFoundError
_________________ ERROR at setup of TestPipelines.test_galeria _________________

self = <Coroutine test_galeria>

    def setup(self) -> None:
        runner_fixture_id = f"_{self._loop_scope}_scoped_runner"
        if runner_fixture_id not in self.fixturenames:
            self.fixturenames.append(runner_fixture_id)
        # When loop factories are configured, resolve the loop factory
        # fixture early so that a factory variant change cascades cache
        # invalidation before any async fixture checks its cache.
        hook_caller = self.config.hook.pytest_asyncio_loop_factories
        if hook_caller.get_hookimpls():
            _ = self._request.getfixturevalue(_asyncio_loop_factory.__name__)
>       return super().setup()
               ^^^^^^^^^^^^^^^

.venv/lib/python3.12/site-packages/pytest_asyncio/plugin.py:558: 
_ _ _ _ _ _ _ _ _ _ _ _ _ _ _ _ _ _ _ _ _ _ _ _ _ _ _ _ _ _ _ _ _ _ _ _ _ _ _ _ 
.venv/lib/python3.12/site-packages/pytest_asyncio/plugin.py:944: in pytest_fixture_setup
    hook_result = yield
                  ^^^^^
.venv/lib/python3.12/site-packages/pytest_asyncio/plugin.py:407: in _asyncgen_fixture_wrapper
    result = runner.run(setup(), context=context)
             ^^^^^^^^^^^^^^^^^^^^^^^^^^^^^^^^^^^^
/opt/homebrew/Cellar/python@3.12/3.12.13_4/Frameworks/Python.framework/Versions/3.12/lib/python3.12/asyncio/runners.py:118: in run
    return self._loop.run_until_complete(task)
           ^^^^^^^^^^^^^^^^^^^^^^^^^^^^^^^^^^^
/opt/homebrew/Cellar/python@3.12/3.12.13_4/Frameworks/Python.framework/Versions/3.12/lib/python3.12/asyncio/base_events.py:691: in run_until_complete
    return future.result()
           ^^^^^^^^^^^^^^^
.venv/lib/python3.12/site-packages/pytest_asyncio/plugin.py:403: in setup
    res = await gen_obj.__anext__()
          ^^^^^^^^^^^^^^^^^^^^^^^^^
tests/conftest.py:96: in client
    from app.main import app
app/main.py:41: in <module>
    from app.routers import sistema
_ _ _ _ _ _ _ _ _ _ _ _ _ _ _ _ _ _ _ _ _ _ _ _ _ _ _ _ _ _ _ _ _ _ _ _ _ _ _ _ 

    from fastapi import APIRouter, Depends, HTTPException
    from typing import List
    from datetime import datetime
    from app.database import erros_sistema
    from app.schemas.sistema import ErrorLogCreate, ErrorLogResponse
    from app.security import get_usuario_atual
>   from app.schemas.auth import UserInDB
E   ModuleNotFoundError: No module named 'app.schemas.auth'

app/routers/sistema.py:7: ModuleNotFoundError
_________ ERROR at setup of TestListToyDatasets.test_list_all_datasets _________

self = <Coroutine test_list_all_datasets>

    def setup(self) -> None:
        runner_fixture_id = f"_{self._loop_scope}_scoped_runner"
        if runner_fixture_id not in self.fixturenames:
            self.fixturenames.append(runner_fixture_id)
        # When loop factories are configured, resolve the loop factory
        # fixture early so that a factory variant change cascades cache
        # invalidation before any async fixture checks its cache.
        hook_caller = self.config.hook.pytest_asyncio_loop_factories
        if hook_caller.get_hookimpls():
            _ = self._request.getfixturevalue(_asyncio_loop_factory.__name__)
>       return super().setup()
               ^^^^^^^^^^^^^^^

.venv/lib/python3.12/site-packages/pytest_asyncio/plugin.py:558: 
_ _ _ _ _ _ _ _ _ _ _ _ _ _ _ _ _ _ _ _ _ _ _ _ _ _ _ _ _ _ _ _ _ _ _ _ _ _ _ _ 
.venv/lib/python3.12/site-packages/pytest_asyncio/plugin.py:944: in pytest_fixture_setup
    hook_result = yield
                  ^^^^^
.venv/lib/python3.12/site-packages/pytest_asyncio/plugin.py:407: in _asyncgen_fixture_wrapper
    result = runner.run(setup(), context=context)
             ^^^^^^^^^^^^^^^^^^^^^^^^^^^^^^^^^^^^
/opt/homebrew/Cellar/python@3.12/3.12.13_4/Frameworks/Python.framework/Versions/3.12/lib/python3.12/asyncio/runners.py:118: in run
    return self._loop.run_until_complete(task)
           ^^^^^^^^^^^^^^^^^^^^^^^^^^^^^^^^^^^
/opt/homebrew/Cellar/python@3.12/3.12.13_4/Frameworks/Python.framework/Versions/3.12/lib/python3.12/asyncio/base_events.py:691: in run_until_complete
    return future.result()
           ^^^^^^^^^^^^^^^
.venv/lib/python3.12/site-packages/pytest_asyncio/plugin.py:403: in setup
    res = await gen_obj.__anext__()
          ^^^^^^^^^^^^^^^^^^^^^^^^^
tests/conftest.py:96: in client
    from app.main import app
app/main.py:41: in <module>
    from app.routers import sistema
_ _ _ _ _ _ _ _ _ _ _ _ _ _ _ _ _ _ _ _ _ _ _ _ _ _ _ _ _ _ _ _ _ _ _ _ _ _ _ _ 

    from fastapi import APIRouter, Depends, HTTPException
    from typing import List
    from datetime import datetime
    from app.database import erros_sistema
    from app.schemas.sistema import ErrorLogCreate, ErrorLogResponse
    from app.security import get_usuario_atual
>   from app.schemas.auth import UserInDB
E   ModuleNotFoundError: No module named 'app.schemas.auth'

app/routers/sistema.py:7: ModuleNotFoundError
____ ERROR at setup of TestListToyDatasets.test_dataset_has_required_fields ____

self = <Coroutine test_dataset_has_required_fields>

    def setup(self) -> None:
        runner_fixture_id = f"_{self._loop_scope}_scoped_runner"
        if runner_fixture_id not in self.fixturenames:
            self.fixturenames.append(runner_fixture_id)
        # When loop factories are configured, resolve the loop factory
        # fixture early so that a factory variant change cascades cache
        # invalidation before any async fixture checks its cache.
        hook_caller = self.config.hook.pytest_asyncio_loop_factories
        if hook_caller.get_hookimpls():
            _ = self._request.getfixturevalue(_asyncio_loop_factory.__name__)
>       return super().setup()
               ^^^^^^^^^^^^^^^

.venv/lib/python3.12/site-packages/pytest_asyncio/plugin.py:558: 
_ _ _ _ _ _ _ _ _ _ _ _ _ _ _ _ _ _ _ _ _ _ _ _ _ _ _ _ _ _ _ _ _ _ _ _ _ _ _ _ 
.venv/lib/python3.12/site-packages/pytest_asyncio/plugin.py:944: in pytest_fixture_setup
    hook_result = yield
                  ^^^^^
.venv/lib/python3.12/site-packages/pytest_asyncio/plugin.py:407: in _asyncgen_fixture_wrapper
    result = runner.run(setup(), context=context)
             ^^^^^^^^^^^^^^^^^^^^^^^^^^^^^^^^^^^^
/opt/homebrew/Cellar/python@3.12/3.12.13_4/Frameworks/Python.framework/Versions/3.12/lib/python3.12/asyncio/runners.py:118: in run
    return self._loop.run_until_complete(task)
           ^^^^^^^^^^^^^^^^^^^^^^^^^^^^^^^^^^^
/opt/homebrew/Cellar/python@3.12/3.12.13_4/Frameworks/Python.framework/Versions/3.12/lib/python3.12/asyncio/base_events.py:691: in run_until_complete
    return future.result()
           ^^^^^^^^^^^^^^^
.venv/lib/python3.12/site-packages/pytest_asyncio/plugin.py:403: in setup
    res = await gen_obj.__anext__()
          ^^^^^^^^^^^^^^^^^^^^^^^^^
tests/conftest.py:96: in client
    from app.main import app
app/main.py:41: in <module>
    from app.routers import sistema
_ _ _ _ _ _ _ _ _ _ _ _ _ _ _ _ _ _ _ _ _ _ _ _ _ _ _ _ _ _ _ _ _ _ _ _ _ _ _ _ 

    from fastapi import APIRouter, Depends, HTTPException
    from typing import List
    from datetime import datetime
    from app.database import erros_sistema
    from app.schemas.sistema import ErrorLogCreate, ErrorLogResponse
    from app.security import get_usuario_atual
>   from app.schemas.auth import UserInDB
E   ModuleNotFoundError: No module named 'app.schemas.auth'

app/routers/sistema.py:7: ModuleNotFoundError
__________ ERROR at setup of TestListToyDatasets.test_filter_by_type ___________

self = <Coroutine test_filter_by_type>

    def setup(self) -> None:
        runner_fixture_id = f"_{self._loop_scope}_scoped_runner"
        if runner_fixture_id not in self.fixturenames:
            self.fixturenames.append(runner_fixture_id)
        # When loop factories are configured, resolve the loop factory
        # fixture early so that a factory variant change cascades cache
        # invalidation before any async fixture checks its cache.
        hook_caller = self.config.hook.pytest_asyncio_loop_factories
        if hook_caller.get_hookimpls():
            _ = self._request.getfixturevalue(_asyncio_loop_factory.__name__)
>       return super().setup()
               ^^^^^^^^^^^^^^^

.venv/lib/python3.12/site-packages/pytest_asyncio/plugin.py:558: 
_ _ _ _ _ _ _ _ _ _ _ _ _ _ _ _ _ _ _ _ _ _ _ _ _ _ _ _ _ _ _ _ _ _ _ _ _ _ _ _ 
.venv/lib/python3.12/site-packages/pytest_asyncio/plugin.py:944: in pytest_fixture_setup
    hook_result = yield
                  ^^^^^
.venv/lib/python3.12/site-packages/pytest_asyncio/plugin.py:407: in _asyncgen_fixture_wrapper
    result = runner.run(setup(), context=context)
             ^^^^^^^^^^^^^^^^^^^^^^^^^^^^^^^^^^^^
/opt/homebrew/Cellar/python@3.12/3.12.13_4/Frameworks/Python.framework/Versions/3.12/lib/python3.12/asyncio/runners.py:118: in run
    return self._loop.run_until_complete(task)
           ^^^^^^^^^^^^^^^^^^^^^^^^^^^^^^^^^^^
/opt/homebrew/Cellar/python@3.12/3.12.13_4/Frameworks/Python.framework/Versions/3.12/lib/python3.12/asyncio/base_events.py:691: in run_until_complete
    return future.result()
           ^^^^^^^^^^^^^^^
.venv/lib/python3.12/site-packages/pytest_asyncio/plugin.py:403: in setup
    res = await gen_obj.__anext__()
          ^^^^^^^^^^^^^^^^^^^^^^^^^
tests/conftest.py:96: in client
    from app.main import app
app/main.py:41: in <module>
    from app.routers import sistema
_ _ _ _ _ _ _ _ _ _ _ _ _ _ _ _ _ _ _ _ _ _ _ _ _ _ _ _ _ _ _ _ _ _ _ _ _ _ _ _ 

    from fastapi import APIRouter, Depends, HTTPException
    from typing import List
    from datetime import datetime
    from app.database import erros_sistema
    from app.schemas.sistema import ErrorLogCreate, ErrorLogResponse
    from app.security import get_usuario_atual
>   from app.schemas.auth import UserInDB
E   ModuleNotFoundError: No module named 'app.schemas.auth'

app/routers/sistema.py:7: ModuleNotFoundError
__________ ERROR at setup of TestListToyDatasets.test_filter_by_fonte __________

self = <Coroutine test_filter_by_fonte>

    def setup(self) -> None:
        runner_fixture_id = f"_{self._loop_scope}_scoped_runner"
        if runner_fixture_id not in self.fixturenames:
            self.fixturenames.append(runner_fixture_id)
        # When loop factories are configured, resolve the loop factory
        # fixture early so that a factory variant change cascades cache
        # invalidation before any async fixture checks its cache.
        hook_caller = self.config.hook.pytest_asyncio_loop_factories
        if hook_caller.get_hookimpls():
            _ = self._request.getfixturevalue(_asyncio_loop_factory.__name__)
>       return super().setup()
               ^^^^^^^^^^^^^^^

.venv/lib/python3.12/site-packages/pytest_asyncio/plugin.py:558: 
_ _ _ _ _ _ _ _ _ _ _ _ _ _ _ _ _ _ _ _ _ _ _ _ _ _ _ _ _ _ _ _ _ _ _ _ _ _ _ _ 
.venv/lib/python3.12/site-packages/pytest_asyncio/plugin.py:944: in pytest_fixture_setup
    hook_result = yield
                  ^^^^^
.venv/lib/python3.12/site-packages/pytest_asyncio/plugin.py:407: in _asyncgen_fixture_wrapper
    result = runner.run(setup(), context=context)
             ^^^^^^^^^^^^^^^^^^^^^^^^^^^^^^^^^^^^
/opt/homebrew/Cellar/python@3.12/3.12.13_4/Frameworks/Python.framework/Versions/3.12/lib/python3.12/asyncio/runners.py:118: in run
    return self._loop.run_until_complete(task)
           ^^^^^^^^^^^^^^^^^^^^^^^^^^^^^^^^^^^
/opt/homebrew/Cellar/python@3.12/3.12.13_4/Frameworks/Python.framework/Versions/3.12/lib/python3.12/asyncio/base_events.py:691: in run_until_complete
    return future.result()
           ^^^^^^^^^^^^^^^
.venv/lib/python3.12/site-packages/pytest_asyncio/plugin.py:403: in setup
    res = await gen_obj.__anext__()
          ^^^^^^^^^^^^^^^^^^^^^^^^^
tests/conftest.py:96: in client
    from app.main import app
app/main.py:41: in <module>
    from app.routers import sistema
_ _ _ _ _ _ _ _ _ _ _ _ _ _ _ _ _ _ _ _ _ _ _ _ _ _ _ _ _ _ _ _ _ _ _ _ _ _ _ _ 

    from fastapi import APIRouter, Depends, HTTPException
    from typing import List
    from datetime import datetime
    from app.database import erros_sistema
    from app.schemas.sistema import ErrorLogCreate, ErrorLogResponse
    from app.security import get_usuario_atual
>   from app.schemas.auth import UserInDB
E   ModuleNotFoundError: No module named 'app.schemas.auth'

app/routers/sistema.py:7: ModuleNotFoundError
___________ ERROR at setup of TestListToyDatasets.test_iris_in_list ____________

self = <Coroutine test_iris_in_list>

    def setup(self) -> None:
        runner_fixture_id = f"_{self._loop_scope}_scoped_runner"
        if runner_fixture_id not in self.fixturenames:
            self.fixturenames.append(runner_fixture_id)
        # When loop factories are configured, resolve the loop factory
        # fixture early so that a factory variant change cascades cache
        # invalidation before any async fixture checks its cache.
        hook_caller = self.config.hook.pytest_asyncio_loop_factories
        if hook_caller.get_hookimpls():
            _ = self._request.getfixturevalue(_asyncio_loop_factory.__name__)
>       return super().setup()
               ^^^^^^^^^^^^^^^

.venv/lib/python3.12/site-packages/pytest_asyncio/plugin.py:558: 
_ _ _ _ _ _ _ _ _ _ _ _ _ _ _ _ _ _ _ _ _ _ _ _ _ _ _ _ _ _ _ _ _ _ _ _ _ _ _ _ 
.venv/lib/python3.12/site-packages/pytest_asyncio/plugin.py:944: in pytest_fixture_setup
    hook_result = yield
                  ^^^^^
.venv/lib/python3.12/site-packages/pytest_asyncio/plugin.py:407: in _asyncgen_fixture_wrapper
    result = runner.run(setup(), context=context)
             ^^^^^^^^^^^^^^^^^^^^^^^^^^^^^^^^^^^^
/opt/homebrew/Cellar/python@3.12/3.12.13_4/Frameworks/Python.framework/Versions/3.12/lib/python3.12/asyncio/runners.py:118: in run
    return self._loop.run_until_complete(task)
           ^^^^^^^^^^^^^^^^^^^^^^^^^^^^^^^^^^^
/opt/homebrew/Cellar/python@3.12/3.12.13_4/Frameworks/Python.framework/Versions/3.12/lib/python3.12/asyncio/base_events.py:691: in run_until_complete
    return future.result()
           ^^^^^^^^^^^^^^^
.venv/lib/python3.12/site-packages/pytest_asyncio/plugin.py:403: in setup
    res = await gen_obj.__anext__()
          ^^^^^^^^^^^^^^^^^^^^^^^^^
tests/conftest.py:96: in client
    from app.main import app
app/main.py:41: in <module>
    from app.routers import sistema
_ _ _ _ _ _ _ _ _ _ _ _ _ _ _ _ _ _ _ _ _ _ _ _ _ _ _ _ _ _ _ _ _ _ _ _ _ _ _ _ 

    from fastapi import APIRouter, Depends, HTTPException
    from typing import List
    from datetime import datetime
    from app.database import erros_sistema
    from app.schemas.sistema import ErrorLogCreate, ErrorLogResponse
    from app.security import get_usuario_atual
>   from app.schemas.auth import UserInDB
E   ModuleNotFoundError: No module named 'app.schemas.auth'

app/routers/sistema.py:7: ModuleNotFoundError
_____________ ERROR at setup of TestLoadToyDataset.test_load_iris ______________

self = <Coroutine test_load_iris>

    def setup(self) -> None:
        runner_fixture_id = f"_{self._loop_scope}_scoped_runner"
        if runner_fixture_id not in self.fixturenames:
            self.fixturenames.append(runner_fixture_id)
        # When loop factories are configured, resolve the loop factory
        # fixture early so that a factory variant change cascades cache
        # invalidation before any async fixture checks its cache.
        hook_caller = self.config.hook.pytest_asyncio_loop_factories
        if hook_caller.get_hookimpls():
            _ = self._request.getfixturevalue(_asyncio_loop_factory.__name__)
>       return super().setup()
               ^^^^^^^^^^^^^^^

.venv/lib/python3.12/site-packages/pytest_asyncio/plugin.py:558: 
_ _ _ _ _ _ _ _ _ _ _ _ _ _ _ _ _ _ _ _ _ _ _ _ _ _ _ _ _ _ _ _ _ _ _ _ _ _ _ _ 
.venv/lib/python3.12/site-packages/pytest_asyncio/plugin.py:944: in pytest_fixture_setup
    hook_result = yield
                  ^^^^^
.venv/lib/python3.12/site-packages/pytest_asyncio/plugin.py:407: in _asyncgen_fixture_wrapper
    result = runner.run(setup(), context=context)
             ^^^^^^^^^^^^^^^^^^^^^^^^^^^^^^^^^^^^
/opt/homebrew/Cellar/python@3.12/3.12.13_4/Frameworks/Python.framework/Versions/3.12/lib/python3.12/asyncio/runners.py:118: in run
    return self._loop.run_until_complete(task)
           ^^^^^^^^^^^^^^^^^^^^^^^^^^^^^^^^^^^
/opt/homebrew/Cellar/python@3.12/3.12.13_4/Frameworks/Python.framework/Versions/3.12/lib/python3.12/asyncio/base_events.py:691: in run_until_complete
    return future.result()
           ^^^^^^^^^^^^^^^
.venv/lib/python3.12/site-packages/pytest_asyncio/plugin.py:403: in setup
    res = await gen_obj.__anext__()
          ^^^^^^^^^^^^^^^^^^^^^^^^^
tests/conftest.py:96: in client
    from app.main import app
app/main.py:41: in <module>
    from app.routers import sistema
_ _ _ _ _ _ _ _ _ _ _ _ _ _ _ _ _ _ _ _ _ _ _ _ _ _ _ _ _ _ _ _ _ _ _ _ _ _ _ _ 

    from fastapi import APIRouter, Depends, HTTPException
    from typing import List
    from datetime import datetime
    from app.database import erros_sistema
    from app.schemas.sistema import ErrorLogCreate, ErrorLogResponse
    from app.security import get_usuario_atual
>   from app.schemas.auth import UserInDB
E   ModuleNotFoundError: No module named 'app.schemas.auth'

app/routers/sistema.py:7: ModuleNotFoundError
_____________ ERROR at setup of TestLoadToyDataset.test_load_wine ______________

self = <Coroutine test_load_wine>

    def setup(self) -> None:
        runner_fixture_id = f"_{self._loop_scope}_scoped_runner"
        if runner_fixture_id not in self.fixturenames:
            self.fixturenames.append(runner_fixture_id)
        # When loop factories are configured, resolve the loop factory
        # fixture early so that a factory variant change cascades cache
        # invalidation before any async fixture checks its cache.
        hook_caller = self.config.hook.pytest_asyncio_loop_factories
        if hook_caller.get_hookimpls():
            _ = self._request.getfixturevalue(_asyncio_loop_factory.__name__)
>       return super().setup()
               ^^^^^^^^^^^^^^^

.venv/lib/python3.12/site-packages/pytest_asyncio/plugin.py:558: 
_ _ _ _ _ _ _ _ _ _ _ _ _ _ _ _ _ _ _ _ _ _ _ _ _ _ _ _ _ _ _ _ _ _ _ _ _ _ _ _ 
.venv/lib/python3.12/site-packages/pytest_asyncio/plugin.py:944: in pytest_fixture_setup
    hook_result = yield
                  ^^^^^
.venv/lib/python3.12/site-packages/pytest_asyncio/plugin.py:407: in _asyncgen_fixture_wrapper
    result = runner.run(setup(), context=context)
             ^^^^^^^^^^^^^^^^^^^^^^^^^^^^^^^^^^^^
/opt/homebrew/Cellar/python@3.12/3.12.13_4/Frameworks/Python.framework/Versions/3.12/lib/python3.12/asyncio/runners.py:118: in run
    return self._loop.run_until_complete(task)
           ^^^^^^^^^^^^^^^^^^^^^^^^^^^^^^^^^^^
/opt/homebrew/Cellar/python@3.12/3.12.13_4/Frameworks/Python.framework/Versions/3.12/lib/python3.12/asyncio/base_events.py:691: in run_until_complete
    return future.result()
           ^^^^^^^^^^^^^^^
.venv/lib/python3.12/site-packages/pytest_asyncio/plugin.py:403: in setup
    res = await gen_obj.__anext__()
          ^^^^^^^^^^^^^^^^^^^^^^^^^
tests/conftest.py:96: in client
    from app.main import app
app/main.py:41: in <module>
    from app.routers import sistema
_ _ _ _ _ _ _ _ _ _ _ _ _ _ _ _ _ _ _ _ _ _ _ _ _ _ _ _ _ _ _ _ _ _ _ _ _ _ _ _ 

    from fastapi import APIRouter, Depends, HTTPException
    from typing import List
    from datetime import datetime
    from app.database import erros_sistema
    from app.schemas.sistema import ErrorLogCreate, ErrorLogResponse
    from app.security import get_usuario_atual
>   from app.schemas.auth import UserInDB
E   ModuleNotFoundError: No module named 'app.schemas.auth'

app/routers/sistema.py:7: ModuleNotFoundError
________ ERROR at setup of TestLoadToyDataset.test_gerar_classificacao _________

self = <Coroutine test_gerar_classificacao>

    def setup(self) -> None:
        runner_fixture_id = f"_{self._loop_scope}_scoped_runner"
        if runner_fixture_id not in self.fixturenames:
            self.fixturenames.append(runner_fixture_id)
        # When loop factories are configured, resolve the loop factory
        # fixture early so that a factory variant change cascades cache
        # invalidation before any async fixture checks its cache.
        hook_caller = self.config.hook.pytest_asyncio_loop_factories
        if hook_caller.get_hookimpls():
            _ = self._request.getfixturevalue(_asyncio_loop_factory.__name__)
>       return super().setup()
               ^^^^^^^^^^^^^^^

.venv/lib/python3.12/site-packages/pytest_asyncio/plugin.py:558: 
_ _ _ _ _ _ _ _ _ _ _ _ _ _ _ _ _ _ _ _ _ _ _ _ _ _ _ _ _ _ _ _ _ _ _ _ _ _ _ _ 
.venv/lib/python3.12/site-packages/pytest_asyncio/plugin.py:944: in pytest_fixture_setup
    hook_result = yield
                  ^^^^^
.venv/lib/python3.12/site-packages/pytest_asyncio/plugin.py:407: in _asyncgen_fixture_wrapper
    result = runner.run(setup(), context=context)
             ^^^^^^^^^^^^^^^^^^^^^^^^^^^^^^^^^^^^
/opt/homebrew/Cellar/python@3.12/3.12.13_4/Frameworks/Python.framework/Versions/3.12/lib/python3.12/asyncio/runners.py:118: in run
    return self._loop.run_until_complete(task)
           ^^^^^^^^^^^^^^^^^^^^^^^^^^^^^^^^^^^
/opt/homebrew/Cellar/python@3.12/3.12.13_4/Frameworks/Python.framework/Versions/3.12/lib/python3.12/asyncio/base_events.py:691: in run_until_complete
    return future.result()
           ^^^^^^^^^^^^^^^
.venv/lib/python3.12/site-packages/pytest_asyncio/plugin.py:403: in setup
    res = await gen_obj.__anext__()
          ^^^^^^^^^^^^^^^^^^^^^^^^^
tests/conftest.py:96: in client
    from app.main import app
app/main.py:41: in <module>
    from app.routers import sistema
_ _ _ _ _ _ _ _ _ _ _ _ _ _ _ _ _ _ _ _ _ _ _ _ _ _ _ _ _ _ _ _ _ _ _ _ _ _ _ _ 

    from fastapi import APIRouter, Depends, HTTPException
    from typing import List
    from datetime import datetime
    from app.database import erros_sistema
    from app.schemas.sistema import ErrorLogCreate, ErrorLogResponse
    from app.security import get_usuario_atual
>   from app.schemas.auth import UserInDB
E   ModuleNotFoundError: No module named 'app.schemas.auth'

app/routers/sistema.py:7: ModuleNotFoundError
_______ ERROR at setup of TestLoadToyDataset.test_gerar_blobs_sem_target _______

self = <Coroutine test_gerar_blobs_sem_target>

    def setup(self) -> None:
        runner_fixture_id = f"_{self._loop_scope}_scoped_runner"
        if runner_fixture_id not in self.fixturenames:
            self.fixturenames.append(runner_fixture_id)
        # When loop factories are configured, resolve the loop factory
        # fixture early so that a factory variant change cascades cache
        # invalidation before any async fixture checks its cache.
        hook_caller = self.config.hook.pytest_asyncio_loop_factories
        if hook_caller.get_hookimpls():
            _ = self._request.getfixturevalue(_asyncio_loop_factory.__name__)
>       return super().setup()
               ^^^^^^^^^^^^^^^

.venv/lib/python3.12/site-packages/pytest_asyncio/plugin.py:558: 
_ _ _ _ _ _ _ _ _ _ _ _ _ _ _ _ _ _ _ _ _ _ _ _ _ _ _ _ _ _ _ _ _ _ _ _ _ _ _ _ 
.venv/lib/python3.12/site-packages/pytest_asyncio/plugin.py:944: in pytest_fixture_setup
    hook_result = yield
                  ^^^^^
.venv/lib/python3.12/site-packages/pytest_asyncio/plugin.py:407: in _asyncgen_fixture_wrapper
    result = runner.run(setup(), context=context)
             ^^^^^^^^^^^^^^^^^^^^^^^^^^^^^^^^^^^^
/opt/homebrew/Cellar/python@3.12/3.12.13_4/Frameworks/Python.framework/Versions/3.12/lib/python3.12/asyncio/runners.py:118: in run
    return self._loop.run_until_complete(task)
           ^^^^^^^^^^^^^^^^^^^^^^^^^^^^^^^^^^^
/opt/homebrew/Cellar/python@3.12/3.12.13_4/Frameworks/Python.framework/Versions/3.12/lib/python3.12/asyncio/base_events.py:691: in run_until_complete
    return future.result()
           ^^^^^^^^^^^^^^^
.venv/lib/python3.12/site-packages/pytest_asyncio/plugin.py:403: in setup
    res = await gen_obj.__anext__()
          ^^^^^^^^^^^^^^^^^^^^^^^^^
tests/conftest.py:96: in client
    from app.main import app
app/main.py:41: in <module>
    from app.routers import sistema
_ _ _ _ _ _ _ _ _ _ _ _ _ _ _ _ _ _ _ _ _ _ _ _ _ _ _ _ _ _ _ _ _ _ _ _ _ _ _ _ 

    from fastapi import APIRouter, Depends, HTTPException
    from typing import List
    from datetime import datetime
    from app.database import erros_sistema
    from app.schemas.sistema import ErrorLogCreate, ErrorLogResponse
    from app.security import get_usuario_atual
>   from app.schemas.auth import UserInDB
E   ModuleNotFoundError: No module named 'app.schemas.auth'

app/routers/sistema.py:7: ModuleNotFoundError
_______ ERROR at setup of TestLoadToyDataset.test_gen_sorvete_regressao ________

self = <Coroutine test_gen_sorvete_regressao>

    def setup(self) -> None:
        runner_fixture_id = f"_{self._loop_scope}_scoped_runner"
        if runner_fixture_id not in self.fixturenames:
            self.fixturenames.append(runner_fixture_id)
        # When loop factories are configured, resolve the loop factory
        # fixture early so that a factory variant change cascades cache
        # invalidation before any async fixture checks its cache.
        hook_caller = self.config.hook.pytest_asyncio_loop_factories
        if hook_caller.get_hookimpls():
            _ = self._request.getfixturevalue(_asyncio_loop_factory.__name__)
>       return super().setup()
               ^^^^^^^^^^^^^^^

.venv/lib/python3.12/site-packages/pytest_asyncio/plugin.py:558: 
_ _ _ _ _ _ _ _ _ _ _ _ _ _ _ _ _ _ _ _ _ _ _ _ _ _ _ _ _ _ _ _ _ _ _ _ _ _ _ _ 
.venv/lib/python3.12/site-packages/pytest_asyncio/plugin.py:944: in pytest_fixture_setup
    hook_result = yield
                  ^^^^^
.venv/lib/python3.12/site-packages/pytest_asyncio/plugin.py:407: in _asyncgen_fixture_wrapper
    result = runner.run(setup(), context=context)
             ^^^^^^^^^^^^^^^^^^^^^^^^^^^^^^^^^^^^
/opt/homebrew/Cellar/python@3.12/3.12.13_4/Frameworks/Python.framework/Versions/3.12/lib/python3.12/asyncio/runners.py:118: in run
    return self._loop.run_until_complete(task)
           ^^^^^^^^^^^^^^^^^^^^^^^^^^^^^^^^^^^
/opt/homebrew/Cellar/python@3.12/3.12.13_4/Frameworks/Python.framework/Versions/3.12/lib/python3.12/asyncio/base_events.py:691: in run_until_complete
    return future.result()
           ^^^^^^^^^^^^^^^
.venv/lib/python3.12/site-packages/pytest_asyncio/plugin.py:403: in setup
    res = await gen_obj.__anext__()
          ^^^^^^^^^^^^^^^^^^^^^^^^^
tests/conftest.py:96: in client
    from app.main import app
app/main.py:41: in <module>
    from app.routers import sistema
_ _ _ _ _ _ _ _ _ _ _ _ _ _ _ _ _ _ _ _ _ _ _ _ _ _ _ _ _ _ _ _ _ _ _ _ _ _ _ _ 

    from fastapi import APIRouter, Depends, HTTPException
    from typing import List
    from datetime import datetime
    from app.database import erros_sistema
    from app.schemas.sistema import ErrorLogCreate, ErrorLogResponse
    from app.security import get_usuario_atual
>   from app.schemas.auth import UserInDB
E   ModuleNotFoundError: No module named 'app.schemas.auth'

app/routers/sistema.py:7: ModuleNotFoundError
_______ ERROR at setup of TestLoadToyDataset.test_gen_cachorro_regressao _______

self = <Coroutine test_gen_cachorro_regressao>

    def setup(self) -> None:
        runner_fixture_id = f"_{self._loop_scope}_scoped_runner"
        if runner_fixture_id not in self.fixturenames:
            self.fixturenames.append(runner_fixture_id)
        # When loop factories are configured, resolve the loop factory
        # fixture early so that a factory variant change cascades cache
        # invalidation before any async fixture checks its cache.
        hook_caller = self.config.hook.pytest_asyncio_loop_factories
        if hook_caller.get_hookimpls():
            _ = self._request.getfixturevalue(_asyncio_loop_factory.__name__)
>       return super().setup()
               ^^^^^^^^^^^^^^^

.venv/lib/python3.12/site-packages/pytest_asyncio/plugin.py:558: 
_ _ _ _ _ _ _ _ _ _ _ _ _ _ _ _ _ _ _ _ _ _ _ _ _ _ _ _ _ _ _ _ _ _ _ _ _ _ _ _ 
.venv/lib/python3.12/site-packages/pytest_asyncio/plugin.py:944: in pytest_fixture_setup
    hook_result = yield
                  ^^^^^
.venv/lib/python3.12/site-packages/pytest_asyncio/plugin.py:407: in _asyncgen_fixture_wrapper
    result = runner.run(setup(), context=context)
             ^^^^^^^^^^^^^^^^^^^^^^^^^^^^^^^^^^^^
/opt/homebrew/Cellar/python@3.12/3.12.13_4/Frameworks/Python.framework/Versions/3.12/lib/python3.12/asyncio/runners.py:118: in run
    return self._loop.run_until_complete(task)
           ^^^^^^^^^^^^^^^^^^^^^^^^^^^^^^^^^^^
/opt/homebrew/Cellar/python@3.12/3.12.13_4/Frameworks/Python.framework/Versions/3.12/lib/python3.12/asyncio/base_events.py:691: in run_until_complete
    return future.result()
           ^^^^^^^^^^^^^^^
.venv/lib/python3.12/site-packages/pytest_asyncio/plugin.py:403: in setup
    res = await gen_obj.__anext__()
          ^^^^^^^^^^^^^^^^^^^^^^^^^
tests/conftest.py:96: in client
    from app.main import app
app/main.py:41: in <module>
    from app.routers import sistema
_ _ _ _ _ _ _ _ _ _ _ _ _ _ _ _ _ _ _ _ _ _ _ _ _ _ _ _ _ _ _ _ _ _ _ _ _ _ _ _ 

    from fastapi import APIRouter, Depends, HTTPException
    from typing import List
    from datetime import datetime
    from app.database import erros_sistema
    from app.schemas.sistema import ErrorLogCreate, ErrorLogResponse
    from app.security import get_usuario_atual
>   from app.schemas.auth import UserInDB
E   ModuleNotFoundError: No module named 'app.schemas.auth'

app/routers/sistema.py:7: ModuleNotFoundError
_______ ERROR at setup of TestLoadToyDataset.test_gen_cardume_clustering _______

self = <Coroutine test_gen_cardume_clustering>

    def setup(self) -> None:
        runner_fixture_id = f"_{self._loop_scope}_scoped_runner"
        if runner_fixture_id not in self.fixturenames:
            self.fixturenames.append(runner_fixture_id)
        # When loop factories are configured, resolve the loop factory
        # fixture early so that a factory variant change cascades cache
        # invalidation before any async fixture checks its cache.
        hook_caller = self.config.hook.pytest_asyncio_loop_factories
        if hook_caller.get_hookimpls():
            _ = self._request.getfixturevalue(_asyncio_loop_factory.__name__)
>       return super().setup()
               ^^^^^^^^^^^^^^^

.venv/lib/python3.12/site-packages/pytest_asyncio/plugin.py:558: 
_ _ _ _ _ _ _ _ _ _ _ _ _ _ _ _ _ _ _ _ _ _ _ _ _ _ _ _ _ _ _ _ _ _ _ _ _ _ _ _ 
.venv/lib/python3.12/site-packages/pytest_asyncio/plugin.py:944: in pytest_fixture_setup
    hook_result = yield
                  ^^^^^
.venv/lib/python3.12/site-packages/pytest_asyncio/plugin.py:407: in _asyncgen_fixture_wrapper
    result = runner.run(setup(), context=context)
             ^^^^^^^^^^^^^^^^^^^^^^^^^^^^^^^^^^^^
/opt/homebrew/Cellar/python@3.12/3.12.13_4/Frameworks/Python.framework/Versions/3.12/lib/python3.12/asyncio/runners.py:118: in run
    return self._loop.run_until_complete(task)
           ^^^^^^^^^^^^^^^^^^^^^^^^^^^^^^^^^^^
/opt/homebrew/Cellar/python@3.12/3.12.13_4/Frameworks/Python.framework/Versions/3.12/lib/python3.12/asyncio/base_events.py:691: in run_until_complete
    return future.result()
           ^^^^^^^^^^^^^^^
.venv/lib/python3.12/site-packages/pytest_asyncio/plugin.py:403: in setup
    res = await gen_obj.__anext__()
          ^^^^^^^^^^^^^^^^^^^^^^^^^
tests/conftest.py:96: in client
    from app.main import app
app/main.py:41: in <module>
    from app.routers import sistema
_ _ _ _ _ _ _ _ _ _ _ _ _ _ _ _ _ _ _ _ _ _ _ _ _ _ _ _ _ _ _ _ _ _ _ _ _ _ _ _ 

    from fastapi import APIRouter, Depends, HTTPException
    from typing import List
    from datetime import datetime
    from app.database import erros_sistema
    from app.schemas.sistema import ErrorLogCreate, ErrorLogResponse
    from app.security import get_usuario_atual
>   from app.schemas.auth import UserInDB
E   ModuleNotFoundError: No module named 'app.schemas.auth'

app/routers/sistema.py:7: ModuleNotFoundError
_________ ERROR at setup of TestLoadToyDataset.test_load_breast_cancer _________

self = <Coroutine test_load_breast_cancer>

    def setup(self) -> None:
        runner_fixture_id = f"_{self._loop_scope}_scoped_runner"
        if runner_fixture_id not in self.fixturenames:
            self.fixturenames.append(runner_fixture_id)
        # When loop factories are configured, resolve the loop factory
        # fixture early so that a factory variant change cascades cache
        # invalidation before any async fixture checks its cache.
        hook_caller = self.config.hook.pytest_asyncio_loop_factories
        if hook_caller.get_hookimpls():
            _ = self._request.getfixturevalue(_asyncio_loop_factory.__name__)
>       return super().setup()
               ^^^^^^^^^^^^^^^

.venv/lib/python3.12/site-packages/pytest_asyncio/plugin.py:558: 
_ _ _ _ _ _ _ _ _ _ _ _ _ _ _ _ _ _ _ _ _ _ _ _ _ _ _ _ _ _ _ _ _ _ _ _ _ _ _ _ 
.venv/lib/python3.12/site-packages/pytest_asyncio/plugin.py:944: in pytest_fixture_setup
    hook_result = yield
                  ^^^^^
.venv/lib/python3.12/site-packages/pytest_asyncio/plugin.py:407: in _asyncgen_fixture_wrapper
    result = runner.run(setup(), context=context)
             ^^^^^^^^^^^^^^^^^^^^^^^^^^^^^^^^^^^^
/opt/homebrew/Cellar/python@3.12/3.12.13_4/Frameworks/Python.framework/Versions/3.12/lib/python3.12/asyncio/runners.py:118: in run
    return self._loop.run_until_complete(task)
           ^^^^^^^^^^^^^^^^^^^^^^^^^^^^^^^^^^^
/opt/homebrew/Cellar/python@3.12/3.12.13_4/Frameworks/Python.framework/Versions/3.12/lib/python3.12/asyncio/base_events.py:691: in run_until_complete
    return future.result()
           ^^^^^^^^^^^^^^^
.venv/lib/python3.12/site-packages/pytest_asyncio/plugin.py:403: in setup
    res = await gen_obj.__anext__()
          ^^^^^^^^^^^^^^^^^^^^^^^^^
tests/conftest.py:96: in client
    from app.main import app
app/main.py:41: in <module>
    from app.routers import sistema
_ _ _ _ _ _ _ _ _ _ _ _ _ _ _ _ _ _ _ _ _ _ _ _ _ _ _ _ _ _ _ _ _ _ _ _ _ _ _ _ 

    from fastapi import APIRouter, Depends, HTTPException
    from typing import List
    from datetime import datetime
    from app.database import erros_sistema
    from app.schemas.sistema import ErrorLogCreate, ErrorLogResponse
    from app.security import get_usuario_atual
>   from app.schemas.auth import UserInDB
E   ModuleNotFoundError: No module named 'app.schemas.auth'

app/routers/sistema.py:7: ModuleNotFoundError
___________ ERROR at setup of TestLoadToyDataset.test_load_diabetes ____________

self = <Coroutine test_load_diabetes>

    def setup(self) -> None:
        runner_fixture_id = f"_{self._loop_scope}_scoped_runner"
        if runner_fixture_id not in self.fixturenames:
            self.fixturenames.append(runner_fixture_id)
        # When loop factories are configured, resolve the loop factory
        # fixture early so that a factory variant change cascades cache
        # invalidation before any async fixture checks its cache.
        hook_caller = self.config.hook.pytest_asyncio_loop_factories
        if hook_caller.get_hookimpls():
            _ = self._request.getfixturevalue(_asyncio_loop_factory.__name__)
>       return super().setup()
               ^^^^^^^^^^^^^^^

.venv/lib/python3.12/site-packages/pytest_asyncio/plugin.py:558: 
_ _ _ _ _ _ _ _ _ _ _ _ _ _ _ _ _ _ _ _ _ _ _ _ _ _ _ _ _ _ _ _ _ _ _ _ _ _ _ _ 
.venv/lib/python3.12/site-packages/pytest_asyncio/plugin.py:944: in pytest_fixture_setup
    hook_result = yield
                  ^^^^^
.venv/lib/python3.12/site-packages/pytest_asyncio/plugin.py:407: in _asyncgen_fixture_wrapper
    result = runner.run(setup(), context=context)
             ^^^^^^^^^^^^^^^^^^^^^^^^^^^^^^^^^^^^
/opt/homebrew/Cellar/python@3.12/3.12.13_4/Frameworks/Python.framework/Versions/3.12/lib/python3.12/asyncio/runners.py:118: in run
    return self._loop.run_until_complete(task)
           ^^^^^^^^^^^^^^^^^^^^^^^^^^^^^^^^^^^
/opt/homebrew/Cellar/python@3.12/3.12.13_4/Frameworks/Python.framework/Versions/3.12/lib/python3.12/asyncio/base_events.py:691: in run_until_complete
    return future.result()
           ^^^^^^^^^^^^^^^
.venv/lib/python3.12/site-packages/pytest_asyncio/plugin.py:403: in setup
    res = await gen_obj.__anext__()
          ^^^^^^^^^^^^^^^^^^^^^^^^^
tests/conftest.py:96: in client
    from app.main import app
app/main.py:41: in <module>
    from app.routers import sistema
_ _ _ _ _ _ _ _ _ _ _ _ _ _ _ _ _ _ _ _ _ _ _ _ _ _ _ _ _ _ _ _ _ _ _ _ _ _ _ _ 

    from fastapi import APIRouter, Depends, HTTPException
    from typing import List
    from datetime import datetime
    from app.database import erros_sistema
    from app.schemas.sistema import ErrorLogCreate, ErrorLogResponse
    from app.security import get_usuario_atual
>   from app.schemas.auth import UserInDB
E   ModuleNotFoundError: No module named 'app.schemas.auth'

app/routers/sistema.py:7: ModuleNotFoundError
______ ERROR at setup of TestLoadToyDataset.test_load_nonexistent_dataset ______

self = <Coroutine test_load_nonexistent_dataset>

    def setup(self) -> None:
        runner_fixture_id = f"_{self._loop_scope}_scoped_runner"
        if runner_fixture_id not in self.fixturenames:
            self.fixturenames.append(runner_fixture_id)
        # When loop factories are configured, resolve the loop factory
        # fixture early so that a factory variant change cascades cache
        # invalidation before any async fixture checks its cache.
        hook_caller = self.config.hook.pytest_asyncio_loop_factories
        if hook_caller.get_hookimpls():
            _ = self._request.getfixturevalue(_asyncio_loop_factory.__name__)
>       return super().setup()
               ^^^^^^^^^^^^^^^

.venv/lib/python3.12/site-packages/pytest_asyncio/plugin.py:558: 
_ _ _ _ _ _ _ _ _ _ _ _ _ _ _ _ _ _ _ _ _ _ _ _ _ _ _ _ _ _ _ _ _ _ _ _ _ _ _ _ 
.venv/lib/python3.12/site-packages/pytest_asyncio/plugin.py:944: in pytest_fixture_setup
    hook_result = yield
                  ^^^^^
.venv/lib/python3.12/site-packages/pytest_asyncio/plugin.py:407: in _asyncgen_fixture_wrapper
    result = runner.run(setup(), context=context)
             ^^^^^^^^^^^^^^^^^^^^^^^^^^^^^^^^^^^^
/opt/homebrew/Cellar/python@3.12/3.12.13_4/Frameworks/Python.framework/Versions/3.12/lib/python3.12/asyncio/runners.py:118: in run
    return self._loop.run_until_complete(task)
           ^^^^^^^^^^^^^^^^^^^^^^^^^^^^^^^^^^^
/opt/homebrew/Cellar/python@3.12/3.12.13_4/Frameworks/Python.framework/Versions/3.12/lib/python3.12/asyncio/base_events.py:691: in run_until_complete
    return future.result()
           ^^^^^^^^^^^^^^^
.venv/lib/python3.12/site-packages/pytest_asyncio/plugin.py:403: in setup
    res = await gen_obj.__anext__()
          ^^^^^^^^^^^^^^^^^^^^^^^^^
tests/conftest.py:96: in client
    from app.main import app
app/main.py:41: in <module>
    from app.routers import sistema
_ _ _ _ _ _ _ _ _ _ _ _ _ _ _ _ _ _ _ _ _ _ _ _ _ _ _ _ _ _ _ _ _ _ _ _ _ _ _ _ 

    from fastapi import APIRouter, Depends, HTTPException
    from typing import List
    from datetime import datetime
    from app.database import erros_sistema
    from app.schemas.sistema import ErrorLogCreate, ErrorLogResponse
    from app.security import get_usuario_atual
>   from app.schemas.auth import UserInDB
E   ModuleNotFoundError: No module named 'app.schemas.auth'

app/routers/sistema.py:7: ModuleNotFoundError
_________ ERROR at setup of TestLoadToyDataset.test_dataset_has_dados __________

self = <Coroutine test_dataset_has_dados>

    def setup(self) -> None:
        runner_fixture_id = f"_{self._loop_scope}_scoped_runner"
        if runner_fixture_id not in self.fixturenames:
            self.fixturenames.append(runner_fixture_id)
        # When loop factories are configured, resolve the loop factory
        # fixture early so that a factory variant change cascades cache
        # invalidation before any async fixture checks its cache.
        hook_caller = self.config.hook.pytest_asyncio_loop_factories
        if hook_caller.get_hookimpls():
            _ = self._request.getfixturevalue(_asyncio_loop_factory.__name__)
>       return super().setup()
               ^^^^^^^^^^^^^^^

.venv/lib/python3.12/site-packages/pytest_asyncio/plugin.py:558: 
_ _ _ _ _ _ _ _ _ _ _ _ _ _ _ _ _ _ _ _ _ _ _ _ _ _ _ _ _ _ _ _ _ _ _ _ _ _ _ _ 
.venv/lib/python3.12/site-packages/pytest_asyncio/plugin.py:944: in pytest_fixture_setup
    hook_result = yield
                  ^^^^^
.venv/lib/python3.12/site-packages/pytest_asyncio/plugin.py:407: in _asyncgen_fixture_wrapper
    result = runner.run(setup(), context=context)
             ^^^^^^^^^^^^^^^^^^^^^^^^^^^^^^^^^^^^
/opt/homebrew/Cellar/python@3.12/3.12.13_4/Frameworks/Python.framework/Versions/3.12/lib/python3.12/asyncio/runners.py:118: in run
    return self._loop.run_until_complete(task)
           ^^^^^^^^^^^^^^^^^^^^^^^^^^^^^^^^^^^
/opt/homebrew/Cellar/python@3.12/3.12.13_4/Frameworks/Python.framework/Versions/3.12/lib/python3.12/asyncio/base_events.py:691: in run_until_complete
    return future.result()
           ^^^^^^^^^^^^^^^
.venv/lib/python3.12/site-packages/pytest_asyncio/plugin.py:403: in setup
    res = await gen_obj.__anext__()
          ^^^^^^^^^^^^^^^^^^^^^^^^^
tests/conftest.py:96: in client
    from app.main import app
app/main.py:41: in <module>
    from app.routers import sistema
_ _ _ _ _ _ _ _ _ _ _ _ _ _ _ _ _ _ _ _ _ _ _ _ _ _ _ _ _ _ _ _ _ _ _ _ _ _ _ _ 

    from fastapi import APIRouter, Depends, HTTPException
    from typing import List
    from datetime import datetime
    from app.database import erros_sistema
    from app.schemas.sistema import ErrorLogCreate, ErrorLogResponse
    from app.security import get_usuario_atual
>   from app.schemas.auth import UserInDB
E   ModuleNotFoundError: No module named 'app.schemas.auth'

app/routers/sistema.py:7: ModuleNotFoundError
____ ERROR at setup of TestLoadToyDataset.test_dataset_has_colunas_detalhes ____

self = <Coroutine test_dataset_has_colunas_detalhes>

    def setup(self) -> None:
        runner_fixture_id = f"_{self._loop_scope}_scoped_runner"
        if runner_fixture_id not in self.fixturenames:
            self.fixturenames.append(runner_fixture_id)
        # When loop factories are configured, resolve the loop factory
        # fixture early so that a factory variant change cascades cache
        # invalidation before any async fixture checks its cache.
        hook_caller = self.config.hook.pytest_asyncio_loop_factories
        if hook_caller.get_hookimpls():
            _ = self._request.getfixturevalue(_asyncio_loop_factory.__name__)
>       return super().setup()
               ^^^^^^^^^^^^^^^

.venv/lib/python3.12/site-packages/pytest_asyncio/plugin.py:558: 
_ _ _ _ _ _ _ _ _ _ _ _ _ _ _ _ _ _ _ _ _ _ _ _ _ _ _ _ _ _ _ _ _ _ _ _ _ _ _ _ 
.venv/lib/python3.12/site-packages/pytest_asyncio/plugin.py:944: in pytest_fixture_setup
    hook_result = yield
                  ^^^^^
.venv/lib/python3.12/site-packages/pytest_asyncio/plugin.py:407: in _asyncgen_fixture_wrapper
    result = runner.run(setup(), context=context)
             ^^^^^^^^^^^^^^^^^^^^^^^^^^^^^^^^^^^^
/opt/homebrew/Cellar/python@3.12/3.12.13_4/Frameworks/Python.framework/Versions/3.12/lib/python3.12/asyncio/runners.py:118: in run
    return self._loop.run_until_complete(task)
           ^^^^^^^^^^^^^^^^^^^^^^^^^^^^^^^^^^^
/opt/homebrew/Cellar/python@3.12/3.12.13_4/Frameworks/Python.framework/Versions/3.12/lib/python3.12/asyncio/base_events.py:691: in run_until_complete
    return future.result()
           ^^^^^^^^^^^^^^^
.venv/lib/python3.12/site-packages/pytest_asyncio/plugin.py:403: in setup
    res = await gen_obj.__anext__()
          ^^^^^^^^^^^^^^^^^^^^^^^^^
tests/conftest.py:96: in client
    from app.main import app
app/main.py:41: in <module>
    from app.routers import sistema
_ _ _ _ _ _ _ _ _ _ _ _ _ _ _ _ _ _ _ _ _ _ _ _ _ _ _ _ _ _ _ _ _ _ _ _ _ _ _ _ 

    from fastapi import APIRouter, Depends, HTTPException
    from typing import List
    from datetime import datetime
    from app.database import erros_sistema
    from app.schemas.sistema import ErrorLogCreate, ErrorLogResponse
    from app.security import get_usuario_atual
>   from app.schemas.auth import UserInDB
E   ModuleNotFoundError: No module named 'app.schemas.auth'

app/routers/sistema.py:7: ModuleNotFoundError
________ ERROR at setup of TestLoadToyDataset.test_with_seed_parameter _________

self = <Coroutine test_with_seed_parameter>

    def setup(self) -> None:
        runner_fixture_id = f"_{self._loop_scope}_scoped_runner"
        if runner_fixture_id not in self.fixturenames:
            self.fixturenames.append(runner_fixture_id)
        # When loop factories are configured, resolve the loop factory
        # fixture early so that a factory variant change cascades cache
        # invalidation before any async fixture checks its cache.
        hook_caller = self.config.hook.pytest_asyncio_loop_factories
        if hook_caller.get_hookimpls():
            _ = self._request.getfixturevalue(_asyncio_loop_factory.__name__)
>       return super().setup()
               ^^^^^^^^^^^^^^^

.venv/lib/python3.12/site-packages/pytest_asyncio/plugin.py:558: 
_ _ _ _ _ _ _ _ _ _ _ _ _ _ _ _ _ _ _ _ _ _ _ _ _ _ _ _ _ _ _ _ _ _ _ _ _ _ _ _ 
.venv/lib/python3.12/site-packages/pytest_asyncio/plugin.py:944: in pytest_fixture_setup
    hook_result = yield
                  ^^^^^
.venv/lib/python3.12/site-packages/pytest_asyncio/plugin.py:407: in _asyncgen_fixture_wrapper
    result = runner.run(setup(), context=context)
             ^^^^^^^^^^^^^^^^^^^^^^^^^^^^^^^^^^^^
/opt/homebrew/Cellar/python@3.12/3.12.13_4/Frameworks/Python.framework/Versions/3.12/lib/python3.12/asyncio/runners.py:118: in run
    return self._loop.run_until_complete(task)
           ^^^^^^^^^^^^^^^^^^^^^^^^^^^^^^^^^^^
/opt/homebrew/Cellar/python@3.12/3.12.13_4/Frameworks/Python.framework/Versions/3.12/lib/python3.12/asyncio/base_events.py:691: in run_until_complete
    return future.result()
           ^^^^^^^^^^^^^^^
.venv/lib/python3.12/site-packages/pytest_asyncio/plugin.py:403: in setup
    res = await gen_obj.__anext__()
          ^^^^^^^^^^^^^^^^^^^^^^^^^
tests/conftest.py:96: in client
    from app.main import app
app/main.py:41: in <module>
    from app.routers import sistema
_ _ _ _ _ _ _ _ _ _ _ _ _ _ _ _ _ _ _ _ _ _ _ _ _ _ _ _ _ _ _ _ _ _ _ _ _ _ _ _ 

    from fastapi import APIRouter, Depends, HTTPException
    from typing import List
    from datetime import datetime
    from app.database import erros_sistema
    from app.schemas.sistema import ErrorLogCreate, ErrorLogResponse
    from app.security import get_usuario_atual
>   from app.schemas.auth import UserInDB
E   ModuleNotFoundError: No module named 'app.schemas.auth'

app/routers/sistema.py:7: ModuleNotFoundError
________ ERROR at setup of TestLoadToyDataset.test_dataset_has_metadata ________

self = <Coroutine test_dataset_has_metadata>

    def setup(self) -> None:
        runner_fixture_id = f"_{self._loop_scope}_scoped_runner"
        if runner_fixture_id not in self.fixturenames:
            self.fixturenames.append(runner_fixture_id)
        # When loop factories are configured, resolve the loop factory
        # fixture early so that a factory variant change cascades cache
        # invalidation before any async fixture checks its cache.
        hook_caller = self.config.hook.pytest_asyncio_loop_factories
        if hook_caller.get_hookimpls():
            _ = self._request.getfixturevalue(_asyncio_loop_factory.__name__)
>       return super().setup()
               ^^^^^^^^^^^^^^^

.venv/lib/python3.12/site-packages/pytest_asyncio/plugin.py:558: 
_ _ _ _ _ _ _ _ _ _ _ _ _ _ _ _ _ _ _ _ _ _ _ _ _ _ _ _ _ _ _ _ _ _ _ _ _ _ _ _ 
.venv/lib/python3.12/site-packages/pytest_asyncio/plugin.py:944: in pytest_fixture_setup
    hook_result = yield
                  ^^^^^
.venv/lib/python3.12/site-packages/pytest_asyncio/plugin.py:407: in _asyncgen_fixture_wrapper
    result = runner.run(setup(), context=context)
             ^^^^^^^^^^^^^^^^^^^^^^^^^^^^^^^^^^^^
/opt/homebrew/Cellar/python@3.12/3.12.13_4/Frameworks/Python.framework/Versions/3.12/lib/python3.12/asyncio/runners.py:118: in run
    return self._loop.run_until_complete(task)
           ^^^^^^^^^^^^^^^^^^^^^^^^^^^^^^^^^^^
/opt/homebrew/Cellar/python@3.12/3.12.13_4/Frameworks/Python.framework/Versions/3.12/lib/python3.12/asyncio/base_events.py:691: in run_until_complete
    return future.result()
           ^^^^^^^^^^^^^^^
.venv/lib/python3.12/site-packages/pytest_asyncio/plugin.py:403: in setup
    res = await gen_obj.__anext__()
          ^^^^^^^^^^^^^^^^^^^^^^^^^
tests/conftest.py:96: in client
    from app.main import app
app/main.py:41: in <module>
    from app.routers import sistema
_ _ _ _ _ _ _ _ _ _ _ _ _ _ _ _ _ _ _ _ _ _ _ _ _ _ _ _ _ _ _ _ _ _ _ _ _ _ _ _ 

    from fastapi import APIRouter, Depends, HTTPException
    from typing import List
    from datetime import datetime
    from app.database import erros_sistema
    from app.schemas.sistema import ErrorLogCreate, ErrorLogResponse
    from app.security import get_usuario_atual
>   from app.schemas.auth import UserInDB
E   ModuleNotFoundError: No module named 'app.schemas.auth'

app/routers/sistema.py:7: ModuleNotFoundError
_____________ ERROR at setup of TestLoadUciDataset.test_load_adult _____________

self = <Coroutine test_load_adult>

    def setup(self) -> None:
        runner_fixture_id = f"_{self._loop_scope}_scoped_runner"
        if runner_fixture_id not in self.fixturenames:
            self.fixturenames.append(runner_fixture_id)
        # When loop factories are configured, resolve the loop factory
        # fixture early so that a factory variant change cascades cache
        # invalidation before any async fixture checks its cache.
        hook_caller = self.config.hook.pytest_asyncio_loop_factories
        if hook_caller.get_hookimpls():
            _ = self._request.getfixturevalue(_asyncio_loop_factory.__name__)
>       return super().setup()
               ^^^^^^^^^^^^^^^

.venv/lib/python3.12/site-packages/pytest_asyncio/plugin.py:558: 
_ _ _ _ _ _ _ _ _ _ _ _ _ _ _ _ _ _ _ _ _ _ _ _ _ _ _ _ _ _ _ _ _ _ _ _ _ _ _ _ 
.venv/lib/python3.12/site-packages/pytest_asyncio/plugin.py:944: in pytest_fixture_setup
    hook_result = yield
                  ^^^^^
.venv/lib/python3.12/site-packages/pytest_asyncio/plugin.py:407: in _asyncgen_fixture_wrapper
    result = runner.run(setup(), context=context)
             ^^^^^^^^^^^^^^^^^^^^^^^^^^^^^^^^^^^^
/opt/homebrew/Cellar/python@3.12/3.12.13_4/Frameworks/Python.framework/Versions/3.12/lib/python3.12/asyncio/runners.py:118: in run
    return self._loop.run_until_complete(task)
           ^^^^^^^^^^^^^^^^^^^^^^^^^^^^^^^^^^^
/opt/homebrew/Cellar/python@3.12/3.12.13_4/Frameworks/Python.framework/Versions/3.12/lib/python3.12/asyncio/base_events.py:691: in run_until_complete
    return future.result()
           ^^^^^^^^^^^^^^^
.venv/lib/python3.12/site-packages/pytest_asyncio/plugin.py:403: in setup
    res = await gen_obj.__anext__()
          ^^^^^^^^^^^^^^^^^^^^^^^^^
tests/conftest.py:96: in client
    from app.main import app
app/main.py:41: in <module>
    from app.routers import sistema
_ _ _ _ _ _ _ _ _ _ _ _ _ _ _ _ _ _ _ _ _ _ _ _ _ _ _ _ _ _ _ _ _ _ _ _ _ _ _ _ 

    from fastapi import APIRouter, Depends, HTTPException
    from typing import List
    from datetime import datetime
    from app.database import erros_sistema
    from app.schemas.sistema import ErrorLogCreate, ErrorLogResponse
    from app.security import get_usuario_atual
>   from app.schemas.auth import UserInDB
E   ModuleNotFoundError: No module named 'app.schemas.auth'

app/routers/sistema.py:7: ModuleNotFoundError
________ ERROR at setup of TestLoadUciDataset.test_adult_has_split_info ________

self = <Coroutine test_adult_has_split_info>

    def setup(self) -> None:
        runner_fixture_id = f"_{self._loop_scope}_scoped_runner"
        if runner_fixture_id not in self.fixturenames:
            self.fixturenames.append(runner_fixture_id)
        # When loop factories are configured, resolve the loop factory
        # fixture early so that a factory variant change cascades cache
        # invalidation before any async fixture checks its cache.
        hook_caller = self.config.hook.pytest_asyncio_loop_factories
        if hook_caller.get_hookimpls():
            _ = self._request.getfixturevalue(_asyncio_loop_factory.__name__)
>       return super().setup()
               ^^^^^^^^^^^^^^^

.venv/lib/python3.12/site-packages/pytest_asyncio/plugin.py:558: 
_ _ _ _ _ _ _ _ _ _ _ _ _ _ _ _ _ _ _ _ _ _ _ _ _ _ _ _ _ _ _ _ _ _ _ _ _ _ _ _ 
.venv/lib/python3.12/site-packages/pytest_asyncio/plugin.py:944: in pytest_fixture_setup
    hook_result = yield
                  ^^^^^
.venv/lib/python3.12/site-packages/pytest_asyncio/plugin.py:407: in _asyncgen_fixture_wrapper
    result = runner.run(setup(), context=context)
             ^^^^^^^^^^^^^^^^^^^^^^^^^^^^^^^^^^^^
/opt/homebrew/Cellar/python@3.12/3.12.13_4/Frameworks/Python.framework/Versions/3.12/lib/python3.12/asyncio/runners.py:118: in run
    return self._loop.run_until_complete(task)
           ^^^^^^^^^^^^^^^^^^^^^^^^^^^^^^^^^^^
/opt/homebrew/Cellar/python@3.12/3.12.13_4/Frameworks/Python.framework/Versions/3.12/lib/python3.12/asyncio/base_events.py:691: in run_until_complete
    return future.result()
           ^^^^^^^^^^^^^^^
.venv/lib/python3.12/site-packages/pytest_asyncio/plugin.py:403: in setup
    res = await gen_obj.__anext__()
          ^^^^^^^^^^^^^^^^^^^^^^^^^
tests/conftest.py:96: in client
    from app.main import app
app/main.py:41: in <module>
    from app.routers import sistema
_ _ _ _ _ _ _ _ _ _ _ _ _ _ _ _ _ _ _ _ _ _ _ _ _ _ _ _ _ _ _ _ _ _ _ _ _ _ _ _ 

    from fastapi import APIRouter, Depends, HTTPException
    from typing import List
    from datetime import datetime
    from app.database import erros_sistema
    from app.schemas.sistema import ErrorLogCreate, ErrorLogResponse
    from app.security import get_usuario_atual
>   from app.schemas.auth import UserInDB
E   ModuleNotFoundError: No module named 'app.schemas.auth'

app/routers/sistema.py:7: ModuleNotFoundError
____________ ERROR at setup of TestTreinamentoBase.test_treinar_knn ____________

self = <Coroutine test_treinar_knn>

    def setup(self) -> None:
        runner_fixture_id = f"_{self._loop_scope}_scoped_runner"
        if runner_fixture_id not in self.fixturenames:
            self.fixturenames.append(runner_fixture_id)
        # When loop factories are configured, resolve the loop factory
        # fixture early so that a factory variant change cascades cache
        # invalidation before any async fixture checks its cache.
        hook_caller = self.config.hook.pytest_asyncio_loop_factories
        if hook_caller.get_hookimpls():
            _ = self._request.getfixturevalue(_asyncio_loop_factory.__name__)
>       return super().setup()
               ^^^^^^^^^^^^^^^

.venv/lib/python3.12/site-packages/pytest_asyncio/plugin.py:558: 
_ _ _ _ _ _ _ _ _ _ _ _ _ _ _ _ _ _ _ _ _ _ _ _ _ _ _ _ _ _ _ _ _ _ _ _ _ _ _ _ 
.venv/lib/python3.12/site-packages/pytest_asyncio/plugin.py:944: in pytest_fixture_setup
    hook_result = yield
                  ^^^^^
.venv/lib/python3.12/site-packages/pytest_asyncio/plugin.py:407: in _asyncgen_fixture_wrapper
    result = runner.run(setup(), context=context)
             ^^^^^^^^^^^^^^^^^^^^^^^^^^^^^^^^^^^^
/opt/homebrew/Cellar/python@3.12/3.12.13_4/Frameworks/Python.framework/Versions/3.12/lib/python3.12/asyncio/runners.py:118: in run
    return self._loop.run_until_complete(task)
           ^^^^^^^^^^^^^^^^^^^^^^^^^^^^^^^^^^^
/opt/homebrew/Cellar/python@3.12/3.12.13_4/Frameworks/Python.framework/Versions/3.12/lib/python3.12/asyncio/base_events.py:691: in run_until_complete
    return future.result()
           ^^^^^^^^^^^^^^^
.venv/lib/python3.12/site-packages/pytest_asyncio/plugin.py:403: in setup
    res = await gen_obj.__anext__()
          ^^^^^^^^^^^^^^^^^^^^^^^^^
tests/conftest.py:96: in client
    from app.main import app
app/main.py:41: in <module>
    from app.routers import sistema
_ _ _ _ _ _ _ _ _ _ _ _ _ _ _ _ _ _ _ _ _ _ _ _ _ _ _ _ _ _ _ _ _ _ _ _ _ _ _ _ 

    from fastapi import APIRouter, Depends, HTTPException
    from typing import List
    from datetime import datetime
    from app.database import erros_sistema
    from app.schemas.sistema import ErrorLogCreate, ErrorLogResponse
    from app.security import get_usuario_atual
>   from app.schemas.auth import UserInDB
E   ModuleNotFoundError: No module named 'app.schemas.auth'

app/routers/sistema.py:7: ModuleNotFoundError
__________ ERROR at setup of TestNovosEstimadores.test_treinar_ridge ___________

self = <Coroutine test_treinar_ridge>

    def setup(self) -> None:
        runner_fixture_id = f"_{self._loop_scope}_scoped_runner"
        if runner_fixture_id not in self.fixturenames:
            self.fixturenames.append(runner_fixture_id)
        # When loop factories are configured, resolve the loop factory
        # fixture early so that a factory variant change cascades cache
        # invalidation before any async fixture checks its cache.
        hook_caller = self.config.hook.pytest_asyncio_loop_factories
        if hook_caller.get_hookimpls():
            _ = self._request.getfixturevalue(_asyncio_loop_factory.__name__)
>       return super().setup()
               ^^^^^^^^^^^^^^^

.venv/lib/python3.12/site-packages/pytest_asyncio/plugin.py:558: 
_ _ _ _ _ _ _ _ _ _ _ _ _ _ _ _ _ _ _ _ _ _ _ _ _ _ _ _ _ _ _ _ _ _ _ _ _ _ _ _ 
.venv/lib/python3.12/site-packages/pytest_asyncio/plugin.py:944: in pytest_fixture_setup
    hook_result = yield
                  ^^^^^
.venv/lib/python3.12/site-packages/pytest_asyncio/plugin.py:407: in _asyncgen_fixture_wrapper
    result = runner.run(setup(), context=context)
             ^^^^^^^^^^^^^^^^^^^^^^^^^^^^^^^^^^^^
/opt/homebrew/Cellar/python@3.12/3.12.13_4/Frameworks/Python.framework/Versions/3.12/lib/python3.12/asyncio/runners.py:118: in run
    return self._loop.run_until_complete(task)
           ^^^^^^^^^^^^^^^^^^^^^^^^^^^^^^^^^^^
/opt/homebrew/Cellar/python@3.12/3.12.13_4/Frameworks/Python.framework/Versions/3.12/lib/python3.12/asyncio/base_events.py:691: in run_until_complete
    return future.result()
           ^^^^^^^^^^^^^^^
.venv/lib/python3.12/site-packages/pytest_asyncio/plugin.py:403: in setup
    res = await gen_obj.__anext__()
          ^^^^^^^^^^^^^^^^^^^^^^^^^
tests/conftest.py:96: in client
    from app.main import app
app/main.py:41: in <module>
    from app.routers import sistema
_ _ _ _ _ _ _ _ _ _ _ _ _ _ _ _ _ _ _ _ _ _ _ _ _ _ _ _ _ _ _ _ _ _ _ _ _ _ _ _ 

    from fastapi import APIRouter, Depends, HTTPException
    from typing import List
    from datetime import datetime
    from app.database import erros_sistema
    from app.schemas.sistema import ErrorLogCreate, ErrorLogResponse
    from app.security import get_usuario_atual
>   from app.schemas.auth import UserInDB
E   ModuleNotFoundError: No module named 'app.schemas.auth'

app/routers/sistema.py:7: ModuleNotFoundError
___ ERROR at setup of TestNovosEstimadores.test_treinar_regressao_polinomial ___

self = <Coroutine test_treinar_regressao_polinomial>

    def setup(self) -> None:
        runner_fixture_id = f"_{self._loop_scope}_scoped_runner"
        if runner_fixture_id not in self.fixturenames:
            self.fixturenames.append(runner_fixture_id)
        # When loop factories are configured, resolve the loop factory
        # fixture early so that a factory variant change cascades cache
        # invalidation before any async fixture checks its cache.
        hook_caller = self.config.hook.pytest_asyncio_loop_factories
        if hook_caller.get_hookimpls():
            _ = self._request.getfixturevalue(_asyncio_loop_factory.__name__)
>       return super().setup()
               ^^^^^^^^^^^^^^^

.venv/lib/python3.12/site-packages/pytest_asyncio/plugin.py:558: 
_ _ _ _ _ _ _ _ _ _ _ _ _ _ _ _ _ _ _ _ _ _ _ _ _ _ _ _ _ _ _ _ _ _ _ _ _ _ _ _ 
.venv/lib/python3.12/site-packages/pytest_asyncio/plugin.py:944: in pytest_fixture_setup
    hook_result = yield
                  ^^^^^
.venv/lib/python3.12/site-packages/pytest_asyncio/plugin.py:407: in _asyncgen_fixture_wrapper
    result = runner.run(setup(), context=context)
             ^^^^^^^^^^^^^^^^^^^^^^^^^^^^^^^^^^^^
/opt/homebrew/Cellar/python@3.12/3.12.13_4/Frameworks/Python.framework/Versions/3.12/lib/python3.12/asyncio/runners.py:118: in run
    return self._loop.run_until_complete(task)
           ^^^^^^^^^^^^^^^^^^^^^^^^^^^^^^^^^^^
/opt/homebrew/Cellar/python@3.12/3.12.13_4/Frameworks/Python.framework/Versions/3.12/lib/python3.12/asyncio/base_events.py:691: in run_until_complete
    return future.result()
           ^^^^^^^^^^^^^^^
.venv/lib/python3.12/site-packages/pytest_asyncio/plugin.py:403: in setup
    res = await gen_obj.__anext__()
          ^^^^^^^^^^^^^^^^^^^^^^^^^
tests/conftest.py:96: in client
    from app.main import app
app/main.py:41: in <module>
    from app.routers import sistema
_ _ _ _ _ _ _ _ _ _ _ _ _ _ _ _ _ _ _ _ _ _ _ _ _ _ _ _ _ _ _ _ _ _ _ _ _ _ _ _ 

    from fastapi import APIRouter, Depends, HTTPException
    from typing import List
    from datetime import datetime
    from app.database import erros_sistema
    from app.schemas.sistema import ErrorLogCreate, ErrorLogResponse
    from app.security import get_usuario_atual
>   from app.schemas.auth import UserInDB
E   ModuleNotFoundError: No module named 'app.schemas.auth'

app/routers/sistema.py:7: ModuleNotFoundError
___________ ERROR at setup of TestNovosEstimadores.test_treinar_sgd ____________

self = <Coroutine test_treinar_sgd>

    def setup(self) -> None:
        runner_fixture_id = f"_{self._loop_scope}_scoped_runner"
        if runner_fixture_id not in self.fixturenames:
            self.fixturenames.append(runner_fixture_id)
        # When loop factories are configured, resolve the loop factory
        # fixture early so that a factory variant change cascades cache
        # invalidation before any async fixture checks its cache.
        hook_caller = self.config.hook.pytest_asyncio_loop_factories
        if hook_caller.get_hookimpls():
            _ = self._request.getfixturevalue(_asyncio_loop_factory.__name__)
>       return super().setup()
               ^^^^^^^^^^^^^^^

.venv/lib/python3.12/site-packages/pytest_asyncio/plugin.py:558: 
_ _ _ _ _ _ _ _ _ _ _ _ _ _ _ _ _ _ _ _ _ _ _ _ _ _ _ _ _ _ _ _ _ _ _ _ _ _ _ _ 
.venv/lib/python3.12/site-packages/pytest_asyncio/plugin.py:944: in pytest_fixture_setup
    hook_result = yield
                  ^^^^^
.venv/lib/python3.12/site-packages/pytest_asyncio/plugin.py:407: in _asyncgen_fixture_wrapper
    result = runner.run(setup(), context=context)
             ^^^^^^^^^^^^^^^^^^^^^^^^^^^^^^^^^^^^
/opt/homebrew/Cellar/python@3.12/3.12.13_4/Frameworks/Python.framework/Versions/3.12/lib/python3.12/asyncio/runners.py:118: in run
    return self._loop.run_until_complete(task)
           ^^^^^^^^^^^^^^^^^^^^^^^^^^^^^^^^^^^
/opt/homebrew/Cellar/python@3.12/3.12.13_4/Frameworks/Python.framework/Versions/3.12/lib/python3.12/asyncio/base_events.py:691: in run_until_complete
    return future.result()
           ^^^^^^^^^^^^^^^
.venv/lib/python3.12/site-packages/pytest_asyncio/plugin.py:403: in setup
    res = await gen_obj.__anext__()
          ^^^^^^^^^^^^^^^^^^^^^^^^^
tests/conftest.py:96: in client
    from app.main import app
app/main.py:41: in <module>
    from app.routers import sistema
_ _ _ _ _ _ _ _ _ _ _ _ _ _ _ _ _ _ _ _ _ _ _ _ _ _ _ _ _ _ _ _ _ _ _ _ _ _ _ _ 

    from fastapi import APIRouter, Depends, HTTPException
    from typing import List
    from datetime import datetime
    from app.database import erros_sistema
    from app.schemas.sistema import ErrorLogCreate, ErrorLogResponse
    from app.security import get_usuario_atual
>   from app.schemas.auth import UserInDB
E   ModuleNotFoundError: No module named 'app.schemas.auth'

app/routers/sistema.py:7: ModuleNotFoundError
_ ERROR at setup of TestValidacaoDadosTreino.test_arquivo_muito_grande_retorna_413 _

self = <Coroutine test_arquivo_muito_grande_retorna_413>

    def setup(self) -> None:
        runner_fixture_id = f"_{self._loop_scope}_scoped_runner"
        if runner_fixture_id not in self.fixturenames:
            self.fixturenames.append(runner_fixture_id)
        # When loop factories are configured, resolve the loop factory
        # fixture early so that a factory variant change cascades cache
        # invalidation before any async fixture checks its cache.
        hook_caller = self.config.hook.pytest_asyncio_loop_factories
        if hook_caller.get_hookimpls():
            _ = self._request.getfixturevalue(_asyncio_loop_factory.__name__)
>       return super().setup()
               ^^^^^^^^^^^^^^^

.venv/lib/python3.12/site-packages/pytest_asyncio/plugin.py:558: 
_ _ _ _ _ _ _ _ _ _ _ _ _ _ _ _ _ _ _ _ _ _ _ _ _ _ _ _ _ _ _ _ _ _ _ _ _ _ _ _ 
.venv/lib/python3.12/site-packages/pytest_asyncio/plugin.py:944: in pytest_fixture_setup
    hook_result = yield
                  ^^^^^
.venv/lib/python3.12/site-packages/pytest_asyncio/plugin.py:407: in _asyncgen_fixture_wrapper
    result = runner.run(setup(), context=context)
             ^^^^^^^^^^^^^^^^^^^^^^^^^^^^^^^^^^^^
/opt/homebrew/Cellar/python@3.12/3.12.13_4/Frameworks/Python.framework/Versions/3.12/lib/python3.12/asyncio/runners.py:118: in run
    return self._loop.run_until_complete(task)
           ^^^^^^^^^^^^^^^^^^^^^^^^^^^^^^^^^^^
/opt/homebrew/Cellar/python@3.12/3.12.13_4/Frameworks/Python.framework/Versions/3.12/lib/python3.12/asyncio/base_events.py:691: in run_until_complete
    return future.result()
           ^^^^^^^^^^^^^^^
.venv/lib/python3.12/site-packages/pytest_asyncio/plugin.py:403: in setup
    res = await gen_obj.__anext__()
          ^^^^^^^^^^^^^^^^^^^^^^^^^
tests/conftest.py:96: in client
    from app.main import app
app/main.py:41: in <module>
    from app.routers import sistema
_ _ _ _ _ _ _ _ _ _ _ _ _ _ _ _ _ _ _ _ _ _ _ _ _ _ _ _ _ _ _ _ _ _ _ _ _ _ _ _ 

    from fastapi import APIRouter, Depends, HTTPException
    from typing import List
    from datetime import datetime
    from app.database import erros_sistema
    from app.schemas.sistema import ErrorLogCreate, ErrorLogResponse
    from app.security import get_usuario_atual
>   from app.schemas.auth import UserInDB
E   ModuleNotFoundError: No module named 'app.schemas.auth'

app/routers/sistema.py:7: ModuleNotFoundError
__ ERROR at setup of TestValidacaoDadosTreino.test_dados_com_nan_retorna_400 ___

self = <Coroutine test_dados_com_nan_retorna_400>

    def setup(self) -> None:
        runner_fixture_id = f"_{self._loop_scope}_scoped_runner"
        if runner_fixture_id not in self.fixturenames:
            self.fixturenames.append(runner_fixture_id)
        # When loop factories are configured, resolve the loop factory
        # fixture early so that a factory variant change cascades cache
        # invalidation before any async fixture checks its cache.
        hook_caller = self.config.hook.pytest_asyncio_loop_factories
        if hook_caller.get_hookimpls():
            _ = self._request.getfixturevalue(_asyncio_loop_factory.__name__)
>       return super().setup()
               ^^^^^^^^^^^^^^^

.venv/lib/python3.12/site-packages/pytest_asyncio/plugin.py:558: 
_ _ _ _ _ _ _ _ _ _ _ _ _ _ _ _ _ _ _ _ _ _ _ _ _ _ _ _ _ _ _ _ _ _ _ _ _ _ _ _ 
.venv/lib/python3.12/site-packages/pytest_asyncio/plugin.py:944: in pytest_fixture_setup
    hook_result = yield
                  ^^^^^
.venv/lib/python3.12/site-packages/pytest_asyncio/plugin.py:407: in _asyncgen_fixture_wrapper
    result = runner.run(setup(), context=context)
             ^^^^^^^^^^^^^^^^^^^^^^^^^^^^^^^^^^^^
/opt/homebrew/Cellar/python@3.12/3.12.13_4/Frameworks/Python.framework/Versions/3.12/lib/python3.12/asyncio/runners.py:118: in run
    return self._loop.run_until_complete(task)
           ^^^^^^^^^^^^^^^^^^^^^^^^^^^^^^^^^^^
/opt/homebrew/Cellar/python@3.12/3.12.13_4/Frameworks/Python.framework/Versions/3.12/lib/python3.12/asyncio/base_events.py:691: in run_until_complete
    return future.result()
           ^^^^^^^^^^^^^^^
.venv/lib/python3.12/site-packages/pytest_asyncio/plugin.py:403: in setup
    res = await gen_obj.__anext__()
          ^^^^^^^^^^^^^^^^^^^^^^^^^
tests/conftest.py:96: in client
    from app.main import app
app/main.py:41: in <module>
    from app.routers import sistema
_ _ _ _ _ _ _ _ _ _ _ _ _ _ _ _ _ _ _ _ _ _ _ _ _ _ _ _ _ _ _ _ _ _ _ _ _ _ _ _ 

    from fastapi import APIRouter, Depends, HTTPException
    from typing import List
    from datetime import datetime
    from app.database import erros_sistema
    from app.schemas.sistema import ErrorLogCreate, ErrorLogResponse
    from app.security import get_usuario_atual
>   from app.schemas.auth import UserInDB
E   ModuleNotFoundError: No module named 'app.schemas.auth'

app/routers/sistema.py:7: ModuleNotFoundError
_ ERROR at setup of TestValidacaoDadosTreino.test_target_classe_unica_retorna_400 _

self = <Coroutine test_target_classe_unica_retorna_400>

    def setup(self) -> None:
        runner_fixture_id = f"_{self._loop_scope}_scoped_runner"
        if runner_fixture_id not in self.fixturenames:
            self.fixturenames.append(runner_fixture_id)
        # When loop factories are configured, resolve the loop factory
        # fixture early so that a factory variant change cascades cache
        # invalidation before any async fixture checks its cache.
        hook_caller = self.config.hook.pytest_asyncio_loop_factories
        if hook_caller.get_hookimpls():
            _ = self._request.getfixturevalue(_asyncio_loop_factory.__name__)
>       return super().setup()
               ^^^^^^^^^^^^^^^

.venv/lib/python3.12/site-packages/pytest_asyncio/plugin.py:558: 
_ _ _ _ _ _ _ _ _ _ _ _ _ _ _ _ _ _ _ _ _ _ _ _ _ _ _ _ _ _ _ _ _ _ _ _ _ _ _ _ 
.venv/lib/python3.12/site-packages/pytest_asyncio/plugin.py:944: in pytest_fixture_setup
    hook_result = yield
                  ^^^^^
.venv/lib/python3.12/site-packages/pytest_asyncio/plugin.py:407: in _asyncgen_fixture_wrapper
    result = runner.run(setup(), context=context)
             ^^^^^^^^^^^^^^^^^^^^^^^^^^^^^^^^^^^^
/opt/homebrew/Cellar/python@3.12/3.12.13_4/Frameworks/Python.framework/Versions/3.12/lib/python3.12/asyncio/runners.py:118: in run
    return self._loop.run_until_complete(task)
           ^^^^^^^^^^^^^^^^^^^^^^^^^^^^^^^^^^^
/opt/homebrew/Cellar/python@3.12/3.12.13_4/Frameworks/Python.framework/Versions/3.12/lib/python3.12/asyncio/base_events.py:691: in run_until_complete
    return future.result()
           ^^^^^^^^^^^^^^^
.venv/lib/python3.12/site-packages/pytest_asyncio/plugin.py:403: in setup
    res = await gen_obj.__anext__()
          ^^^^^^^^^^^^^^^^^^^^^^^^^
tests/conftest.py:96: in client
    from app.main import app
app/main.py:41: in <module>
    from app.routers import sistema
_ _ _ _ _ _ _ _ _ _ _ _ _ _ _ _ _ _ _ _ _ _ _ _ _ _ _ _ _ _ _ _ _ _ _ _ _ _ _ _ 

    from fastapi import APIRouter, Depends, HTTPException
    from typing import List
    from datetime import datetime
    from app.database import erros_sistema
    from app.schemas.sistema import ErrorLogCreate, ErrorLogResponse
    from app.security import get_usuario_atual
>   from app.schemas.auth import UserInDB
E   ModuleNotFoundError: No module named 'app.schemas.auth'

app/routers/sistema.py:7: ModuleNotFoundError
_____ ERROR at setup of test_rota_generica_treina_modelo_novo_via_execucao _____

self = <Coroutine test_rota_generica_treina_modelo_novo_via_execucao>

    def setup(self) -> None:
        runner_fixture_id = f"_{self._loop_scope}_scoped_runner"
        if runner_fixture_id not in self.fixturenames:
            self.fixturenames.append(runner_fixture_id)
        # When loop factories are configured, resolve the loop factory
        # fixture early so that a factory variant change cascades cache
        # invalidation before any async fixture checks its cache.
        hook_caller = self.config.hook.pytest_asyncio_loop_factories
        if hook_caller.get_hookimpls():
            _ = self._request.getfixturevalue(_asyncio_loop_factory.__name__)
>       return super().setup()
               ^^^^^^^^^^^^^^^

.venv/lib/python3.12/site-packages/pytest_asyncio/plugin.py:558: 
_ _ _ _ _ _ _ _ _ _ _ _ _ _ _ _ _ _ _ _ _ _ _ _ _ _ _ _ _ _ _ _ _ _ _ _ _ _ _ _ 
.venv/lib/python3.12/site-packages/pytest_asyncio/plugin.py:944: in pytest_fixture_setup
    hook_result = yield
                  ^^^^^
.venv/lib/python3.12/site-packages/pytest_asyncio/plugin.py:407: in _asyncgen_fixture_wrapper
    result = runner.run(setup(), context=context)
             ^^^^^^^^^^^^^^^^^^^^^^^^^^^^^^^^^^^^
/opt/homebrew/Cellar/python@3.12/3.12.13_4/Frameworks/Python.framework/Versions/3.12/lib/python3.12/asyncio/runners.py:118: in run
    return self._loop.run_until_complete(task)
           ^^^^^^^^^^^^^^^^^^^^^^^^^^^^^^^^^^^
/opt/homebrew/Cellar/python@3.12/3.12.13_4/Frameworks/Python.framework/Versions/3.12/lib/python3.12/asyncio/base_events.py:691: in run_until_complete
    return future.result()
           ^^^^^^^^^^^^^^^
.venv/lib/python3.12/site-packages/pytest_asyncio/plugin.py:403: in setup
    res = await gen_obj.__anext__()
          ^^^^^^^^^^^^^^^^^^^^^^^^^
tests/conftest.py:96: in client
    from app.main import app
app/main.py:41: in <module>
    from app.routers import sistema
_ _ _ _ _ _ _ _ _ _ _ _ _ _ _ _ _ _ _ _ _ _ _ _ _ _ _ _ _ _ _ _ _ _ _ _ _ _ _ _ 

    from fastapi import APIRouter, Depends, HTTPException
    from typing import List
    from datetime import datetime
    from app.database import erros_sistema
    from app.schemas.sistema import ErrorLogCreate, ErrorLogResponse
    from app.security import get_usuario_atual
>   from app.schemas.auth import UserInDB
E   ModuleNotFoundError: No module named 'app.schemas.auth'

app/routers/sistema.py:7: ModuleNotFoundError
_________ ERROR at setup of test_rota_generica_modelo_inexistente_404 __________

self = <Coroutine test_rota_generica_modelo_inexistente_404>

    def setup(self) -> None:
        runner_fixture_id = f"_{self._loop_scope}_scoped_runner"
        if runner_fixture_id not in self.fixturenames:
            self.fixturenames.append(runner_fixture_id)
        # When loop factories are configured, resolve the loop factory
        # fixture early so that a factory variant change cascades cache
        # invalidation before any async fixture checks its cache.
        hook_caller = self.config.hook.pytest_asyncio_loop_factories
        if hook_caller.get_hookimpls():
            _ = self._request.getfixturevalue(_asyncio_loop_factory.__name__)
>       return super().setup()
               ^^^^^^^^^^^^^^^

.venv/lib/python3.12/site-packages/pytest_asyncio/plugin.py:558: 
_ _ _ _ _ _ _ _ _ _ _ _ _ _ _ _ _ _ _ _ _ _ _ _ _ _ _ _ _ _ _ _ _ _ _ _ _ _ _ _ 
.venv/lib/python3.12/site-packages/pytest_asyncio/plugin.py:944: in pytest_fixture_setup
    hook_result = yield
                  ^^^^^
.venv/lib/python3.12/site-packages/pytest_asyncio/plugin.py:407: in _asyncgen_fixture_wrapper
    result = runner.run(setup(), context=context)
             ^^^^^^^^^^^^^^^^^^^^^^^^^^^^^^^^^^^^
/opt/homebrew/Cellar/python@3.12/3.12.13_4/Frameworks/Python.framework/Versions/3.12/lib/python3.12/asyncio/runners.py:118: in run
    return self._loop.run_until_complete(task)
           ^^^^^^^^^^^^^^^^^^^^^^^^^^^^^^^^^^^
/opt/homebrew/Cellar/python@3.12/3.12.13_4/Frameworks/Python.framework/Versions/3.12/lib/python3.12/asyncio/base_events.py:691: in run_until_complete
    return future.result()
           ^^^^^^^^^^^^^^^
.venv/lib/python3.12/site-packages/pytest_asyncio/plugin.py:403: in setup
    res = await gen_obj.__anext__()
          ^^^^^^^^^^^^^^^^^^^^^^^^^
tests/conftest.py:96: in client
    from app.main import app
app/main.py:41: in <module>
    from app.routers import sistema
_ _ _ _ _ _ _ _ _ _ _ _ _ _ _ _ _ _ _ _ _ _ _ _ _ _ _ _ _ _ _ _ _ _ _ _ _ _ _ _ 

    from fastapi import APIRouter, Depends, HTTPException
    from typing import List
    from datetime import datetime
    from app.database import erros_sistema
    from app.schemas.sistema import ErrorLogCreate, ErrorLogResponse
    from app.security import get_usuario_atual
>   from app.schemas.auth import UserInDB
E   ModuleNotFoundError: No module named 'app.schemas.auth'

app/routers/sistema.py:7: ModuleNotFoundError
_______ ERROR at setup of test_treino_recusa_modulo_proibido_no_execucao _______

self = <Coroutine test_treino_recusa_modulo_proibido_no_execucao>

    def setup(self) -> None:
        runner_fixture_id = f"_{self._loop_scope}_scoped_runner"
        if runner_fixture_id not in self.fixturenames:
            self.fixturenames.append(runner_fixture_id)
        # When loop factories are configured, resolve the loop factory
        # fixture early so that a factory variant change cascades cache
        # invalidation before any async fixture checks its cache.
        hook_caller = self.config.hook.pytest_asyncio_loop_factories
        if hook_caller.get_hookimpls():
            _ = self._request.getfixturevalue(_asyncio_loop_factory.__name__)
>       return super().setup()
               ^^^^^^^^^^^^^^^

.venv/lib/python3.12/site-packages/pytest_asyncio/plugin.py:558: 
_ _ _ _ _ _ _ _ _ _ _ _ _ _ _ _ _ _ _ _ _ _ _ _ _ _ _ _ _ _ _ _ _ _ _ _ _ _ _ _ 
.venv/lib/python3.12/site-packages/pytest_asyncio/plugin.py:944: in pytest_fixture_setup
    hook_result = yield
                  ^^^^^
.venv/lib/python3.12/site-packages/pytest_asyncio/plugin.py:407: in _asyncgen_fixture_wrapper
    result = runner.run(setup(), context=context)
             ^^^^^^^^^^^^^^^^^^^^^^^^^^^^^^^^^^^^
/opt/homebrew/Cellar/python@3.12/3.12.13_4/Frameworks/Python.framework/Versions/3.12/lib/python3.12/asyncio/runners.py:118: in run
    return self._loop.run_until_complete(task)
           ^^^^^^^^^^^^^^^^^^^^^^^^^^^^^^^^^^^
/opt/homebrew/Cellar/python@3.12/3.12.13_4/Frameworks/Python.framework/Versions/3.12/lib/python3.12/asyncio/base_events.py:691: in run_until_complete
    return future.result()
           ^^^^^^^^^^^^^^^
.venv/lib/python3.12/site-packages/pytest_asyncio/plugin.py:403: in setup
    res = await gen_obj.__anext__()
          ^^^^^^^^^^^^^^^^^^^^^^^^^
tests/conftest.py:96: in client
    from app.main import app
app/main.py:41: in <module>
    from app.routers import sistema
_ _ _ _ _ _ _ _ _ _ _ _ _ _ _ _ _ _ _ _ _ _ _ _ _ _ _ _ _ _ _ _ _ _ _ _ _ _ _ _ 

    from fastapi import APIRouter, Depends, HTTPException
    from typing import List
    from datetime import datetime
    from app.database import erros_sistema
    from app.schemas.sistema import ErrorLogCreate, ErrorLogResponse
    from app.security import get_usuario_atual
>   from app.schemas.auth import UserInDB
E   ModuleNotFoundError: No module named 'app.schemas.auth'

app/routers/sistema.py:7: ModuleNotFoundError
________ ERROR at setup of TestTutorDescricao.test_buscar_tutor_inicio _________

self = <Coroutine test_buscar_tutor_inicio>

    def setup(self) -> None:
        runner_fixture_id = f"_{self._loop_scope}_scoped_runner"
        if runner_fixture_id not in self.fixturenames:
            self.fixturenames.append(runner_fixture_id)
        # When loop factories are configured, resolve the loop factory
        # fixture early so that a factory variant change cascades cache
        # invalidation before any async fixture checks its cache.
        hook_caller = self.config.hook.pytest_asyncio_loop_factories
        if hook_caller.get_hookimpls():
            _ = self._request.getfixturevalue(_asyncio_loop_factory.__name__)
>       return super().setup()
               ^^^^^^^^^^^^^^^

.venv/lib/python3.12/site-packages/pytest_asyncio/plugin.py:558: 
_ _ _ _ _ _ _ _ _ _ _ _ _ _ _ _ _ _ _ _ _ _ _ _ _ _ _ _ _ _ _ _ _ _ _ _ _ _ _ _ 
.venv/lib/python3.12/site-packages/pytest_asyncio/plugin.py:944: in pytest_fixture_setup
    hook_result = yield
                  ^^^^^
.venv/lib/python3.12/site-packages/pytest_asyncio/plugin.py:407: in _asyncgen_fixture_wrapper
    result = runner.run(setup(), context=context)
             ^^^^^^^^^^^^^^^^^^^^^^^^^^^^^^^^^^^^
/opt/homebrew/Cellar/python@3.12/3.12.13_4/Frameworks/Python.framework/Versions/3.12/lib/python3.12/asyncio/runners.py:118: in run
    return self._loop.run_until_complete(task)
           ^^^^^^^^^^^^^^^^^^^^^^^^^^^^^^^^^^^
/opt/homebrew/Cellar/python@3.12/3.12.13_4/Frameworks/Python.framework/Versions/3.12/lib/python3.12/asyncio/base_events.py:691: in run_until_complete
    return future.result()
           ^^^^^^^^^^^^^^^
.venv/lib/python3.12/site-packages/pytest_asyncio/plugin.py:403: in setup
    res = await gen_obj.__anext__()
          ^^^^^^^^^^^^^^^^^^^^^^^^^
tests/conftest.py:96: in client
    from app.main import app
app/main.py:41: in <module>
    from app.routers import sistema
_ _ _ _ _ _ _ _ _ _ _ _ _ _ _ _ _ _ _ _ _ _ _ _ _ _ _ _ _ _ _ _ _ _ _ _ _ _ _ _ 

    from fastapi import APIRouter, Depends, HTTPException
    from typing import List
    from datetime import datetime
    from app.database import erros_sistema
    from app.schemas.sistema import ErrorLogCreate, ErrorLogResponse
    from app.security import get_usuario_atual
>   from app.schemas.auth import UserInDB
E   ModuleNotFoundError: No module named 'app.schemas.auth'

app/routers/sistema.py:7: ModuleNotFoundError
_ ERROR at setup of TestTutorDescricao.test_buscar_tutor_inicio_sem_explicacao _

self = <Coroutine test_buscar_tutor_inicio_sem_explicacao>

    def setup(self) -> None:
        runner_fixture_id = f"_{self._loop_scope}_scoped_runner"
        if runner_fixture_id not in self.fixturenames:
            self.fixturenames.append(runner_fixture_id)
        # When loop factories are configured, resolve the loop factory
        # fixture early so that a factory variant change cascades cache
        # invalidation before any async fixture checks its cache.
        hook_caller = self.config.hook.pytest_asyncio_loop_factories
        if hook_caller.get_hookimpls():
            _ = self._request.getfixturevalue(_asyncio_loop_factory.__name__)
>       return super().setup()
               ^^^^^^^^^^^^^^^

.venv/lib/python3.12/site-packages/pytest_asyncio/plugin.py:558: 
_ _ _ _ _ _ _ _ _ _ _ _ _ _ _ _ _ _ _ _ _ _ _ _ _ _ _ _ _ _ _ _ _ _ _ _ _ _ _ _ 
.venv/lib/python3.12/site-packages/pytest_asyncio/plugin.py:944: in pytest_fixture_setup
    hook_result = yield
                  ^^^^^
.venv/lib/python3.12/site-packages/pytest_asyncio/plugin.py:407: in _asyncgen_fixture_wrapper
    result = runner.run(setup(), context=context)
             ^^^^^^^^^^^^^^^^^^^^^^^^^^^^^^^^^^^^
/opt/homebrew/Cellar/python@3.12/3.12.13_4/Frameworks/Python.framework/Versions/3.12/lib/python3.12/asyncio/runners.py:118: in run
    return self._loop.run_until_complete(task)
           ^^^^^^^^^^^^^^^^^^^^^^^^^^^^^^^^^^^
/opt/homebrew/Cellar/python@3.12/3.12.13_4/Frameworks/Python.framework/Versions/3.12/lib/python3.12/asyncio/base_events.py:691: in run_until_complete
    return future.result()
           ^^^^^^^^^^^^^^^
.venv/lib/python3.12/site-packages/pytest_asyncio/plugin.py:403: in setup
    res = await gen_obj.__anext__()
          ^^^^^^^^^^^^^^^^^^^^^^^^^
tests/conftest.py:96: in client
    from app.main import app
app/main.py:41: in <module>
    from app.routers import sistema
_ _ _ _ _ _ _ _ _ _ _ _ _ _ _ _ _ _ _ _ _ _ _ _ _ _ _ _ _ _ _ _ _ _ _ _ _ _ _ _ 

    from fastapi import APIRouter, Depends, HTTPException
    from typing import List
    from datetime import datetime
    from app.database import erros_sistema
    from app.schemas.sistema import ErrorLogCreate, ErrorLogResponse
    from app.security import get_usuario_atual
>   from app.schemas.auth import UserInDB
E   ModuleNotFoundError: No module named 'app.schemas.auth'

app/routers/sistema.py:7: ModuleNotFoundError
______ ERROR at setup of TestTutorDescricao.test_buscar_tutor_coleta_dado ______

self = <Coroutine test_buscar_tutor_coleta_dado>

    def setup(self) -> None:
        runner_fixture_id = f"_{self._loop_scope}_scoped_runner"
        if runner_fixture_id not in self.fixturenames:
            self.fixturenames.append(runner_fixture_id)
        # When loop factories are configured, resolve the loop factory
        # fixture early so that a factory variant change cascades cache
        # invalidation before any async fixture checks its cache.
        hook_caller = self.config.hook.pytest_asyncio_loop_factories
        if hook_caller.get_hookimpls():
            _ = self._request.getfixturevalue(_asyncio_loop_factory.__name__)
>       return super().setup()
               ^^^^^^^^^^^^^^^

.venv/lib/python3.12/site-packages/pytest_asyncio/plugin.py:558: 
_ _ _ _ _ _ _ _ _ _ _ _ _ _ _ _ _ _ _ _ _ _ _ _ _ _ _ _ _ _ _ _ _ _ _ _ _ _ _ _ 
.venv/lib/python3.12/site-packages/pytest_asyncio/plugin.py:944: in pytest_fixture_setup
    hook_result = yield
                  ^^^^^
.venv/lib/python3.12/site-packages/pytest_asyncio/plugin.py:407: in _asyncgen_fixture_wrapper
    result = runner.run(setup(), context=context)
             ^^^^^^^^^^^^^^^^^^^^^^^^^^^^^^^^^^^^
/opt/homebrew/Cellar/python@3.12/3.12.13_4/Frameworks/Python.framework/Versions/3.12/lib/python3.12/asyncio/runners.py:118: in run
    return self._loop.run_until_complete(task)
           ^^^^^^^^^^^^^^^^^^^^^^^^^^^^^^^^^^^
/opt/homebrew/Cellar/python@3.12/3.12.13_4/Frameworks/Python.framework/Versions/3.12/lib/python3.12/asyncio/base_events.py:691: in run_until_complete
    return future.result()
           ^^^^^^^^^^^^^^^
.venv/lib/python3.12/site-packages/pytest_asyncio/plugin.py:403: in setup
    res = await gen_obj.__anext__()
          ^^^^^^^^^^^^^^^^^^^^^^^^^
tests/conftest.py:96: in client
    from app.main import app
app/main.py:41: in <module>
    from app.routers import sistema
_ _ _ _ _ _ _ _ _ _ _ _ _ _ _ _ _ _ _ _ _ _ _ _ _ _ _ _ _ _ _ _ _ _ _ _ _ _ _ _ 

    from fastapi import APIRouter, Depends, HTTPException
    from typing import List
    from datetime import datetime
    from app.database import erros_sistema
    from app.schemas.sistema import ErrorLogCreate, ErrorLogResponse
    from app.security import get_usuario_atual
>   from app.schemas.auth import UserInDB
E   ModuleNotFoundError: No module named 'app.schemas.auth'

app/routers/sistema.py:7: ModuleNotFoundError
_ ERROR at setup of TestTutorDescricao.test_buscar_tutor_com_textos_customizados _

self = <Coroutine test_buscar_tutor_com_textos_customizados>

    def setup(self) -> None:
        runner_fixture_id = f"_{self._loop_scope}_scoped_runner"
        if runner_fixture_id not in self.fixturenames:
            self.fixturenames.append(runner_fixture_id)
        # When loop factories are configured, resolve the loop factory
        # fixture early so that a factory variant change cascades cache
        # invalidation before any async fixture checks its cache.
        hook_caller = self.config.hook.pytest_asyncio_loop_factories
        if hook_caller.get_hookimpls():
            _ = self._request.getfixturevalue(_asyncio_loop_factory.__name__)
>       return super().setup()
               ^^^^^^^^^^^^^^^

.venv/lib/python3.12/site-packages/pytest_asyncio/plugin.py:558: 
_ _ _ _ _ _ _ _ _ _ _ _ _ _ _ _ _ _ _ _ _ _ _ _ _ _ _ _ _ _ _ _ _ _ _ _ _ _ _ _ 
.venv/lib/python3.12/site-packages/pytest_asyncio/plugin.py:944: in pytest_fixture_setup
    hook_result = yield
                  ^^^^^
.venv/lib/python3.12/site-packages/pytest_asyncio/plugin.py:407: in _asyncgen_fixture_wrapper
    result = runner.run(setup(), context=context)
             ^^^^^^^^^^^^^^^^^^^^^^^^^^^^^^^^^^^^
/opt/homebrew/Cellar/python@3.12/3.12.13_4/Frameworks/Python.framework/Versions/3.12/lib/python3.12/asyncio/runners.py:118: in run
    return self._loop.run_until_complete(task)
           ^^^^^^^^^^^^^^^^^^^^^^^^^^^^^^^^^^^
/opt/homebrew/Cellar/python@3.12/3.12.13_4/Frameworks/Python.framework/Versions/3.12/lib/python3.12/asyncio/base_events.py:691: in run_until_complete
    return future.result()
           ^^^^^^^^^^^^^^^
.venv/lib/python3.12/site-packages/pytest_asyncio/plugin.py:403: in setup
    res = await gen_obj.__anext__()
          ^^^^^^^^^^^^^^^^^^^^^^^^^
tests/conftest.py:96: in client
    from app.main import app
app/main.py:41: in <module>
    from app.routers import sistema
_ _ _ _ _ _ _ _ _ _ _ _ _ _ _ _ _ _ _ _ _ _ _ _ _ _ _ _ _ _ _ _ _ _ _ _ _ _ _ _ 

    from fastapi import APIRouter, Depends, HTTPException
    from typing import List
    from datetime import datetime
    from app.database import erros_sistema
    from app.schemas.sistema import ErrorLogCreate, ErrorLogResponse
    from app.security import get_usuario_atual
>   from app.schemas.auth import UserInDB
E   ModuleNotFoundError: No module named 'app.schemas.auth'

app/routers/sistema.py:7: ModuleNotFoundError
__________ ERROR at setup of TestTutorEditar.test_buscar_tutor_editar __________

self = <Coroutine test_buscar_tutor_editar>

    def setup(self) -> None:
        runner_fixture_id = f"_{self._loop_scope}_scoped_runner"
        if runner_fixture_id not in self.fixturenames:
            self.fixturenames.append(runner_fixture_id)
        # When loop factories are configured, resolve the loop factory
        # fixture early so that a factory variant change cascades cache
        # invalidation before any async fixture checks its cache.
        hook_caller = self.config.hook.pytest_asyncio_loop_factories
        if hook_caller.get_hookimpls():
            _ = self._request.getfixturevalue(_asyncio_loop_factory.__name__)
>       return super().setup()
               ^^^^^^^^^^^^^^^

.venv/lib/python3.12/site-packages/pytest_asyncio/plugin.py:558: 
_ _ _ _ _ _ _ _ _ _ _ _ _ _ _ _ _ _ _ _ _ _ _ _ _ _ _ _ _ _ _ _ _ _ _ _ _ _ _ _ 
.venv/lib/python3.12/site-packages/pytest_asyncio/plugin.py:944: in pytest_fixture_setup
    hook_result = yield
                  ^^^^^
.venv/lib/python3.12/site-packages/pytest_asyncio/plugin.py:407: in _asyncgen_fixture_wrapper
    result = runner.run(setup(), context=context)
             ^^^^^^^^^^^^^^^^^^^^^^^^^^^^^^^^^^^^
/opt/homebrew/Cellar/python@3.12/3.12.13_4/Frameworks/Python.framework/Versions/3.12/lib/python3.12/asyncio/runners.py:118: in run
    return self._loop.run_until_complete(task)
           ^^^^^^^^^^^^^^^^^^^^^^^^^^^^^^^^^^^
/opt/homebrew/Cellar/python@3.12/3.12.13_4/Frameworks/Python.framework/Versions/3.12/lib/python3.12/asyncio/base_events.py:691: in run_until_complete
    return future.result()
           ^^^^^^^^^^^^^^^
.venv/lib/python3.12/site-packages/pytest_asyncio/plugin.py:403: in setup
    res = await gen_obj.__anext__()
          ^^^^^^^^^^^^^^^^^^^^^^^^^
tests/conftest.py:96: in client
    from app.main import app
app/main.py:41: in <module>
    from app.routers import sistema
_ _ _ _ _ _ _ _ _ _ _ _ _ _ _ _ _ _ _ _ _ _ _ _ _ _ _ _ _ _ _ _ _ _ _ _ _ _ _ _ 

    from fastapi import APIRouter, Depends, HTTPException
    from typing import List
    from datetime import datetime
    from app.database import erros_sistema
    from app.schemas.sistema import ErrorLogCreate, ErrorLogResponse
    from app.security import get_usuario_atual
>   from app.schemas.auth import UserInDB
E   ModuleNotFoundError: No module named 'app.schemas.auth'

app/routers/sistema.py:7: ModuleNotFoundError
__________ ERROR at setup of TestTutorEditar.test_atualizar_descricao __________

self = <Coroutine test_atualizar_descricao>

    def setup(self) -> None:
        runner_fixture_id = f"_{self._loop_scope}_scoped_runner"
        if runner_fixture_id not in self.fixturenames:
            self.fixturenames.append(runner_fixture_id)
        # When loop factories are configured, resolve the loop factory
        # fixture early so that a factory variant change cascades cache
        # invalidation before any async fixture checks its cache.
        hook_caller = self.config.hook.pytest_asyncio_loop_factories
        if hook_caller.get_hookimpls():
            _ = self._request.getfixturevalue(_asyncio_loop_factory.__name__)
>       return super().setup()
               ^^^^^^^^^^^^^^^

.venv/lib/python3.12/site-packages/pytest_asyncio/plugin.py:558: 
_ _ _ _ _ _ _ _ _ _ _ _ _ _ _ _ _ _ _ _ _ _ _ _ _ _ _ _ _ _ _ _ _ _ _ _ _ _ _ _ 
.venv/lib/python3.12/site-packages/pytest_asyncio/plugin.py:944: in pytest_fixture_setup
    hook_result = yield
                  ^^^^^
.venv/lib/python3.12/site-packages/pytest_asyncio/plugin.py:407: in _asyncgen_fixture_wrapper
    result = runner.run(setup(), context=context)
             ^^^^^^^^^^^^^^^^^^^^^^^^^^^^^^^^^^^^
/opt/homebrew/Cellar/python@3.12/3.12.13_4/Frameworks/Python.framework/Versions/3.12/lib/python3.12/asyncio/runners.py:118: in run
    return self._loop.run_until_complete(task)
           ^^^^^^^^^^^^^^^^^^^^^^^^^^^^^^^^^^^
/opt/homebrew/Cellar/python@3.12/3.12.13_4/Frameworks/Python.framework/Versions/3.12/lib/python3.12/asyncio/base_events.py:691: in run_until_complete
    return future.result()
           ^^^^^^^^^^^^^^^
.venv/lib/python3.12/site-packages/pytest_asyncio/plugin.py:403: in setup
    res = await gen_obj.__anext__()
          ^^^^^^^^^^^^^^^^^^^^^^^^^
tests/conftest.py:96: in client
    from app.main import app
app/main.py:41: in <module>
    from app.routers import sistema
_ _ _ _ _ _ _ _ _ _ _ _ _ _ _ _ _ _ _ _ _ _ _ _ _ _ _ _ _ _ _ _ _ _ _ _ _ _ _ _ 

    from fastapi import APIRouter, Depends, HTTPException
    from typing import List
    from datetime import datetime
    from app.database import erros_sistema
    from app.schemas.sistema import ErrorLogCreate, ErrorLogResponse
    from app.security import get_usuario_atual
>   from app.schemas.auth import UserInDB
E   ModuleNotFoundError: No module named 'app.schemas.auth'

app/routers/sistema.py:7: ModuleNotFoundError
_____ ERROR at setup of TestTutorEditar.test_atualizar_descricao_aluno_403 _____

self = <Coroutine test_atualizar_descricao_aluno_403>

    def setup(self) -> None:
        runner_fixture_id = f"_{self._loop_scope}_scoped_runner"
        if runner_fixture_id not in self.fixturenames:
            self.fixturenames.append(runner_fixture_id)
        # When loop factories are configured, resolve the loop factory
        # fixture early so that a factory variant change cascades cache
        # invalidation before any async fixture checks its cache.
        hook_caller = self.config.hook.pytest_asyncio_loop_factories
        if hook_caller.get_hookimpls():
            _ = self._request.getfixturevalue(_asyncio_loop_factory.__name__)
>       return super().setup()
               ^^^^^^^^^^^^^^^

.venv/lib/python3.12/site-packages/pytest_asyncio/plugin.py:558: 
_ _ _ _ _ _ _ _ _ _ _ _ _ _ _ _ _ _ _ _ _ _ _ _ _ _ _ _ _ _ _ _ _ _ _ _ _ _ _ _ 
.venv/lib/python3.12/site-packages/pytest_asyncio/plugin.py:944: in pytest_fixture_setup
    hook_result = yield
                  ^^^^^
.venv/lib/python3.12/site-packages/pytest_asyncio/plugin.py:407: in _asyncgen_fixture_wrapper
    result = runner.run(setup(), context=context)
             ^^^^^^^^^^^^^^^^^^^^^^^^^^^^^^^^^^^^
/opt/homebrew/Cellar/python@3.12/3.12.13_4/Frameworks/Python.framework/Versions/3.12/lib/python3.12/asyncio/runners.py:118: in run
    return self._loop.run_until_complete(task)
           ^^^^^^^^^^^^^^^^^^^^^^^^^^^^^^^^^^^
/opt/homebrew/Cellar/python@3.12/3.12.13_4/Frameworks/Python.framework/Versions/3.12/lib/python3.12/asyncio/base_events.py:691: in run_until_complete
    return future.result()
           ^^^^^^^^^^^^^^^
.venv/lib/python3.12/site-packages/pytest_asyncio/plugin.py:403: in setup
    res = await gen_obj.__anext__()
          ^^^^^^^^^^^^^^^^^^^^^^^^^
tests/conftest.py:96: in client
    from app.main import app
app/main.py:41: in <module>
    from app.routers import sistema
_ _ _ _ _ _ _ _ _ _ _ _ _ _ _ _ _ _ _ _ _ _ _ _ _ _ _ _ _ _ _ _ _ _ _ _ _ _ _ _ 

    from fastapi import APIRouter, Depends, HTTPException
    from typing import List
    from datetime import datetime
    from app.database import erros_sistema
    from app.schemas.sistema import ErrorLogCreate, ErrorLogResponse
    from app.security import get_usuario_atual
>   from app.schemas.auth import UserInDB
E   ModuleNotFoundError: No module named 'app.schemas.auth'

app/routers/sistema.py:7: ModuleNotFoundError
____ ERROR at setup of TestTutorEditar.test_atualizar_descricao_id_invalido ____

self = <Coroutine test_atualizar_descricao_id_invalido>

    def setup(self) -> None:
        runner_fixture_id = f"_{self._loop_scope}_scoped_runner"
        if runner_fixture_id not in self.fixturenames:
            self.fixturenames.append(runner_fixture_id)
        # When loop factories are configured, resolve the loop factory
        # fixture early so that a factory variant change cascades cache
        # invalidation before any async fixture checks its cache.
        hook_caller = self.config.hook.pytest_asyncio_loop_factories
        if hook_caller.get_hookimpls():
            _ = self._request.getfixturevalue(_asyncio_loop_factory.__name__)
>       return super().setup()
               ^^^^^^^^^^^^^^^

.venv/lib/python3.12/site-packages/pytest_asyncio/plugin.py:558: 
_ _ _ _ _ _ _ _ _ _ _ _ _ _ _ _ _ _ _ _ _ _ _ _ _ _ _ _ _ _ _ _ _ _ _ _ _ _ _ _ 
.venv/lib/python3.12/site-packages/pytest_asyncio/plugin.py:944: in pytest_fixture_setup
    hook_result = yield
                  ^^^^^
.venv/lib/python3.12/site-packages/pytest_asyncio/plugin.py:407: in _asyncgen_fixture_wrapper
    result = runner.run(setup(), context=context)
             ^^^^^^^^^^^^^^^^^^^^^^^^^^^^^^^^^^^^
/opt/homebrew/Cellar/python@3.12/3.12.13_4/Frameworks/Python.framework/Versions/3.12/lib/python3.12/asyncio/runners.py:118: in run
    return self._loop.run_until_complete(task)
           ^^^^^^^^^^^^^^^^^^^^^^^^^^^^^^^^^^^
/opt/homebrew/Cellar/python@3.12/3.12.13_4/Frameworks/Python.framework/Versions/3.12/lib/python3.12/asyncio/base_events.py:691: in run_until_complete
    return future.result()
           ^^^^^^^^^^^^^^^
.venv/lib/python3.12/site-packages/pytest_asyncio/plugin.py:403: in setup
    res = await gen_obj.__anext__()
          ^^^^^^^^^^^^^^^^^^^^^^^^^
tests/conftest.py:96: in client
    from app.main import app
app/main.py:41: in <module>
    from app.routers import sistema
_ _ _ _ _ _ _ _ _ _ _ _ _ _ _ _ _ _ _ _ _ _ _ _ _ _ _ _ _ _ _ _ _ _ _ _ _ _ _ _ 

    from fastapi import APIRouter, Depends, HTTPException
    from typing import List
    from datetime import datetime
    from app.database import erros_sistema
    from app.schemas.sistema import ErrorLogCreate, ErrorLogResponse
    from app.security import get_usuario_atual
>   from app.schemas.auth import UserInDB
E   ModuleNotFoundError: No module named 'app.schemas.auth'

app/routers/sistema.py:7: ModuleNotFoundError
_ ERROR at setup of TestTutorEditar.test_atualizar_modelos_preserva_supervisionado _

self = <Coroutine test_atualizar_modelos_preserva_supervisionado>

    def setup(self) -> None:
        runner_fixture_id = f"_{self._loop_scope}_scoped_runner"
        if runner_fixture_id not in self.fixturenames:
            self.fixturenames.append(runner_fixture_id)
        # When loop factories are configured, resolve the loop factory
        # fixture early so that a factory variant change cascades cache
        # invalidation before any async fixture checks its cache.
        hook_caller = self.config.hook.pytest_asyncio_loop_factories
        if hook_caller.get_hookimpls():
            _ = self._request.getfixturevalue(_asyncio_loop_factory.__name__)
>       return super().setup()
               ^^^^^^^^^^^^^^^

.venv/lib/python3.12/site-packages/pytest_asyncio/plugin.py:558: 
_ _ _ _ _ _ _ _ _ _ _ _ _ _ _ _ _ _ _ _ _ _ _ _ _ _ _ _ _ _ _ _ _ _ _ _ _ _ _ _ 
.venv/lib/python3.12/site-packages/pytest_asyncio/plugin.py:944: in pytest_fixture_setup
    hook_result = yield
                  ^^^^^
.venv/lib/python3.12/site-packages/pytest_asyncio/plugin.py:407: in _asyncgen_fixture_wrapper
    result = runner.run(setup(), context=context)
             ^^^^^^^^^^^^^^^^^^^^^^^^^^^^^^^^^^^^
/opt/homebrew/Cellar/python@3.12/3.12.13_4/Frameworks/Python.framework/Versions/3.12/lib/python3.12/asyncio/runners.py:118: in run
    return self._loop.run_until_complete(task)
           ^^^^^^^^^^^^^^^^^^^^^^^^^^^^^^^^^^^
/opt/homebrew/Cellar/python@3.12/3.12.13_4/Frameworks/Python.framework/Versions/3.12/lib/python3.12/asyncio/base_events.py:691: in run_until_complete
    return future.result()
           ^^^^^^^^^^^^^^^
.venv/lib/python3.12/site-packages/pytest_asyncio/plugin.py:403: in setup
    res = await gen_obj.__anext__()
          ^^^^^^^^^^^^^^^^^^^^^^^^^
tests/conftest.py:96: in client
    from app.main import app
app/main.py:41: in <module>
    from app.routers import sistema
_ _ _ _ _ _ _ _ _ _ _ _ _ _ _ _ _ _ _ _ _ _ _ _ _ _ _ _ _ _ _ _ _ _ _ _ _ _ _ _ 

    from fastapi import APIRouter, Depends, HTTPException
    from typing import List
    from datetime import datetime
    from app.database import erros_sistema
    from app.schemas.sistema import ErrorLogCreate, ErrorLogResponse
    from app.security import get_usuario_atual
>   from app.schemas.auth import UserInDB
E   ModuleNotFoundError: No module named 'app.schemas.auth'

app/routers/sistema.py:7: ModuleNotFoundError
_ ERROR at setup of TestTutorEditar.test_atualizar_tipo_aprendizado_preserva_explicacao _

self = <Coroutine test_atualizar_tipo_aprendizado_preserva_explicacao>

    def setup(self) -> None:
        runner_fixture_id = f"_{self._loop_scope}_scoped_runner"
        if runner_fixture_id not in self.fixturenames:
            self.fixturenames.append(runner_fixture_id)
        # When loop factories are configured, resolve the loop factory
        # fixture early so that a factory variant change cascades cache
        # invalidation before any async fixture checks its cache.
        hook_caller = self.config.hook.pytest_asyncio_loop_factories
        if hook_caller.get_hookimpls():
            _ = self._request.getfixturevalue(_asyncio_loop_factory.__name__)
>       return super().setup()
               ^^^^^^^^^^^^^^^

.venv/lib/python3.12/site-packages/pytest_asyncio/plugin.py:558: 
_ _ _ _ _ _ _ _ _ _ _ _ _ _ _ _ _ _ _ _ _ _ _ _ _ _ _ _ _ _ _ _ _ _ _ _ _ _ _ _ 
.venv/lib/python3.12/site-packages/pytest_asyncio/plugin.py:944: in pytest_fixture_setup
    hook_result = yield
                  ^^^^^
.venv/lib/python3.12/site-packages/pytest_asyncio/plugin.py:407: in _asyncgen_fixture_wrapper
    result = runner.run(setup(), context=context)
             ^^^^^^^^^^^^^^^^^^^^^^^^^^^^^^^^^^^^
/opt/homebrew/Cellar/python@3.12/3.12.13_4/Frameworks/Python.framework/Versions/3.12/lib/python3.12/asyncio/runners.py:118: in run
    return self._loop.run_until_complete(task)
           ^^^^^^^^^^^^^^^^^^^^^^^^^^^^^^^^^^^
/opt/homebrew/Cellar/python@3.12/3.12.13_4/Frameworks/Python.framework/Versions/3.12/lib/python3.12/asyncio/base_events.py:691: in run_until_complete
    return future.result()
           ^^^^^^^^^^^^^^^
.venv/lib/python3.12/site-packages/pytest_asyncio/plugin.py:403: in setup
    res = await gen_obj.__anext__()
          ^^^^^^^^^^^^^^^^^^^^^^^^^
tests/conftest.py:96: in client
    from app.main import app
app/main.py:41: in <module>
    from app.routers import sistema
_ _ _ _ _ _ _ _ _ _ _ _ _ _ _ _ _ _ _ _ _ _ _ _ _ _ _ _ _ _ _ _ _ _ _ _ _ _ _ _ 

    from fastapi import APIRouter, Depends, HTTPException
    from typing import List
    from datetime import datetime
    from app.database import erros_sistema
    from app.schemas.sistema import ErrorLogCreate, ErrorLogResponse
    from app.security import get_usuario_atual
>   from app.schemas.auth import UserInDB
E   ModuleNotFoundError: No module named 'app.schemas.auth'

app/routers/sistema.py:7: ModuleNotFoundError
__________________ ERROR at setup of test_listar_audit_vazio ___________________

self = <Coroutine test_listar_audit_vazio>

    def setup(self) -> None:
        runner_fixture_id = f"_{self._loop_scope}_scoped_runner"
        if runner_fixture_id not in self.fixturenames:
            self.fixturenames.append(runner_fixture_id)
        # When loop factories are configured, resolve the loop factory
        # fixture early so that a factory variant change cascades cache
        # invalidation before any async fixture checks its cache.
        hook_caller = self.config.hook.pytest_asyncio_loop_factories
        if hook_caller.get_hookimpls():
            _ = self._request.getfixturevalue(_asyncio_loop_factory.__name__)
>       return super().setup()
               ^^^^^^^^^^^^^^^

.venv/lib/python3.12/site-packages/pytest_asyncio/plugin.py:558: 
_ _ _ _ _ _ _ _ _ _ _ _ _ _ _ _ _ _ _ _ _ _ _ _ _ _ _ _ _ _ _ _ _ _ _ _ _ _ _ _ 
.venv/lib/python3.12/site-packages/pytest_asyncio/plugin.py:944: in pytest_fixture_setup
    hook_result = yield
                  ^^^^^
.venv/lib/python3.12/site-packages/pytest_asyncio/plugin.py:407: in _asyncgen_fixture_wrapper
    result = runner.run(setup(), context=context)
             ^^^^^^^^^^^^^^^^^^^^^^^^^^^^^^^^^^^^
/opt/homebrew/Cellar/python@3.12/3.12.13_4/Frameworks/Python.framework/Versions/3.12/lib/python3.12/asyncio/runners.py:118: in run
    return self._loop.run_until_complete(task)
           ^^^^^^^^^^^^^^^^^^^^^^^^^^^^^^^^^^^
/opt/homebrew/Cellar/python@3.12/3.12.13_4/Frameworks/Python.framework/Versions/3.12/lib/python3.12/asyncio/base_events.py:691: in run_until_complete
    return future.result()
           ^^^^^^^^^^^^^^^
.venv/lib/python3.12/site-packages/pytest_asyncio/plugin.py:403: in setup
    res = await gen_obj.__anext__()
          ^^^^^^^^^^^^^^^^^^^^^^^^^
tests/conftest.py:96: in client
    from app.main import app
app/main.py:41: in <module>
    from app.routers import sistema
_ _ _ _ _ _ _ _ _ _ _ _ _ _ _ _ _ _ _ _ _ _ _ _ _ _ _ _ _ _ _ _ _ _ _ _ _ _ _ _ 

    from fastapi import APIRouter, Depends, HTTPException
    from typing import List
    from datetime import datetime
    from app.database import erros_sistema
    from app.schemas.sistema import ErrorLogCreate, ErrorLogResponse
    from app.security import get_usuario_atual
>   from app.schemas.auth import UserInDB
E   ModuleNotFoundError: No module named 'app.schemas.auth'

app/routers/sistema.py:7: ModuleNotFoundError
_______________ ERROR at setup of test_listar_audit_com_entradas _______________

self = <Coroutine test_listar_audit_com_entradas>

    def setup(self) -> None:
        runner_fixture_id = f"_{self._loop_scope}_scoped_runner"
        if runner_fixture_id not in self.fixturenames:
            self.fixturenames.append(runner_fixture_id)
        # When loop factories are configured, resolve the loop factory
        # fixture early so that a factory variant change cascades cache
        # invalidation before any async fixture checks its cache.
        hook_caller = self.config.hook.pytest_asyncio_loop_factories
        if hook_caller.get_hookimpls():
            _ = self._request.getfixturevalue(_asyncio_loop_factory.__name__)
>       return super().setup()
               ^^^^^^^^^^^^^^^

.venv/lib/python3.12/site-packages/pytest_asyncio/plugin.py:558: 
_ _ _ _ _ _ _ _ _ _ _ _ _ _ _ _ _ _ _ _ _ _ _ _ _ _ _ _ _ _ _ _ _ _ _ _ _ _ _ _ 
.venv/lib/python3.12/site-packages/pytest_asyncio/plugin.py:944: in pytest_fixture_setup
    hook_result = yield
                  ^^^^^
.venv/lib/python3.12/site-packages/pytest_asyncio/plugin.py:407: in _asyncgen_fixture_wrapper
    result = runner.run(setup(), context=context)
             ^^^^^^^^^^^^^^^^^^^^^^^^^^^^^^^^^^^^
/opt/homebrew/Cellar/python@3.12/3.12.13_4/Frameworks/Python.framework/Versions/3.12/lib/python3.12/asyncio/runners.py:118: in run
    return self._loop.run_until_complete(task)
           ^^^^^^^^^^^^^^^^^^^^^^^^^^^^^^^^^^^
/opt/homebrew/Cellar/python@3.12/3.12.13_4/Frameworks/Python.framework/Versions/3.12/lib/python3.12/asyncio/base_events.py:691: in run_until_complete
    return future.result()
           ^^^^^^^^^^^^^^^
.venv/lib/python3.12/site-packages/pytest_asyncio/plugin.py:403: in setup
    res = await gen_obj.__anext__()
          ^^^^^^^^^^^^^^^^^^^^^^^^^
tests/conftest.py:96: in client
    from app.main import app
app/main.py:41: in <module>
    from app.routers import sistema
_ _ _ _ _ _ _ _ _ _ _ _ _ _ _ _ _ _ _ _ _ _ _ _ _ _ _ _ _ _ _ _ _ _ _ _ _ _ _ _ 

    from fastapi import APIRouter, Depends, HTTPException
    from typing import List
    from datetime import datetime
    from app.database import erros_sistema
    from app.schemas.sistema import ErrorLogCreate, ErrorLogResponse
    from app.security import get_usuario_atual
>   from app.schemas.auth import UserInDB
E   ModuleNotFoundError: No module named 'app.schemas.auth'

app/routers/sistema.py:7: ModuleNotFoundError
________ ERROR at setup of TestCriarUsuario.test_criar_usuario_sucesso _________

self = <Coroutine test_criar_usuario_sucesso>

    def setup(self) -> None:
        runner_fixture_id = f"_{self._loop_scope}_scoped_runner"
        if runner_fixture_id not in self.fixturenames:
            self.fixturenames.append(runner_fixture_id)
        # When loop factories are configured, resolve the loop factory
        # fixture early so that a factory variant change cascades cache
        # invalidation before any async fixture checks its cache.
        hook_caller = self.config.hook.pytest_asyncio_loop_factories
        if hook_caller.get_hookimpls():
            _ = self._request.getfixturevalue(_asyncio_loop_factory.__name__)
>       return super().setup()
               ^^^^^^^^^^^^^^^

.venv/lib/python3.12/site-packages/pytest_asyncio/plugin.py:558: 
_ _ _ _ _ _ _ _ _ _ _ _ _ _ _ _ _ _ _ _ _ _ _ _ _ _ _ _ _ _ _ _ _ _ _ _ _ _ _ _ 
.venv/lib/python3.12/site-packages/pytest_asyncio/plugin.py:944: in pytest_fixture_setup
    hook_result = yield
                  ^^^^^
.venv/lib/python3.12/site-packages/pytest_asyncio/plugin.py:407: in _asyncgen_fixture_wrapper
    result = runner.run(setup(), context=context)
             ^^^^^^^^^^^^^^^^^^^^^^^^^^^^^^^^^^^^
/opt/homebrew/Cellar/python@3.12/3.12.13_4/Frameworks/Python.framework/Versions/3.12/lib/python3.12/asyncio/runners.py:118: in run
    return self._loop.run_until_complete(task)
           ^^^^^^^^^^^^^^^^^^^^^^^^^^^^^^^^^^^
/opt/homebrew/Cellar/python@3.12/3.12.13_4/Frameworks/Python.framework/Versions/3.12/lib/python3.12/asyncio/base_events.py:691: in run_until_complete
    return future.result()
           ^^^^^^^^^^^^^^^
.venv/lib/python3.12/site-packages/pytest_asyncio/plugin.py:403: in setup
    res = await gen_obj.__anext__()
          ^^^^^^^^^^^^^^^^^^^^^^^^^
tests/conftest.py:96: in client
    from app.main import app
app/main.py:41: in <module>
    from app.routers import sistema
_ _ _ _ _ _ _ _ _ _ _ _ _ _ _ _ _ _ _ _ _ _ _ _ _ _ _ _ _ _ _ _ _ _ _ _ _ _ _ _ 

    from fastapi import APIRouter, Depends, HTTPException
    from typing import List
    from datetime import datetime
    from app.database import erros_sistema
    from app.schemas.sistema import ErrorLogCreate, ErrorLogResponse
    from app.security import get_usuario_atual
>   from app.schemas.auth import UserInDB
E   ModuleNotFoundError: No module named 'app.schemas.auth'

app/routers/sistema.py:7: ModuleNotFoundError
____ ERROR at setup of TestCriarUsuario.test_criar_usuario_email_duplicado _____

self = <Coroutine test_criar_usuario_email_duplicado>

    def setup(self) -> None:
        runner_fixture_id = f"_{self._loop_scope}_scoped_runner"
        if runner_fixture_id not in self.fixturenames:
            self.fixturenames.append(runner_fixture_id)
        # When loop factories are configured, resolve the loop factory
        # fixture early so that a factory variant change cascades cache
        # invalidation before any async fixture checks its cache.
        hook_caller = self.config.hook.pytest_asyncio_loop_factories
        if hook_caller.get_hookimpls():
            _ = self._request.getfixturevalue(_asyncio_loop_factory.__name__)
>       return super().setup()
               ^^^^^^^^^^^^^^^

.venv/lib/python3.12/site-packages/pytest_asyncio/plugin.py:558: 
_ _ _ _ _ _ _ _ _ _ _ _ _ _ _ _ _ _ _ _ _ _ _ _ _ _ _ _ _ _ _ _ _ _ _ _ _ _ _ _ 
.venv/lib/python3.12/site-packages/pytest_asyncio/plugin.py:944: in pytest_fixture_setup
    hook_result = yield
                  ^^^^^
.venv/lib/python3.12/site-packages/pytest_asyncio/plugin.py:407: in _asyncgen_fixture_wrapper
    result = runner.run(setup(), context=context)
             ^^^^^^^^^^^^^^^^^^^^^^^^^^^^^^^^^^^^
/opt/homebrew/Cellar/python@3.12/3.12.13_4/Frameworks/Python.framework/Versions/3.12/lib/python3.12/asyncio/runners.py:118: in run
    return self._loop.run_until_complete(task)
           ^^^^^^^^^^^^^^^^^^^^^^^^^^^^^^^^^^^
/opt/homebrew/Cellar/python@3.12/3.12.13_4/Frameworks/Python.framework/Versions/3.12/lib/python3.12/asyncio/base_events.py:691: in run_until_complete
    return future.result()
           ^^^^^^^^^^^^^^^
.venv/lib/python3.12/site-packages/pytest_asyncio/plugin.py:403: in setup
    res = await gen_obj.__anext__()
          ^^^^^^^^^^^^^^^^^^^^^^^^^
tests/conftest.py:96: in client
    from app.main import app
app/main.py:41: in <module>
    from app.routers import sistema
_ _ _ _ _ _ _ _ _ _ _ _ _ _ _ _ _ _ _ _ _ _ _ _ _ _ _ _ _ _ _ _ _ _ _ _ _ _ _ _ 

    from fastapi import APIRouter, Depends, HTTPException
    from typing import List
    from datetime import datetime
    from app.database import erros_sistema
    from app.schemas.sistema import ErrorLogCreate, ErrorLogResponse
    from app.security import get_usuario_atual
>   from app.schemas.auth import UserInDB
E   ModuleNotFoundError: No module named 'app.schemas.auth'

app/routers/sistema.py:7: ModuleNotFoundError
___ ERROR at setup of TestCriarUsuario.test_criar_professor_sem_verificador ____

self = <Coroutine test_criar_professor_sem_verificador>

    def setup(self) -> None:
        runner_fixture_id = f"_{self._loop_scope}_scoped_runner"
        if runner_fixture_id not in self.fixturenames:
            self.fixturenames.append(runner_fixture_id)
        # When loop factories are configured, resolve the loop factory
        # fixture early so that a factory variant change cascades cache
        # invalidation before any async fixture checks its cache.
        hook_caller = self.config.hook.pytest_asyncio_loop_factories
        if hook_caller.get_hookimpls():
            _ = self._request.getfixturevalue(_asyncio_loop_factory.__name__)
>       return super().setup()
               ^^^^^^^^^^^^^^^

.venv/lib/python3.12/site-packages/pytest_asyncio/plugin.py:558: 
_ _ _ _ _ _ _ _ _ _ _ _ _ _ _ _ _ _ _ _ _ _ _ _ _ _ _ _ _ _ _ _ _ _ _ _ _ _ _ _ 
.venv/lib/python3.12/site-packages/pytest_asyncio/plugin.py:944: in pytest_fixture_setup
    hook_result = yield
                  ^^^^^
.venv/lib/python3.12/site-packages/pytest_asyncio/plugin.py:407: in _asyncgen_fixture_wrapper
    result = runner.run(setup(), context=context)
             ^^^^^^^^^^^^^^^^^^^^^^^^^^^^^^^^^^^^
/opt/homebrew/Cellar/python@3.12/3.12.13_4/Frameworks/Python.framework/Versions/3.12/lib/python3.12/asyncio/runners.py:118: in run
    return self._loop.run_until_complete(task)
           ^^^^^^^^^^^^^^^^^^^^^^^^^^^^^^^^^^^
/opt/homebrew/Cellar/python@3.12/3.12.13_4/Frameworks/Python.framework/Versions/3.12/lib/python3.12/asyncio/base_events.py:691: in run_until_complete
    return future.result()
           ^^^^^^^^^^^^^^^
.venv/lib/python3.12/site-packages/pytest_asyncio/plugin.py:403: in setup
    res = await gen_obj.__anext__()
          ^^^^^^^^^^^^^^^^^^^^^^^^^
tests/conftest.py:96: in client
    from app.main import app
app/main.py:41: in <module>
    from app.routers import sistema
_ _ _ _ _ _ _ _ _ _ _ _ _ _ _ _ _ _ _ _ _ _ _ _ _ _ _ _ _ _ _ _ _ _ _ _ _ _ _ _ 

    from fastapi import APIRouter, Depends, HTTPException
    from typing import List
    from datetime import datetime
    from app.database import erros_sistema
    from app.schemas.sistema import ErrorLogCreate, ErrorLogResponse
    from app.security import get_usuario_atual
>   from app.schemas.auth import UserInDB
E   ModuleNotFoundError: No module named 'app.schemas.auth'

app/routers/sistema.py:7: ModuleNotFoundError
___ ERROR at setup of TestCriarUsuario.test_criar_professor_com_verificador ____

self = <Coroutine test_criar_professor_com_verificador>

    def setup(self) -> None:
        runner_fixture_id = f"_{self._loop_scope}_scoped_runner"
        if runner_fixture_id not in self.fixturenames:
            self.fixturenames.append(runner_fixture_id)
        # When loop factories are configured, resolve the loop factory
        # fixture early so that a factory variant change cascades cache
        # invalidation before any async fixture checks its cache.
        hook_caller = self.config.hook.pytest_asyncio_loop_factories
        if hook_caller.get_hookimpls():
            _ = self._request.getfixturevalue(_asyncio_loop_factory.__name__)
>       return super().setup()
               ^^^^^^^^^^^^^^^

.venv/lib/python3.12/site-packages/pytest_asyncio/plugin.py:558: 
_ _ _ _ _ _ _ _ _ _ _ _ _ _ _ _ _ _ _ _ _ _ _ _ _ _ _ _ _ _ _ _ _ _ _ _ _ _ _ _ 
.venv/lib/python3.12/site-packages/pytest_asyncio/plugin.py:944: in pytest_fixture_setup
    hook_result = yield
                  ^^^^^
.venv/lib/python3.12/site-packages/pytest_asyncio/plugin.py:407: in _asyncgen_fixture_wrapper
    result = runner.run(setup(), context=context)
             ^^^^^^^^^^^^^^^^^^^^^^^^^^^^^^^^^^^^
/opt/homebrew/Cellar/python@3.12/3.12.13_4/Frameworks/Python.framework/Versions/3.12/lib/python3.12/asyncio/runners.py:118: in run
    return self._loop.run_until_complete(task)
           ^^^^^^^^^^^^^^^^^^^^^^^^^^^^^^^^^^^
/opt/homebrew/Cellar/python@3.12/3.12.13_4/Frameworks/Python.framework/Versions/3.12/lib/python3.12/asyncio/base_events.py:691: in run_until_complete
    return future.result()
           ^^^^^^^^^^^^^^^
.venv/lib/python3.12/site-packages/pytest_asyncio/plugin.py:403: in setup
    res = await gen_obj.__anext__()
          ^^^^^^^^^^^^^^^^^^^^^^^^^
tests/conftest.py:96: in client
    from app.main import app
app/main.py:41: in <module>
    from app.routers import sistema
_ _ _ _ _ _ _ _ _ _ _ _ _ _ _ _ _ _ _ _ _ _ _ _ _ _ _ _ _ _ _ _ _ _ _ _ _ _ _ _ 

    from fastapi import APIRouter, Depends, HTTPException
    from typing import List
    from datetime import datetime
    from app.database import erros_sistema
    from app.schemas.sistema import ErrorLogCreate, ErrorLogResponse
    from app.security import get_usuario_atual
>   from app.schemas.auth import UserInDB
E   ModuleNotFoundError: No module named 'app.schemas.auth'

app/routers/sistema.py:7: ModuleNotFoundError
_________ ERROR at setup of TestConviteEmail.test_convite_com_smtp_ok __________

self = <Coroutine test_convite_com_smtp_ok>

    def setup(self) -> None:
        runner_fixture_id = f"_{self._loop_scope}_scoped_runner"
        if runner_fixture_id not in self.fixturenames:
            self.fixturenames.append(runner_fixture_id)
        # When loop factories are configured, resolve the loop factory
        # fixture early so that a factory variant change cascades cache
        # invalidation before any async fixture checks its cache.
        hook_caller = self.config.hook.pytest_asyncio_loop_factories
        if hook_caller.get_hookimpls():
            _ = self._request.getfixturevalue(_asyncio_loop_factory.__name__)
>       return super().setup()
               ^^^^^^^^^^^^^^^

.venv/lib/python3.12/site-packages/pytest_asyncio/plugin.py:558: 
_ _ _ _ _ _ _ _ _ _ _ _ _ _ _ _ _ _ _ _ _ _ _ _ _ _ _ _ _ _ _ _ _ _ _ _ _ _ _ _ 
.venv/lib/python3.12/site-packages/pytest_asyncio/plugin.py:944: in pytest_fixture_setup
    hook_result = yield
                  ^^^^^
.venv/lib/python3.12/site-packages/pytest_asyncio/plugin.py:407: in _asyncgen_fixture_wrapper
    result = runner.run(setup(), context=context)
             ^^^^^^^^^^^^^^^^^^^^^^^^^^^^^^^^^^^^
/opt/homebrew/Cellar/python@3.12/3.12.13_4/Frameworks/Python.framework/Versions/3.12/lib/python3.12/asyncio/runners.py:118: in run
    return self._loop.run_until_complete(task)
           ^^^^^^^^^^^^^^^^^^^^^^^^^^^^^^^^^^^
/opt/homebrew/Cellar/python@3.12/3.12.13_4/Frameworks/Python.framework/Versions/3.12/lib/python3.12/asyncio/base_events.py:691: in run_until_complete
    return future.result()
           ^^^^^^^^^^^^^^^
.venv/lib/python3.12/site-packages/pytest_asyncio/plugin.py:403: in setup
    res = await gen_obj.__anext__()
          ^^^^^^^^^^^^^^^^^^^^^^^^^
tests/conftest.py:96: in client
    from app.main import app
app/main.py:41: in <module>
    from app.routers import sistema
_ _ _ _ _ _ _ _ _ _ _ _ _ _ _ _ _ _ _ _ _ _ _ _ _ _ _ _ _ _ _ _ _ _ _ _ _ _ _ _ 

    from fastapi import APIRouter, Depends, HTTPException
    from typing import List
    from datetime import datetime
    from app.database import erros_sistema
    from app.schemas.sistema import ErrorLogCreate, ErrorLogResponse
    from app.security import get_usuario_atual
>   from app.schemas.auth import UserInDB
E   ModuleNotFoundError: No module named 'app.schemas.auth'

app/routers/sistema.py:7: ModuleNotFoundError
_ ERROR at setup of TestConviteEmail.test_convite_com_falha_smtp_retorna_link __

self = <Coroutine test_convite_com_falha_smtp_retorna_link>

    def setup(self) -> None:
        runner_fixture_id = f"_{self._loop_scope}_scoped_runner"
        if runner_fixture_id not in self.fixturenames:
            self.fixturenames.append(runner_fixture_id)
        # When loop factories are configured, resolve the loop factory
        # fixture early so that a factory variant change cascades cache
        # invalidation before any async fixture checks its cache.
        hook_caller = self.config.hook.pytest_asyncio_loop_factories
        if hook_caller.get_hookimpls():
            _ = self._request.getfixturevalue(_asyncio_loop_factory.__name__)
>       return super().setup()
               ^^^^^^^^^^^^^^^

.venv/lib/python3.12/site-packages/pytest_asyncio/plugin.py:558: 
_ _ _ _ _ _ _ _ _ _ _ _ _ _ _ _ _ _ _ _ _ _ _ _ _ _ _ _ _ _ _ _ _ _ _ _ _ _ _ _ 
.venv/lib/python3.12/site-packages/pytest_asyncio/plugin.py:944: in pytest_fixture_setup
    hook_result = yield
                  ^^^^^
.venv/lib/python3.12/site-packages/pytest_asyncio/plugin.py:407: in _asyncgen_fixture_wrapper
    result = runner.run(setup(), context=context)
             ^^^^^^^^^^^^^^^^^^^^^^^^^^^^^^^^^^^^
/opt/homebrew/Cellar/python@3.12/3.12.13_4/Frameworks/Python.framework/Versions/3.12/lib/python3.12/asyncio/runners.py:118: in run
    return self._loop.run_until_complete(task)
           ^^^^^^^^^^^^^^^^^^^^^^^^^^^^^^^^^^^
/opt/homebrew/Cellar/python@3.12/3.12.13_4/Frameworks/Python.framework/Versions/3.12/lib/python3.12/asyncio/base_events.py:691: in run_until_complete
    return future.result()
           ^^^^^^^^^^^^^^^
.venv/lib/python3.12/site-packages/pytest_asyncio/plugin.py:403: in setup
    res = await gen_obj.__anext__()
          ^^^^^^^^^^^^^^^^^^^^^^^^^
tests/conftest.py:96: in client
    from app.main import app
app/main.py:41: in <module>
    from app.routers import sistema
_ _ _ _ _ _ _ _ _ _ _ _ _ _ _ _ _ _ _ _ _ _ _ _ _ _ _ _ _ _ _ _ _ _ _ _ _ _ _ _ 

    from fastapi import APIRouter, Depends, HTTPException
    from typing import List
    from datetime import datetime
    from app.database import erros_sistema
    from app.schemas.sistema import ErrorLogCreate, ErrorLogResponse
    from app.security import get_usuario_atual
>   from app.schemas.auth import UserInDB
E   ModuleNotFoundError: No module named 'app.schemas.auth'

app/routers/sistema.py:7: ModuleNotFoundError
____ ERROR at setup of TestConviteEmail.test_convite_nao_admin_retorna_403 _____

self = <Coroutine test_convite_nao_admin_retorna_403>

    def setup(self) -> None:
        runner_fixture_id = f"_{self._loop_scope}_scoped_runner"
        if runner_fixture_id not in self.fixturenames:
            self.fixturenames.append(runner_fixture_id)
        # When loop factories are configured, resolve the loop factory
        # fixture early so that a factory variant change cascades cache
        # invalidation before any async fixture checks its cache.
        hook_caller = self.config.hook.pytest_asyncio_loop_factories
        if hook_caller.get_hookimpls():
            _ = self._request.getfixturevalue(_asyncio_loop_factory.__name__)
>       return super().setup()
               ^^^^^^^^^^^^^^^

.venv/lib/python3.12/site-packages/pytest_asyncio/plugin.py:558: 
_ _ _ _ _ _ _ _ _ _ _ _ _ _ _ _ _ _ _ _ _ _ _ _ _ _ _ _ _ _ _ _ _ _ _ _ _ _ _ _ 
.venv/lib/python3.12/site-packages/pytest_asyncio/plugin.py:944: in pytest_fixture_setup
    hook_result = yield
                  ^^^^^
.venv/lib/python3.12/site-packages/pytest_asyncio/plugin.py:407: in _asyncgen_fixture_wrapper
    result = runner.run(setup(), context=context)
             ^^^^^^^^^^^^^^^^^^^^^^^^^^^^^^^^^^^^
/opt/homebrew/Cellar/python@3.12/3.12.13_4/Frameworks/Python.framework/Versions/3.12/lib/python3.12/asyncio/runners.py:118: in run
    return self._loop.run_until_complete(task)
           ^^^^^^^^^^^^^^^^^^^^^^^^^^^^^^^^^^^
/opt/homebrew/Cellar/python@3.12/3.12.13_4/Frameworks/Python.framework/Versions/3.12/lib/python3.12/asyncio/base_events.py:691: in run_until_complete
    return future.result()
           ^^^^^^^^^^^^^^^
.venv/lib/python3.12/site-packages/pytest_asyncio/plugin.py:403: in setup
    res = await gen_obj.__anext__()
          ^^^^^^^^^^^^^^^^^^^^^^^^^
tests/conftest.py:96: in client
    from app.main import app
app/main.py:41: in <module>
    from app.routers import sistema
_ _ _ _ _ _ _ _ _ _ _ _ _ _ _ _ _ _ _ _ _ _ _ _ _ _ _ _ _ _ _ _ _ _ _ _ _ _ _ _ 

    from fastapi import APIRouter, Depends, HTTPException
    from typing import List
    from datetime import datetime
    from app.database import erros_sistema
    from app.schemas.sistema import ErrorLogCreate, ErrorLogResponse
    from app.security import get_usuario_atual
>   from app.schemas.auth import UserInDB
E   ModuleNotFoundError: No module named 'app.schemas.auth'

app/routers/sistema.py:7: ModuleNotFoundError
_ ERROR at setup of TestGerenciarUsuarios.test_alterar_status_usuario_inexistente_retorna_404 _

self = <Coroutine test_alterar_status_usuario_inexistente_retorna_404>

    def setup(self) -> None:
        runner_fixture_id = f"_{self._loop_scope}_scoped_runner"
        if runner_fixture_id not in self.fixturenames:
            self.fixturenames.append(runner_fixture_id)
        # When loop factories are configured, resolve the loop factory
        # fixture early so that a factory variant change cascades cache
        # invalidation before any async fixture checks its cache.
        hook_caller = self.config.hook.pytest_asyncio_loop_factories
        if hook_caller.get_hookimpls():
            _ = self._request.getfixturevalue(_asyncio_loop_factory.__name__)
>       return super().setup()
               ^^^^^^^^^^^^^^^

.venv/lib/python3.12/site-packages/pytest_asyncio/plugin.py:558: 
_ _ _ _ _ _ _ _ _ _ _ _ _ _ _ _ _ _ _ _ _ _ _ _ _ _ _ _ _ _ _ _ _ _ _ _ _ _ _ _ 
.venv/lib/python3.12/site-packages/pytest_asyncio/plugin.py:944: in pytest_fixture_setup
    hook_result = yield
                  ^^^^^
.venv/lib/python3.12/site-packages/pytest_asyncio/plugin.py:407: in _asyncgen_fixture_wrapper
    result = runner.run(setup(), context=context)
             ^^^^^^^^^^^^^^^^^^^^^^^^^^^^^^^^^^^^
/opt/homebrew/Cellar/python@3.12/3.12.13_4/Frameworks/Python.framework/Versions/3.12/lib/python3.12/asyncio/runners.py:118: in run
    return self._loop.run_until_complete(task)
           ^^^^^^^^^^^^^^^^^^^^^^^^^^^^^^^^^^^
/opt/homebrew/Cellar/python@3.12/3.12.13_4/Frameworks/Python.framework/Versions/3.12/lib/python3.12/asyncio/base_events.py:691: in run_until_complete
    return future.result()
           ^^^^^^^^^^^^^^^
.venv/lib/python3.12/site-packages/pytest_asyncio/plugin.py:403: in setup
    res = await gen_obj.__anext__()
          ^^^^^^^^^^^^^^^^^^^^^^^^^
tests/conftest.py:96: in client
    from app.main import app
app/main.py:41: in <module>
    from app.routers import sistema
_ _ _ _ _ _ _ _ _ _ _ _ _ _ _ _ _ _ _ _ _ _ _ _ _ _ _ _ _ _ _ _ _ _ _ _ _ _ _ _ 

    from fastapi import APIRouter, Depends, HTTPException
    from typing import List
    from datetime import datetime
    from app.database import erros_sistema
    from app.schemas.sistema import ErrorLogCreate, ErrorLogResponse
    from app.security import get_usuario_atual
>   from app.schemas.auth import UserInDB
E   ModuleNotFoundError: No module named 'app.schemas.auth'

app/routers/sistema.py:7: ModuleNotFoundError
_ ERROR at setup of TestGerenciarUsuarios.test_alterar_status_usuario_id_invalido_retorna_400 _

self = <Coroutine test_alterar_status_usuario_id_invalido_retorna_400>

    def setup(self) -> None:
        runner_fixture_id = f"_{self._loop_scope}_scoped_runner"
        if runner_fixture_id not in self.fixturenames:
            self.fixturenames.append(runner_fixture_id)
        # When loop factories are configured, resolve the loop factory
        # fixture early so that a factory variant change cascades cache
        # invalidation before any async fixture checks its cache.
        hook_caller = self.config.hook.pytest_asyncio_loop_factories
        if hook_caller.get_hookimpls():
            _ = self._request.getfixturevalue(_asyncio_loop_factory.__name__)
>       return super().setup()
               ^^^^^^^^^^^^^^^

.venv/lib/python3.12/site-packages/pytest_asyncio/plugin.py:558: 
_ _ _ _ _ _ _ _ _ _ _ _ _ _ _ _ _ _ _ _ _ _ _ _ _ _ _ _ _ _ _ _ _ _ _ _ _ _ _ _ 
.venv/lib/python3.12/site-packages/pytest_asyncio/plugin.py:944: in pytest_fixture_setup
    hook_result = yield
                  ^^^^^
.venv/lib/python3.12/site-packages/pytest_asyncio/plugin.py:407: in _asyncgen_fixture_wrapper
    result = runner.run(setup(), context=context)
             ^^^^^^^^^^^^^^^^^^^^^^^^^^^^^^^^^^^^
/opt/homebrew/Cellar/python@3.12/3.12.13_4/Frameworks/Python.framework/Versions/3.12/lib/python3.12/asyncio/runners.py:118: in run
    return self._loop.run_until_complete(task)
           ^^^^^^^^^^^^^^^^^^^^^^^^^^^^^^^^^^^
/opt/homebrew/Cellar/python@3.12/3.12.13_4/Frameworks/Python.framework/Versions/3.12/lib/python3.12/asyncio/base_events.py:691: in run_until_complete
    return future.result()
           ^^^^^^^^^^^^^^^
.venv/lib/python3.12/site-packages/pytest_asyncio/plugin.py:403: in setup
    res = await gen_obj.__anext__()
          ^^^^^^^^^^^^^^^^^^^^^^^^^
tests/conftest.py:96: in client
    from app.main import app
app/main.py:41: in <module>
    from app.routers import sistema
_ _ _ _ _ _ _ _ _ _ _ _ _ _ _ _ _ _ _ _ _ _ _ _ _ _ _ _ _ _ _ _ _ _ _ _ _ _ _ _ 

    from fastapi import APIRouter, Depends, HTTPException
    from typing import List
    from datetime import datetime
    from app.database import erros_sistema
    from app.schemas.sistema import ErrorLogCreate, ErrorLogResponse
    from app.security import get_usuario_atual
>   from app.schemas.auth import UserInDB
E   ModuleNotFoundError: No module named 'app.schemas.auth'

app/routers/sistema.py:7: ModuleNotFoundError
_ ERROR at setup of TestValidacaoEndpoints.test_avaliar_modelos_id_invalido_retorna_400 _

self = <Coroutine test_avaliar_modelos_id_invalido_retorna_400>

    def setup(self) -> None:
        runner_fixture_id = f"_{self._loop_scope}_scoped_runner"
        if runner_fixture_id not in self.fixturenames:
            self.fixturenames.append(runner_fixture_id)
        # When loop factories are configured, resolve the loop factory
        # fixture early so that a factory variant change cascades cache
        # invalidation before any async fixture checks its cache.
        hook_caller = self.config.hook.pytest_asyncio_loop_factories
        if hook_caller.get_hookimpls():
            _ = self._request.getfixturevalue(_asyncio_loop_factory.__name__)
>       return super().setup()
               ^^^^^^^^^^^^^^^

.venv/lib/python3.12/site-packages/pytest_asyncio/plugin.py:558: 
_ _ _ _ _ _ _ _ _ _ _ _ _ _ _ _ _ _ _ _ _ _ _ _ _ _ _ _ _ _ _ _ _ _ _ _ _ _ _ _ 
.venv/lib/python3.12/site-packages/pytest_asyncio/plugin.py:944: in pytest_fixture_setup
    hook_result = yield
                  ^^^^^
.venv/lib/python3.12/site-packages/pytest_asyncio/plugin.py:407: in _asyncgen_fixture_wrapper
    result = runner.run(setup(), context=context)
             ^^^^^^^^^^^^^^^^^^^^^^^^^^^^^^^^^^^^
/opt/homebrew/Cellar/python@3.12/3.12.13_4/Frameworks/Python.framework/Versions/3.12/lib/python3.12/asyncio/runners.py:118: in run
    return self._loop.run_until_complete(task)
           ^^^^^^^^^^^^^^^^^^^^^^^^^^^^^^^^^^^
/opt/homebrew/Cellar/python@3.12/3.12.13_4/Frameworks/Python.framework/Versions/3.12/lib/python3.12/asyncio/base_events.py:691: in run_until_complete
    return future.result()
           ^^^^^^^^^^^^^^^
.venv/lib/python3.12/site-packages/pytest_asyncio/plugin.py:403: in setup
    res = await gen_obj.__anext__()
          ^^^^^^^^^^^^^^^^^^^^^^^^^
tests/conftest.py:96: in client
    from app.main import app
app/main.py:41: in <module>
    from app.routers import sistema
_ _ _ _ _ _ _ _ _ _ _ _ _ _ _ _ _ _ _ _ _ _ _ _ _ _ _ _ _ _ _ _ _ _ _ _ _ _ _ _ 

    from fastapi import APIRouter, Depends, HTTPException
    from typing import List
    from datetime import datetime
    from app.database import erros_sistema
    from app.schemas.sistema import ErrorLogCreate, ErrorLogResponse
    from app.security import get_usuario_atual
>   from app.schemas.auth import UserInDB
E   ModuleNotFoundError: No module named 'app.schemas.auth'

app/routers/sistema.py:7: ModuleNotFoundError
_ ERROR at setup of TestValidacaoEndpoints.test_upload_csv_teste_id_coleta_invalido_retorna_400 _

self = <Coroutine test_upload_csv_teste_id_coleta_invalido_retorna_400>

    def setup(self) -> None:
        runner_fixture_id = f"_{self._loop_scope}_scoped_runner"
        if runner_fixture_id not in self.fixturenames:
            self.fixturenames.append(runner_fixture_id)
        # When loop factories are configured, resolve the loop factory
        # fixture early so that a factory variant change cascades cache
        # invalidation before any async fixture checks its cache.
        hook_caller = self.config.hook.pytest_asyncio_loop_factories
        if hook_caller.get_hookimpls():
            _ = self._request.getfixturevalue(_asyncio_loop_factory.__name__)
>       return super().setup()
               ^^^^^^^^^^^^^^^

.venv/lib/python3.12/site-packages/pytest_asyncio/plugin.py:558: 
_ _ _ _ _ _ _ _ _ _ _ _ _ _ _ _ _ _ _ _ _ _ _ _ _ _ _ _ _ _ _ _ _ _ _ _ _ _ _ _ 
.venv/lib/python3.12/site-packages/pytest_asyncio/plugin.py:944: in pytest_fixture_setup
    hook_result = yield
                  ^^^^^
.venv/lib/python3.12/site-packages/pytest_asyncio/plugin.py:407: in _asyncgen_fixture_wrapper
    result = runner.run(setup(), context=context)
             ^^^^^^^^^^^^^^^^^^^^^^^^^^^^^^^^^^^^
/opt/homebrew/Cellar/python@3.12/3.12.13_4/Frameworks/Python.framework/Versions/3.12/lib/python3.12/asyncio/runners.py:118: in run
    return self._loop.run_until_complete(task)
           ^^^^^^^^^^^^^^^^^^^^^^^^^^^^^^^^^^^
/opt/homebrew/Cellar/python@3.12/3.12.13_4/Frameworks/Python.framework/Versions/3.12/lib/python3.12/asyncio/base_events.py:691: in run_until_complete
    return future.result()
           ^^^^^^^^^^^^^^^
.venv/lib/python3.12/site-packages/pytest_asyncio/plugin.py:403: in setup
    res = await gen_obj.__anext__()
          ^^^^^^^^^^^^^^^^^^^^^^^^^
tests/conftest.py:96: in client
    from app.main import app
app/main.py:41: in <module>
    from app.routers import sistema
_ _ _ _ _ _ _ _ _ _ _ _ _ _ _ _ _ _ _ _ _ _ _ _ _ _ _ _ _ _ _ _ _ _ _ _ _ _ _ _ 

    from fastapi import APIRouter, Depends, HTTPException
    from typing import List
    from datetime import datetime
    from app.database import erros_sistema
    from app.schemas.sistema import ErrorLogCreate, ErrorLogResponse
    from app.security import get_usuario_atual
>   from app.schemas.auth import UserInDB
E   ModuleNotFoundError: No module named 'app.schemas.auth'

app/routers/sistema.py:7: ModuleNotFoundError
_ ERROR at setup of TestValidacaoEndpoints.test_treinamento_arquivo_id_invalido_retorna_400 _

self = <Coroutine test_treinamento_arquivo_id_invalido_retorna_400>

    def setup(self) -> None:
        runner_fixture_id = f"_{self._loop_scope}_scoped_runner"
        if runner_fixture_id not in self.fixturenames:
            self.fixturenames.append(runner_fixture_id)
        # When loop factories are configured, resolve the loop factory
        # fixture early so that a factory variant change cascades cache
        # invalidation before any async fixture checks its cache.
        hook_caller = self.config.hook.pytest_asyncio_loop_factories
        if hook_caller.get_hookimpls():
            _ = self._request.getfixturevalue(_asyncio_loop_factory.__name__)
>       return super().setup()
               ^^^^^^^^^^^^^^^

.venv/lib/python3.12/site-packages/pytest_asyncio/plugin.py:558: 
_ _ _ _ _ _ _ _ _ _ _ _ _ _ _ _ _ _ _ _ _ _ _ _ _ _ _ _ _ _ _ _ _ _ _ _ _ _ _ _ 
.venv/lib/python3.12/site-packages/pytest_asyncio/plugin.py:944: in pytest_fixture_setup
    hook_result = yield
                  ^^^^^
.venv/lib/python3.12/site-packages/pytest_asyncio/plugin.py:407: in _asyncgen_fixture_wrapper
    result = runner.run(setup(), context=context)
             ^^^^^^^^^^^^^^^^^^^^^^^^^^^^^^^^^^^^
/opt/homebrew/Cellar/python@3.12/3.12.13_4/Frameworks/Python.framework/Versions/3.12/lib/python3.12/asyncio/runners.py:118: in run
    return self._loop.run_until_complete(task)
           ^^^^^^^^^^^^^^^^^^^^^^^^^^^^^^^^^^^
/opt/homebrew/Cellar/python@3.12/3.12.13_4/Frameworks/Python.framework/Versions/3.12/lib/python3.12/asyncio/base_events.py:691: in run_until_complete
    return future.result()
           ^^^^^^^^^^^^^^^
.venv/lib/python3.12/site-packages/pytest_asyncio/plugin.py:403: in setup
    res = await gen_obj.__anext__()
          ^^^^^^^^^^^^^^^^^^^^^^^^^
tests/conftest.py:96: in client
    from app.main import app
app/main.py:41: in <module>
    from app.routers import sistema
_ _ _ _ _ _ _ _ _ _ _ _ _ _ _ _ _ _ _ _ _ _ _ _ _ _ _ _ _ _ _ _ _ _ _ _ _ _ _ _ 

    from fastapi import APIRouter, Depends, HTTPException
    from typing import List
    from datetime import datetime
    from app.database import erros_sistema
    from app.schemas.sistema import ErrorLogCreate, ErrorLogResponse
    from app.security import get_usuario_atual
>   from app.schemas.auth import UserInDB
E   ModuleNotFoundError: No module named 'app.schemas.auth'

app/routers/sistema.py:7: ModuleNotFoundError
_______ ERROR at setup of TestPairplot.test_pairplot_retorna_imagem_png ________

self = <Coroutine test_pairplot_retorna_imagem_png>

    def setup(self) -> None:
        runner_fixture_id = f"_{self._loop_scope}_scoped_runner"
        if runner_fixture_id not in self.fixturenames:
            self.fixturenames.append(runner_fixture_id)
        # When loop factories are configured, resolve the loop factory
        # fixture early so that a factory variant change cascades cache
        # invalidation before any async fixture checks its cache.
        hook_caller = self.config.hook.pytest_asyncio_loop_factories
        if hook_caller.get_hookimpls():
            _ = self._request.getfixturevalue(_asyncio_loop_factory.__name__)
>       return super().setup()
               ^^^^^^^^^^^^^^^

.venv/lib/python3.12/site-packages/pytest_asyncio/plugin.py:558: 
_ _ _ _ _ _ _ _ _ _ _ _ _ _ _ _ _ _ _ _ _ _ _ _ _ _ _ _ _ _ _ _ _ _ _ _ _ _ _ _ 
.venv/lib/python3.12/site-packages/pytest_asyncio/plugin.py:944: in pytest_fixture_setup
    hook_result = yield
                  ^^^^^
.venv/lib/python3.12/site-packages/pytest_asyncio/plugin.py:407: in _asyncgen_fixture_wrapper
    result = runner.run(setup(), context=context)
             ^^^^^^^^^^^^^^^^^^^^^^^^^^^^^^^^^^^^
/opt/homebrew/Cellar/python@3.12/3.12.13_4/Frameworks/Python.framework/Versions/3.12/lib/python3.12/asyncio/runners.py:118: in run
    return self._loop.run_until_complete(task)
           ^^^^^^^^^^^^^^^^^^^^^^^^^^^^^^^^^^^
/opt/homebrew/Cellar/python@3.12/3.12.13_4/Frameworks/Python.framework/Versions/3.12/lib/python3.12/asyncio/base_events.py:691: in run_until_complete
    return future.result()
           ^^^^^^^^^^^^^^^
.venv/lib/python3.12/site-packages/pytest_asyncio/plugin.py:403: in setup
    res = await gen_obj.__anext__()
          ^^^^^^^^^^^^^^^^^^^^^^^^^
tests/conftest.py:96: in client
    from app.main import app
app/main.py:41: in <module>
    from app.routers import sistema
_ _ _ _ _ _ _ _ _ _ _ _ _ _ _ _ _ _ _ _ _ _ _ _ _ _ _ _ _ _ _ _ _ _ _ _ _ _ _ _ 

    from fastapi import APIRouter, Depends, HTTPException
    from typing import List
    from datetime import datetime
    from app.database import erros_sistema
    from app.schemas.sistema import ErrorLogCreate, ErrorLogResponse
    from app.security import get_usuario_atual
>   from app.schemas.auth import UserInDB
E   ModuleNotFoundError: No module named 'app.schemas.auth'

app/routers/sistema.py:7: ModuleNotFoundError
________ ERROR at setup of TestPairplot.test_pairplot_usa_hue_explicito ________

self = <Coroutine test_pairplot_usa_hue_explicito>

    def setup(self) -> None:
        runner_fixture_id = f"_{self._loop_scope}_scoped_runner"
        if runner_fixture_id not in self.fixturenames:
            self.fixturenames.append(runner_fixture_id)
        # When loop factories are configured, resolve the loop factory
        # fixture early so that a factory variant change cascades cache
        # invalidation before any async fixture checks its cache.
        hook_caller = self.config.hook.pytest_asyncio_loop_factories
        if hook_caller.get_hookimpls():
            _ = self._request.getfixturevalue(_asyncio_loop_factory.__name__)
>       return super().setup()
               ^^^^^^^^^^^^^^^

.venv/lib/python3.12/site-packages/pytest_asyncio/plugin.py:558: 
_ _ _ _ _ _ _ _ _ _ _ _ _ _ _ _ _ _ _ _ _ _ _ _ _ _ _ _ _ _ _ _ _ _ _ _ _ _ _ _ 
.venv/lib/python3.12/site-packages/pytest_asyncio/plugin.py:944: in pytest_fixture_setup
    hook_result = yield
                  ^^^^^
.venv/lib/python3.12/site-packages/pytest_asyncio/plugin.py:407: in _asyncgen_fixture_wrapper
    result = runner.run(setup(), context=context)
             ^^^^^^^^^^^^^^^^^^^^^^^^^^^^^^^^^^^^
/opt/homebrew/Cellar/python@3.12/3.12.13_4/Frameworks/Python.framework/Versions/3.12/lib/python3.12/asyncio/runners.py:118: in run
    return self._loop.run_until_complete(task)
           ^^^^^^^^^^^^^^^^^^^^^^^^^^^^^^^^^^^
/opt/homebrew/Cellar/python@3.12/3.12.13_4/Frameworks/Python.framework/Versions/3.12/lib/python3.12/asyncio/base_events.py:691: in run_until_complete
    return future.result()
           ^^^^^^^^^^^^^^^
.venv/lib/python3.12/site-packages/pytest_asyncio/plugin.py:403: in setup
    res = await gen_obj.__anext__()
          ^^^^^^^^^^^^^^^^^^^^^^^^^
tests/conftest.py:96: in client
    from app.main import app
app/main.py:41: in <module>
    from app.routers import sistema
_ _ _ _ _ _ _ _ _ _ _ _ _ _ _ _ _ _ _ _ _ _ _ _ _ _ _ _ _ _ _ _ _ _ _ _ _ _ _ _ 

    from fastapi import APIRouter, Depends, HTTPException
    from typing import List
    from datetime import datetime
    from app.database import erros_sistema
    from app.schemas.sistema import ErrorLogCreate, ErrorLogResponse
    from app.security import get_usuario_atual
>   from app.schemas.auth import UserInDB
E   ModuleNotFoundError: No module named 'app.schemas.auth'

app/routers/sistema.py:7: ModuleNotFoundError
_____ ERROR at setup of TestPairplot.test_pairplot_colunas_personalizadas ______

self = <Coroutine test_pairplot_colunas_personalizadas>

    def setup(self) -> None:
        runner_fixture_id = f"_{self._loop_scope}_scoped_runner"
        if runner_fixture_id not in self.fixturenames:
            self.fixturenames.append(runner_fixture_id)
        # When loop factories are configured, resolve the loop factory
        # fixture early so that a factory variant change cascades cache
        # invalidation before any async fixture checks its cache.
        hook_caller = self.config.hook.pytest_asyncio_loop_factories
        if hook_caller.get_hookimpls():
            _ = self._request.getfixturevalue(_asyncio_loop_factory.__name__)
>       return super().setup()
               ^^^^^^^^^^^^^^^

.venv/lib/python3.12/site-packages/pytest_asyncio/plugin.py:558: 
_ _ _ _ _ _ _ _ _ _ _ _ _ _ _ _ _ _ _ _ _ _ _ _ _ _ _ _ _ _ _ _ _ _ _ _ _ _ _ _ 
.venv/lib/python3.12/site-packages/pytest_asyncio/plugin.py:944: in pytest_fixture_setup
    hook_result = yield
                  ^^^^^
.venv/lib/python3.12/site-packages/pytest_asyncio/plugin.py:407: in _asyncgen_fixture_wrapper
    result = runner.run(setup(), context=context)
             ^^^^^^^^^^^^^^^^^^^^^^^^^^^^^^^^^^^^
/opt/homebrew/Cellar/python@3.12/3.12.13_4/Frameworks/Python.framework/Versions/3.12/lib/python3.12/asyncio/runners.py:118: in run
    return self._loop.run_until_complete(task)
           ^^^^^^^^^^^^^^^^^^^^^^^^^^^^^^^^^^^
/opt/homebrew/Cellar/python@3.12/3.12.13_4/Frameworks/Python.framework/Versions/3.12/lib/python3.12/asyncio/base_events.py:691: in run_until_complete
    return future.result()
           ^^^^^^^^^^^^^^^
.venv/lib/python3.12/site-packages/pytest_asyncio/plugin.py:403: in setup
    res = await gen_obj.__anext__()
          ^^^^^^^^^^^^^^^^^^^^^^^^^
tests/conftest.py:96: in client
    from app.main import app
app/main.py:41: in <module>
    from app.routers import sistema
_ _ _ _ _ _ _ _ _ _ _ _ _ _ _ _ _ _ _ _ _ _ _ _ _ _ _ _ _ _ _ _ _ _ _ _ _ _ _ _ 

    from fastapi import APIRouter, Depends, HTTPException
    from typing import List
    from datetime import datetime
    from app.database import erros_sistema
    from app.schemas.sistema import ErrorLogCreate, ErrorLogResponse
    from app.security import get_usuario_atual
>   from app.schemas.auth import UserInDB
E   ModuleNotFoundError: No module named 'app.schemas.auth'

app/routers/sistema.py:7: ModuleNotFoundError
_____ ERROR at setup of TestPairplot.test_pairplot_arquivo_nao_encontrado ______

self = <Coroutine test_pairplot_arquivo_nao_encontrado>

    def setup(self) -> None:
        runner_fixture_id = f"_{self._loop_scope}_scoped_runner"
        if runner_fixture_id not in self.fixturenames:
            self.fixturenames.append(runner_fixture_id)
        # When loop factories are configured, resolve the loop factory
        # fixture early so that a factory variant change cascades cache
        # invalidation before any async fixture checks its cache.
        hook_caller = self.config.hook.pytest_asyncio_loop_factories
        if hook_caller.get_hookimpls():
            _ = self._request.getfixturevalue(_asyncio_loop_factory.__name__)
>       return super().setup()
               ^^^^^^^^^^^^^^^

.venv/lib/python3.12/site-packages/pytest_asyncio/plugin.py:558: 
_ _ _ _ _ _ _ _ _ _ _ _ _ _ _ _ _ _ _ _ _ _ _ _ _ _ _ _ _ _ _ _ _ _ _ _ _ _ _ _ 
.venv/lib/python3.12/site-packages/pytest_asyncio/plugin.py:944: in pytest_fixture_setup
    hook_result = yield
                  ^^^^^
.venv/lib/python3.12/site-packages/pytest_asyncio/plugin.py:407: in _asyncgen_fixture_wrapper
    result = runner.run(setup(), context=context)
             ^^^^^^^^^^^^^^^^^^^^^^^^^^^^^^^^^^^^
/opt/homebrew/Cellar/python@3.12/3.12.13_4/Frameworks/Python.framework/Versions/3.12/lib/python3.12/asyncio/runners.py:118: in run
    return self._loop.run_until_complete(task)
           ^^^^^^^^^^^^^^^^^^^^^^^^^^^^^^^^^^^
/opt/homebrew/Cellar/python@3.12/3.12.13_4/Frameworks/Python.framework/Versions/3.12/lib/python3.12/asyncio/base_events.py:691: in run_until_complete
    return future.result()
           ^^^^^^^^^^^^^^^
.venv/lib/python3.12/site-packages/pytest_asyncio/plugin.py:403: in setup
    res = await gen_obj.__anext__()
          ^^^^^^^^^^^^^^^^^^^^^^^^^
tests/conftest.py:96: in client
    from app.main import app
app/main.py:41: in <module>
    from app.routers import sistema
_ _ _ _ _ _ _ _ _ _ _ _ _ _ _ _ _ _ _ _ _ _ _ _ _ _ _ _ _ _ _ _ _ _ _ _ _ _ _ _ 

    from fastapi import APIRouter, Depends, HTTPException
    from typing import List
    from datetime import datetime
    from app.database import erros_sistema
    from app.schemas.sistema import ErrorLogCreate, ErrorLogResponse
    from app.security import get_usuario_atual
>   from app.schemas.auth import UserInDB
E   ModuleNotFoundError: No module named 'app.schemas.auth'

app/routers/sistema.py:7: ModuleNotFoundError
___ ERROR at setup of TestPairplot.test_pairplot_configuracao_nao_encontrada ___

self = <Coroutine test_pairplot_configuracao_nao_encontrada>

    def setup(self) -> None:
        runner_fixture_id = f"_{self._loop_scope}_scoped_runner"
        if runner_fixture_id not in self.fixturenames:
            self.fixturenames.append(runner_fixture_id)
        # When loop factories are configured, resolve the loop factory
        # fixture early so that a factory variant change cascades cache
        # invalidation before any async fixture checks its cache.
        hook_caller = self.config.hook.pytest_asyncio_loop_factories
        if hook_caller.get_hookimpls():
            _ = self._request.getfixturevalue(_asyncio_loop_factory.__name__)
>       return super().setup()
               ^^^^^^^^^^^^^^^

.venv/lib/python3.12/site-packages/pytest_asyncio/plugin.py:558: 
_ _ _ _ _ _ _ _ _ _ _ _ _ _ _ _ _ _ _ _ _ _ _ _ _ _ _ _ _ _ _ _ _ _ _ _ _ _ _ _ 
.venv/lib/python3.12/site-packages/pytest_asyncio/plugin.py:944: in pytest_fixture_setup
    hook_result = yield
                  ^^^^^
.venv/lib/python3.12/site-packages/pytest_asyncio/plugin.py:407: in _asyncgen_fixture_wrapper
    result = runner.run(setup(), context=context)
             ^^^^^^^^^^^^^^^^^^^^^^^^^^^^^^^^^^^^
/opt/homebrew/Cellar/python@3.12/3.12.13_4/Frameworks/Python.framework/Versions/3.12/lib/python3.12/asyncio/runners.py:118: in run
    return self._loop.run_until_complete(task)
           ^^^^^^^^^^^^^^^^^^^^^^^^^^^^^^^^^^^
/opt/homebrew/Cellar/python@3.12/3.12.13_4/Frameworks/Python.framework/Versions/3.12/lib/python3.12/asyncio/base_events.py:691: in run_until_complete
    return future.result()
           ^^^^^^^^^^^^^^^
.venv/lib/python3.12/site-packages/pytest_asyncio/plugin.py:403: in setup
    res = await gen_obj.__anext__()
          ^^^^^^^^^^^^^^^^^^^^^^^^^
tests/conftest.py:96: in client
    from app.main import app
app/main.py:41: in <module>
    from app.routers import sistema
_ _ _ _ _ _ _ _ _ _ _ _ _ _ _ _ _ _ _ _ _ _ _ _ _ _ _ _ _ _ _ _ _ _ _ _ _ _ _ _ 

    from fastapi import APIRouter, Depends, HTTPException
    from typing import List
    from datetime import datetime
    from app.database import erros_sistema
    from app.schemas.sistema import ErrorLogCreate, ErrorLogResponse
    from app.security import get_usuario_atual
>   from app.schemas.auth import UserInDB
E   ModuleNotFoundError: No module named 'app.schemas.auth'

app/routers/sistema.py:7: ModuleNotFoundError
__ ERROR at setup of TestPairplot.test_pairplot_colunas_invalidas_retorna_400 __

self = <Coroutine test_pairplot_colunas_invalidas_retorna_400>

    def setup(self) -> None:
        runner_fixture_id = f"_{self._loop_scope}_scoped_runner"
        if runner_fixture_id not in self.fixturenames:
            self.fixturenames.append(runner_fixture_id)
        # When loop factories are configured, resolve the loop factory
        # fixture early so that a factory variant change cascades cache
        # invalidation before any async fixture checks its cache.
        hook_caller = self.config.hook.pytest_asyncio_loop_factories
        if hook_caller.get_hookimpls():
            _ = self._request.getfixturevalue(_asyncio_loop_factory.__name__)
>       return super().setup()
               ^^^^^^^^^^^^^^^

.venv/lib/python3.12/site-packages/pytest_asyncio/plugin.py:558: 
_ _ _ _ _ _ _ _ _ _ _ _ _ _ _ _ _ _ _ _ _ _ _ _ _ _ _ _ _ _ _ _ _ _ _ _ _ _ _ _ 
.venv/lib/python3.12/site-packages/pytest_asyncio/plugin.py:944: in pytest_fixture_setup
    hook_result = yield
                  ^^^^^
.venv/lib/python3.12/site-packages/pytest_asyncio/plugin.py:407: in _asyncgen_fixture_wrapper
    result = runner.run(setup(), context=context)
             ^^^^^^^^^^^^^^^^^^^^^^^^^^^^^^^^^^^^
/opt/homebrew/Cellar/python@3.12/3.12.13_4/Frameworks/Python.framework/Versions/3.12/lib/python3.12/asyncio/runners.py:118: in run
    return self._loop.run_until_complete(task)
           ^^^^^^^^^^^^^^^^^^^^^^^^^^^^^^^^^^^
/opt/homebrew/Cellar/python@3.12/3.12.13_4/Frameworks/Python.framework/Versions/3.12/lib/python3.12/asyncio/base_events.py:691: in run_until_complete
    return future.result()
           ^^^^^^^^^^^^^^^
.venv/lib/python3.12/site-packages/pytest_asyncio/plugin.py:403: in setup
    res = await gen_obj.__anext__()
          ^^^^^^^^^^^^^^^^^^^^^^^^^
tests/conftest.py:96: in client
    from app.main import app
app/main.py:41: in <module>
    from app.routers import sistema
_ _ _ _ _ _ _ _ _ _ _ _ _ _ _ _ _ _ _ _ _ _ _ _ _ _ _ _ _ _ _ _ _ _ _ _ _ _ _ _ 

    from fastapi import APIRouter, Depends, HTTPException
    from typing import List
    from datetime import datetime
    from app.database import erros_sistema
    from app.schemas.sistema import ErrorLogCreate, ErrorLogResponse
    from app.security import get_usuario_atual
>   from app.schemas.auth import UserInDB
E   ModuleNotFoundError: No module named 'app.schemas.auth'

app/routers/sistema.py:7: ModuleNotFoundError
__ ERROR at setup of TestPairplot.test_pairplot_objectid_invalido_retorna_400 __

self = <Coroutine test_pairplot_objectid_invalido_retorna_400>

    def setup(self) -> None:
        runner_fixture_id = f"_{self._loop_scope}_scoped_runner"
        if runner_fixture_id not in self.fixturenames:
            self.fixturenames.append(runner_fixture_id)
        # When loop factories are configured, resolve the loop factory
        # fixture early so that a factory variant change cascades cache
        # invalidation before any async fixture checks its cache.
        hook_caller = self.config.hook.pytest_asyncio_loop_factories
        if hook_caller.get_hookimpls():
            _ = self._request.getfixturevalue(_asyncio_loop_factory.__name__)
>       return super().setup()
               ^^^^^^^^^^^^^^^

.venv/lib/python3.12/site-packages/pytest_asyncio/plugin.py:558: 
_ _ _ _ _ _ _ _ _ _ _ _ _ _ _ _ _ _ _ _ _ _ _ _ _ _ _ _ _ _ _ _ _ _ _ _ _ _ _ _ 
.venv/lib/python3.12/site-packages/pytest_asyncio/plugin.py:944: in pytest_fixture_setup
    hook_result = yield
                  ^^^^^
.venv/lib/python3.12/site-packages/pytest_asyncio/plugin.py:407: in _asyncgen_fixture_wrapper
    result = runner.run(setup(), context=context)
             ^^^^^^^^^^^^^^^^^^^^^^^^^^^^^^^^^^^^
/opt/homebrew/Cellar/python@3.12/3.12.13_4/Frameworks/Python.framework/Versions/3.12/lib/python3.12/asyncio/runners.py:118: in run
    return self._loop.run_until_complete(task)
           ^^^^^^^^^^^^^^^^^^^^^^^^^^^^^^^^^^^
/opt/homebrew/Cellar/python@3.12/3.12.13_4/Frameworks/Python.framework/Versions/3.12/lib/python3.12/asyncio/base_events.py:691: in run_until_complete
    return future.result()
           ^^^^^^^^^^^^^^^
.venv/lib/python3.12/site-packages/pytest_asyncio/plugin.py:403: in setup
    res = await gen_obj.__anext__()
          ^^^^^^^^^^^^^^^^^^^^^^^^^
tests/conftest.py:96: in client
    from app.main import app
app/main.py:41: in <module>
    from app.routers import sistema
_ _ _ _ _ _ _ _ _ _ _ _ _ _ _ _ _ _ _ _ _ _ _ _ _ _ _ _ _ _ _ _ _ _ _ _ _ _ _ _ 

    from fastapi import APIRouter, Depends, HTTPException
    from typing import List
    from datetime import datetime
    from app.database import erros_sistema
    from app.schemas.sistema import ErrorLogCreate, ErrorLogResponse
    from app.security import get_usuario_atual
>   from app.schemas.auth import UserInDB
E   ModuleNotFoundError: No module named 'app.schemas.auth'

app/routers/sistema.py:7: ModuleNotFoundError
=================================== FAILURES ===================================
_______________ TestIndiceTTL.test_cria_indice_ttl_no_timestamp ________________

self = <test_atividade.TestIndiceTTL object at 0x120f74f80>
monkeypatch = <_pytest.monkeypatch.MonkeyPatch object at 0x140a558e0>

    @pytest.mark.asyncio
    async def test_cria_indice_ttl_no_timestamp(self, monkeypatch):
>       import app.main as main

tests/test_atividade.py:246: 
_ _ _ _ _ _ _ _ _ _ _ _ _ _ _ _ _ _ _ _ _ _ _ _ _ _ _ _ _ _ _ _ _ _ _ _ _ _ _ _ 
app/main.py:41: in <module>
    from app.routers import sistema
_ _ _ _ _ _ _ _ _ _ _ _ _ _ _ _ _ _ _ _ _ _ _ _ _ _ _ _ _ _ _ _ _ _ _ _ _ _ _ _ 

    from fastapi import APIRouter, Depends, HTTPException
    from typing import List
    from datetime import datetime
    from app.database import erros_sistema
    from app.schemas.sistema import ErrorLogCreate, ErrorLogResponse
    from app.security import get_usuario_atual
>   from app.schemas.auth import UserInDB
E   ModuleNotFoundError: No module named 'app.schemas.auth'

app/routers/sistema.py:7: ModuleNotFoundError
________________ TestIndiceTTL.test_ttl_desativado_quando_zero _________________

self = <test_atividade.TestIndiceTTL object at 0x120f74800>
monkeypatch = <_pytest.monkeypatch.MonkeyPatch object at 0x140a96600>

    @pytest.mark.asyncio
    async def test_ttl_desativado_quando_zero(self, monkeypatch):
>       import app.main as main

tests/test_atividade.py:260: 
_ _ _ _ _ _ _ _ _ _ _ _ _ _ _ _ _ _ _ _ _ _ _ _ _ _ _ _ _ _ _ _ _ _ _ _ _ _ _ _ 
app/main.py:41: in <module>
    from app.routers import sistema
_ _ _ _ _ _ _ _ _ _ _ _ _ _ _ _ _ _ _ _ _ _ _ _ _ _ _ _ _ _ _ _ _ _ _ _ _ _ _ _ 

    from fastapi import APIRouter, Depends, HTTPException
    from typing import List
    from datetime import datetime
    from app.database import erros_sistema
    from app.schemas.sistema import ErrorLogCreate, ErrorLogResponse
    from app.security import get_usuario_atual
>   from app.schemas.auth import UserInDB
E   ModuleNotFoundError: No module named 'app.schemas.auth'

app/routers/sistema.py:7: ModuleNotFoundError
=============================== warnings summary ===============================
.venv/lib/python3.12/site-packages/starlette/formparsers.py:12
  /Users/ulissescorrea/Projetos/Iana/ensinado-aprendizado-maquina-back/.venv/lib/python3.12/site-packages/starlette/formparsers.py:12: PendingDeprecationWarning: Please use `import python_multipart` instead.
    import multipart

.venv/lib/python3.12/site-packages/passlib/utils/__init__.py:854
  /Users/ulissescorrea/Projetos/Iana/ensinado-aprendizado-maquina-back/.venv/lib/python3.12/site-packages/passlib/utils/__init__.py:854: DeprecationWarning: 'crypt' is deprecated and slated for removal in Python 3.13
    from crypt import crypt as _crypt

tests/test_artefatos.py::TestListarRuns::test_admin_lista_por_usuario
  /Users/ulissescorrea/Projetos/Iana/ensinado-aprendizado-maquina-back/app/schemas/usuarios.py:14: PydanticDeprecatedSince20: Pydantic V1 style `@validator` validators are deprecated. You should migrate to Pydantic V2 style `@field_validator` validators, see the migration guide for more details. Deprecated in Pydantic V2.0 to be removed in V3.0. See Pydantic V2 Migration Guide at https://errors.pydantic.dev/2.7/migration/
    @validator("verificador", always=True)

tests/test_artefatos.py::TestListarRuns::test_admin_lista_por_usuario
  /Users/ulissescorrea/Projetos/Iana/ensinado-aprendizado-maquina-back/app/schemas/usuarios.py:20: PydanticDeprecatedSince20: Pydantic V1 style `@validator` validators are deprecated. You should migrate to Pydantic V2 style `@field_validator` validators, see the migration guide for more details. Deprecated in Pydantic V2.0 to be removed in V3.0. See Pydantic V2 Migration Guide at https://errors.pydantic.dev/2.7/migration/
    @validator("role")

tests/test_artefatos.py::TestListarRuns::test_admin_lista_por_usuario
  /Users/ulissescorrea/Projetos/Iana/ensinado-aprendizado-maquina-back/.venv/lib/python3.12/site-packages/pydantic/_internal/_config.py:284: PydanticDeprecatedSince20: Support for class-based `config` is deprecated, use ConfigDict instead. Deprecated in Pydantic V2.0 to be removed in V3.0. See Pydantic V2 Migration Guide at https://errors.pydantic.dev/2.7/migration/
    warnings.warn(DEPRECATION_MESSAGE, DeprecationWarning)

tests/test_artefatos.py::TestListarRuns::test_admin_lista_por_usuario
  /Users/ulissescorrea/Projetos/Iana/ensinado-aprendizado-maquina-back/app/schemas/usuarios.py:49: PydanticDeprecatedSince20: Pydantic V1 style `@validator` validators are deprecated. You should migrate to Pydantic V2 style `@field_validator` validators, see the migration guide for more details. Deprecated in Pydantic V2.0 to be removed in V3.0. See Pydantic V2 Migration Guide at https://errors.pydantic.dev/2.7/migration/
    @validator("tipo")

tests/test_artefatos.py::TestListarRuns::test_admin_lista_por_usuario
  /Users/ulissescorrea/Projetos/Iana/ensinado-aprendizado-maquina-back/app/schemas/usuarios.py:71: PydanticDeprecatedSince20: Pydantic V1 style `@validator` validators are deprecated. You should migrate to Pydantic V2 style `@field_validator` validators, see the migration guide for more details. Deprecated in Pydantic V2.0 to be removed in V3.0. See Pydantic V2 Migration Guide at https://errors.pydantic.dev/2.7/migration/
    @validator("confirmar_senha")

tests/test_artefatos.py::TestListarRuns::test_admin_lista_por_usuario
tests/test_artefatos.py::TestListarRuns::test_admin_lista_por_usuario
tests/test_artefatos.py::TestListarRuns::test_admin_lista_por_usuario
tests/test_artefatos.py::TestListarRuns::test_admin_lista_por_usuario
tests/test_artefatos.py::TestListarRuns::test_admin_lista_por_usuario
tests/test_artefatos.py::TestListarRuns::test_admin_lista_por_usuario
  /Users/ulissescorrea/Projetos/Iana/ensinado-aprendizado-maquina-back/.venv/lib/python3.12/site-packages/matplotlib/_fontconfig_pattern.py:88: PyparsingDeprecationWarning: 'parseString' deprecated - use 'parse_string'
    parse = parser.parseString(pattern)

tests/test_artefatos.py::TestListarRuns::test_admin_lista_por_usuario
tests/test_artefatos.py::TestListarRuns::test_admin_lista_por_usuario
tests/test_artefatos.py::TestListarRuns::test_admin_lista_por_usuario
tests/test_artefatos.py::TestListarRuns::test_admin_lista_por_usuario
tests/test_artefatos.py::TestListarRuns::test_admin_lista_por_usuario
tests/test_artefatos.py::TestListarRuns::test_admin_lista_por_usuario
  /Users/ulissescorrea/Projetos/Iana/ensinado-aprendizado-maquina-back/.venv/lib/python3.12/site-packages/matplotlib/_fontconfig_pattern.py:92: PyparsingDeprecationWarning: 'resetCache' deprecated - use 'reset_cache'
    parser.resetCache()

tests/test_artefatos.py::TestListarRuns::test_admin_lista_por_usuario
  /Users/ulissescorrea/Projetos/Iana/ensinado-aprendizado-maquina-back/.venv/lib/python3.12/site-packages/matplotlib/_mathtext.py:45: PyparsingDeprecationWarning: 'enablePackrat' deprecated - use 'enable_packrat'
    ParserElement.enablePackrat()

tests/test_conf_pipeline_catalogo.py::test_get_modelos_sem_flags_nao_quebra
  /Users/ulissescorrea/Projetos/Iana/ensinado-aprendizado-maquina-back/.venv/lib/python3.12/site-packages/yellowbrick/style/colors.py:35: DeprecationWarning: distutils Version classes are deprecated. Use packaging.version instead.
    mpl_ge_150 = LooseVersion(mpl.__version__) >= "1.5.0"

tests/test_conf_pipeline_catalogo.py::test_get_modelos_sem_flags_nao_quebra
tests/test_conf_pipeline_catalogo.py::test_get_modelos_sem_flags_nao_quebra
  /Users/ulissescorrea/Projetos/Iana/ensinado-aprendizado-maquina-back/.venv/lib/python3.12/site-packages/setuptools/_distutils/version.py:336: DeprecationWarning: distutils Version classes are deprecated. Use packaging.version instead.
    other = LooseVersion(other)

tests/test_conf_pipeline_catalogo.py::test_get_modelos_sem_flags_nao_quebra
  /Users/ulissescorrea/Projetos/Iana/ensinado-aprendizado-maquina-back/.venv/lib/python3.12/site-packages/yellowbrick/style/rcmod.py:31: DeprecationWarning: distutils Version classes are deprecated. Use packaging.version instead.
    mpl_ge_150 = LooseVersion(mpl.__version__) >= "1.5.0"

tests/test_security.py::TestJWT::test_token_com_secret_errado
  /Users/ulissescorrea/Projetos/Iana/ensinado-aprendizado-maquina-back/.venv/lib/python3.12/site-packages/jwt/api_jwt.py:147: InsecureKeyLengthWarning: The HMAC key is 12 bytes long, which is below the minimum recommended length of 32 bytes for SHA256. See RFC 7518 Section 3.2.
    return self._jws.encode(

-- Docs: https://docs.pytest.org/en/stable/how-to/capture-warnings.html
=========================== short test summary info ============================
FAILED tests/test_atividade.py::TestIndiceTTL::test_cria_indice_ttl_no_timestamp
FAILED tests/test_atividade.py::TestIndiceTTL::test_ttl_desativado_quando_zero
ERROR tests/test_artefatos.py::TestListarRuns::test_admin_lista_por_usuario
ERROR tests/test_artefatos.py::TestListarRuns::test_aluno_nao_pode_listar - M...
ERROR tests/test_artefatos.py::TestListarRuns::test_lista_data_invalida_400
ERROR tests/test_artefatos.py::test_503_quando_mlflow_desativado - ModuleNotF...
ERROR tests/test_artefatos.py::test_404_quando_run_nao_existe - ModuleNotFoun...
ERROR tests/test_artefatos.py::test_200_devolve_summary - ModuleNotFoundError...
ERROR tests/test_artefatos.py::test_400_run_id_invalido - ModuleNotFoundError...
ERROR tests/test_atividade.py::TestRegistrarAtividade::test_lote_grava_eventos
ERROR tests/test_atividade.py::TestRegistrarAtividade::test_lote_acima_do_limite_retorna_413
ERROR tests/test_atividade.py::TestRegistrarAtividade::test_lote_exige_autenticacao
ERROR tests/test_atividade.py::TestRegistrarAtividade::test_evento_unico - Mo...
ERROR tests/test_atividade.py::TestRateLimit::test_excesso_retorna_429 - Modu...
ERROR tests/test_atividade.py::TestRateLimit::test_dentro_do_limite_grava - M...
ERROR tests/test_atividade.py::TestValidacaoSchema::test_status_invalido_422
ERROR tests/test_atividade.py::TestValidacaoSchema::test_tipo_invalido_422 - ...
ERROR tests/test_atividade.py::TestValidacaoSchema::test_duracao_negativa_422
ERROR tests/test_atividade.py::TestValidacaoSchema::test_timestamp_invalido_e_descartado
ERROR tests/test_atividade.py::TestConsultaAtividades::test_aluno_nao_pode_listar
ERROR tests/test_atividade.py::TestConsultaAtividades::test_admin_lista - Mod...
ERROR tests/test_atividade.py::TestConsultaAtividades::test_admin_resumo - Mo...
ERROR tests/test_atividade.py::TestConsultaAtividades::test_resumo_vazio_nao_quebra
ERROR tests/test_atividade.py::TestConsultaAtividades::test_listar_sem_total
ERROR tests/test_atividade.py::TestConsultaAtividades::test_listar_data_invalida_400
ERROR tests/test_atividade.py::TestConsultaAtividades::test_tempo_preso - Mod...
ERROR tests/test_atividade.py::TestConsultaAtividades::test_tempo_preso_aluno_403
ERROR tests/test_atividade.py::TestChatRegistraAtividade::test_chat_sucesso_registra
ERROR tests/test_atividade.py::TestChatRegistraAtividade::test_chat_erro_registra_e_propaga
ERROR tests/test_atividade.py::TestChatRegistraAtividade::test_falha_ao_registrar_nao_quebra_chat
ERROR tests/test_autenticacao.py::TestLogin::test_login_credenciais_invalidas
ERROR tests/test_autenticacao.py::TestLogin::test_login_senha_incorreta - Mod...
ERROR tests/test_autenticacao.py::TestLogin::test_login_sucesso - ModuleNotFo...
ERROR tests/test_autenticacao.py::TestRateLimit::test_login_bloqueia_apos_20_tentativas
ERROR tests/test_autenticacao.py::TestAutorizacaoPorPapel::test_aluno_nao_gera_verificador
ERROR tests/test_autenticacao.py::TestAutorizacaoPorPapel::test_admin_gera_verificador
ERROR tests/test_autenticacao.py::TestRotaProtegida::test_rota_protegida_sem_token
ERROR tests/test_autenticacao.py::TestRotaProtegida::test_rota_protegida_token_invalido
ERROR tests/test_chat_tutor.py::TestChatTutor::test_chat_responde_com_contexto
ERROR tests/test_chat_tutor.py::TestChatTutor::test_chat_sem_chave_retorna_503
ERROR tests/test_chat_tutor.py::TestChatTutor::test_chat_sem_mensagem_usuario_retorna_400
ERROR tests/test_chat_tutor.py::TestChatTutor::test_put_modelo_nao_colide_com_catch_all
ERROR tests/test_chat_tutor.py::TestHistoricoChat::test_listar_historico_usa_id_do_usuario
ERROR tests/test_coleta_dados_csv.py::TestUploadCSV::test_upload_csv_sucesso
ERROR tests/test_coleta_dados_csv.py::TestUploadCSV::test_upload_tsv_sucesso
ERROR tests/test_coleta_dados_csv.py::TestUploadCSV::test_upload_csv_com_test_size
ERROR tests/test_coleta_dados_csv.py::TestUploadCSV::test_upload_csv_com_shuffle_e_estratificacao
ERROR tests/test_coleta_dados_csv.py::TestUploadCSV::test_upload_csv_com_id_coleta
ERROR tests/test_coleta_dados_csv.py::TestUploadCSV::test_upload_csv_arquivo_invalido
ERROR tests/test_coleta_dados_csv.py::TestUploadCSV::test_upload_csv_sem_autenticacao
ERROR tests/test_coleta_dados_csv.py::TestUploadCSV::test_upload_csv_test_size_invalido_retorna_400
ERROR tests/test_coleta_dados_csv.py::TestUploadCSV::test_upload_csv_estratificacao_classe_unica_retorna_400
ERROR tests/test_coleta_dados_csv.py::TestUploadCSV::test_upload_csv_conteudo_preview
ERROR tests/test_coleta_url.py::test_endpoint_rejeita_url_interna - ModuleNot...
ERROR tests/test_conf_pipeline_catalogo.py::test_get_modelos_sem_flags_nao_quebra
ERROR tests/test_conf_pipeline_catalogo.py::test_post_item_aluno_403 - Module...
ERROR tests/test_conf_pipeline_catalogo.py::test_put_item_atualiza_e_audita
ERROR tests/test_conf_pipeline_catalogo.py::test_post_item_exige_valor_e_label
ERROR tests/test_conf_pipeline_catalogo.py::test_post_item_cria - ModuleNotFo...
ERROR tests/test_conf_pipeline_catalogo.py::test_delete_item - ModuleNotFound...
ERROR tests/test_conf_pipeline_catalogo.py::test_put_pre_processamento_doc_upsert
ERROR tests/test_conf_pipeline_execucao.py::test_put_execucao_sklearn_passa
ERROR tests/test_conf_pipeline_execucao.py::test_put_execucao_modulo_proibido_400
ERROR tests/test_conf_pipeline_execucao.py::test_put_execucao_sem_modulo_400
ERROR tests/test_conf_pipeline_execucao.py::test_put_execucao_enum_sem_opcoes_400
ERROR tests/test_conf_pipeline_execucao.py::test_put_execucao_hiperparam_duplicado_400
ERROR tests/test_conf_pipeline_execucao.py::test_put_sem_execucao_continua_funcionando
ERROR tests/test_conf_pipeline_execucao.py::test_put_pre_processamento_execucao_valida_passa
ERROR tests/test_conf_pipeline_execucao.py::test_put_execucao_metrica_com_funcao_passa
ERROR tests/test_conf_pipeline_execucao.py::test_put_execucao_classe_e_funcao_juntas_400
ERROR tests/test_conf_pipeline_execucao.py::test_post_modelo_sem_execucao_400
ERROR tests/test_conf_pipeline_execucao.py::test_post_modelo_com_execucao_seta_flags
ERROR tests/test_conf_pipeline_execucao.py::test_put_execucao_prefixo_imitacao_400
ERROR tests/test_conf_pipeline_execucao.py::test_put_pre_processamento_modulo_proibido_400
ERROR tests/test_conf_pipeline_habilitado.py::test_patch_habilitado_aluno_403
ERROR tests/test_conf_pipeline_habilitado.py::test_patch_modelo_habilitado_ok
ERROR tests/test_conf_pipeline_habilitado.py::test_patch_metrica_habilitado_id_invalido
ERROR tests/test_conf_pipeline_habilitado.py::test_patch_coleta_habilitado_nao_encontrado
ERROR tests/test_endpoints.py::TestMetricas::test_avaliar_modelos_modelo_inexistente
ERROR tests/test_endpoints.py::TestMetricas::test_avaliar_modelos_csv_multiclasse
ERROR tests/test_endpoints.py::TestMetricas::test_avaliar_modelos_dois_modelos
ERROR tests/test_endpoints.py::TestConfiguracaoTreinamento::test_get_configuracao_inexistente
ERROR tests/test_endpoints.py::TestConfiguracaoTreinamento::test_get_configuracao_sucesso
ERROR tests/test_endpoints.py::TestConfPipeline::test_get_modelos_todos - Mod...
ERROR tests/test_endpoints.py::TestConfPipeline::test_get_metricas_todos - Mo...
ERROR tests/test_endpoints.py::TestConfPipeline::test_get_coleta_dados_todos
ERROR tests/test_endpoints.py::TestHealthcheck::test_healthcheck - ModuleNotF...
ERROR tests/test_metricas_avaliacao.py::TestAvaliarModelos::test_checksum_divergente_retorna_400
ERROR tests/test_metricas_avaliacao.py::TestAvaliarModelos::test_prever_retorna_predicao
ERROR tests/test_metricas_avaliacao.py::TestAvaliarModelos::test_prever_modelo_inexistente_404
ERROR tests/test_metricas_avaliacao.py::TestAvaliarModelos::test_arquivo_teste_ausente_retorna_400
ERROR tests/test_metricas_avaliacao.py::TestAvaliarModelos::test_arquivo_teste_muito_grande_retorna_413
ERROR tests/test_metricas_avaliacao.py::TestAvaliarModelos::test_metrica_desconhecida
ERROR tests/test_metricas_avaliacao.py::TestAvaliarModelos::test_doc_sem_classes_deriva_do_modelo
ERROR tests/test_metricas_avaliacao.py::TestAvaliarModelos::test_modelo_sem_classes_attr_nao_quebra
ERROR tests/test_metricas_avaliacao.py::TestAvaliarModelos::test_avaliar_regressao_calcula_metricas
ERROR tests/test_metricas_avaliacao.py::TestAvaliarModelos::test_resultado_json_nativo
ERROR tests/test_pipelines.py::TestPipelines::test_criar_pipeline - ModuleNot...
ERROR tests/test_pipelines.py::TestPipelines::test_listar_pipelines_vazio - M...
ERROR tests/test_pipelines.py::TestPipelines::test_pipeline_nao_encontrado - ...
ERROR tests/test_pipelines.py::TestPipelines::test_nao_copia_pipeline_privado_de_outro_usuario
ERROR tests/test_pipelines.py::TestPipelines::test_copia_pipeline_publico_de_outro_usuario
ERROR tests/test_pipelines.py::TestPipelines::test_copia_pipeline_do_proprio_usuario
ERROR tests/test_pipelines.py::TestPipelines::test_listagem_default_limita_em_200
ERROR tests/test_pipelines.py::TestPipelines::test_listagem_pagina_com_skip
ERROR tests/test_pipelines.py::TestPipelines::test_galeria - ModuleNotFoundEr...
ERROR tests/test_toy_datasets.py::TestListToyDatasets::test_list_all_datasets
ERROR tests/test_toy_datasets.py::TestListToyDatasets::test_dataset_has_required_fields
ERROR tests/test_toy_datasets.py::TestListToyDatasets::test_filter_by_type - ...
ERROR tests/test_toy_datasets.py::TestListToyDatasets::test_filter_by_fonte
ERROR tests/test_toy_datasets.py::TestListToyDatasets::test_iris_in_list - Mo...
ERROR tests/test_toy_datasets.py::TestLoadToyDataset::test_load_iris - Module...
ERROR tests/test_toy_datasets.py::TestLoadToyDataset::test_load_wine - Module...
ERROR tests/test_toy_datasets.py::TestLoadToyDataset::test_gerar_classificacao
ERROR tests/test_toy_datasets.py::TestLoadToyDataset::test_gerar_blobs_sem_target
ERROR tests/test_toy_datasets.py::TestLoadToyDataset::test_gen_sorvete_regressao
ERROR tests/test_toy_datasets.py::TestLoadToyDataset::test_gen_cachorro_regressao
ERROR tests/test_toy_datasets.py::TestLoadToyDataset::test_gen_cardume_clustering
ERROR tests/test_toy_datasets.py::TestLoadToyDataset::test_load_breast_cancer
ERROR tests/test_toy_datasets.py::TestLoadToyDataset::test_load_diabetes - Mo...
ERROR tests/test_toy_datasets.py::TestLoadToyDataset::test_load_nonexistent_dataset
ERROR tests/test_toy_datasets.py::TestLoadToyDataset::test_dataset_has_dados
ERROR tests/test_toy_datasets.py::TestLoadToyDataset::test_dataset_has_colunas_detalhes
ERROR tests/test_toy_datasets.py::TestLoadToyDataset::test_with_seed_parameter
ERROR tests/test_toy_datasets.py::TestLoadToyDataset::test_dataset_has_metadata
ERROR tests/test_toy_datasets.py::TestLoadUciDataset::test_load_adult - Modul...
ERROR tests/test_toy_datasets.py::TestLoadUciDataset::test_adult_has_split_info
ERROR tests/test_treinamento.py::TestTreinamentoBase::test_treinar_knn - Modu...
ERROR tests/test_treinamento.py::TestNovosEstimadores::test_treinar_ridge - M...
ERROR tests/test_treinamento.py::TestNovosEstimadores::test_treinar_regressao_polinomial
ERROR tests/test_treinamento.py::TestNovosEstimadores::test_treinar_sgd - Mod...
ERROR tests/test_treinamento.py::TestValidacaoDadosTreino::test_arquivo_muito_grande_retorna_413
ERROR tests/test_treinamento.py::TestValidacaoDadosTreino::test_dados_com_nan_retorna_400
ERROR tests/test_treinamento.py::TestValidacaoDadosTreino::test_target_classe_unica_retorna_400
ERROR tests/test_treino_generico.py::test_rota_generica_treina_modelo_novo_via_execucao
ERROR tests/test_treino_generico.py::test_rota_generica_modelo_inexistente_404
ERROR tests/test_treino_generico.py::test_treino_recusa_modulo_proibido_no_execucao
ERROR tests/test_tutor.py::TestTutorDescricao::test_buscar_tutor_inicio - Mod...
ERROR tests/test_tutor.py::TestTutorDescricao::test_buscar_tutor_inicio_sem_explicacao
ERROR tests/test_tutor.py::TestTutorDescricao::test_buscar_tutor_coleta_dado
ERROR tests/test_tutor.py::TestTutorDescricao::test_buscar_tutor_com_textos_customizados
ERROR tests/test_tutor.py::TestTutorEditar::test_buscar_tutor_editar - Module...
ERROR tests/test_tutor.py::TestTutorEditar::test_atualizar_descricao - Module...
ERROR tests/test_tutor.py::TestTutorEditar::test_atualizar_descricao_aluno_403
ERROR tests/test_tutor.py::TestTutorEditar::test_atualizar_descricao_id_invalido
ERROR tests/test_tutor.py::TestTutorEditar::test_atualizar_modelos_preserva_supervisionado
ERROR tests/test_tutor.py::TestTutorEditar::test_atualizar_tipo_aprendizado_preserva_explicacao
ERROR tests/test_tutor_audit.py::test_listar_audit_vazio - ModuleNotFoundErro...
ERROR tests/test_tutor_audit.py::test_listar_audit_com_entradas - ModuleNotFo...
ERROR tests/test_usuarios.py::TestCriarUsuario::test_criar_usuario_sucesso - ...
ERROR tests/test_usuarios.py::TestCriarUsuario::test_criar_usuario_email_duplicado
ERROR tests/test_usuarios.py::TestCriarUsuario::test_criar_professor_sem_verificador
ERROR tests/test_usuarios.py::TestCriarUsuario::test_criar_professor_com_verificador
ERROR tests/test_usuarios.py::TestConviteEmail::test_convite_com_smtp_ok - Mo...
ERROR tests/test_usuarios.py::TestConviteEmail::test_convite_com_falha_smtp_retorna_link
ERROR tests/test_usuarios.py::TestConviteEmail::test_convite_nao_admin_retorna_403
ERROR tests/test_usuarios.py::TestGerenciarUsuarios::test_alterar_status_usuario_inexistente_retorna_404
ERROR tests/test_usuarios.py::TestGerenciarUsuarios::test_alterar_status_usuario_id_invalido_retorna_400
ERROR tests/test_validacao_objectid.py::TestValidacaoEndpoints::test_avaliar_modelos_id_invalido_retorna_400
ERROR tests/test_validacao_objectid.py::TestValidacaoEndpoints::test_upload_csv_teste_id_coleta_invalido_retorna_400
ERROR tests/test_validacao_objectid.py::TestValidacaoEndpoints::test_treinamento_arquivo_id_invalido_retorna_400
ERROR tests/test_visualizacao.py::TestPairplot::test_pairplot_retorna_imagem_png
ERROR tests/test_visualizacao.py::TestPairplot::test_pairplot_usa_hue_explicito
ERROR tests/test_visualizacao.py::TestPairplot::test_pairplot_colunas_personalizadas
ERROR tests/test_visualizacao.py::TestPairplot::test_pairplot_arquivo_nao_encontrado
ERROR tests/test_visualizacao.py::TestPairplot::test_pairplot_configuracao_nao_encontrada
ERROR tests/test_visualizacao.py::TestPairplot::test_pairplot_colunas_invalidas_retorna_400
ERROR tests/test_visualizacao.py::TestPairplot::test_pairplot_objectid_invalido_retorna_400
====== 2 failed, 122 passed, 1 skipped, 25 warnings, 166 errors in 50.14s ======
